179.153.46.45 - - [01/Sep/2014:10:23:31 -0300] "GET /images/icons/articles.png HTTP/1.1" 304 - "http://sgws11.hospedagemdesites.ws/backend_dev.php/producto" "Mozilla/5.0 (Windows NT 6.3; WOW64) AppleWebKit/537.36 (KHTML, like Gecko) Chrome/36.0.1985.143 Safari/537.36"
179.153.46.45 - - [01/Sep/2014:10:23:31 -0300] "GET /sf/sf_web_debug/images/sf.png HTTP/1.1" 404 1358 "http://sgws11.hospedagemdesites.ws/backend_dev.php/producto" "Mozilla/5.0 (Windows NT 6.3; WOW64) AppleWebKit/537.36 (KHTML, like Gecko) Chrome/36.0.1985.143 Safari/537.36"
179.153.46.45 - - [01/Sep/2014:10:23:31 -0300] "GET /sf/sf_web_debug/images/config.png HTTP/1.1" 404 1358 "http://sgws11.hospedagemdesites.ws/backend_dev.php/producto" "Mozilla/5.0 (Windows NT 6.3; WOW64) AppleWebKit/537.36 (KHTML, like Gecko) Chrome/36.0.1985.143 Safari/537.36"
179.153.46.45 - - [01/Sep/2014:10:23:31 -0300] "GET /sf/sf_web_debug/images/view.png HTTP/1.1" 404 1358 "http://sgws11.hospedagemdesites.ws/backend_dev.php/producto" "Mozilla/5.0 (Windows NT 6.3; WOW64) AppleWebKit/537.36 (KHTML, like Gecko) Chrome/36.0.1985.143 Safari/537.36"
179.153.46.45 - - [01/Sep/2014:10:23:31 -0300] "GET /sf/sf_web_debug/images/log.png HTTP/1.1" 404 1358 "http://sgws11.hospedagemdesites.ws/backend_dev.php/producto" "Mozilla/5.0 (Windows NT 6.3; WOW64) AppleWebKit/537.36 (KHTML, like Gecko) Chrome/36.0.1985.143 Safari/537.36"
179.153.46.45 - - [01/Sep/2014:10:23:31 -0300] "GET /sf/sf_web_debug/images/memory.png HTTP/1.1" 404 1358 "http://sgws11.hospedagemdesites.ws/backend_dev.php/producto" "Mozilla/5.0 (Windows NT 6.3; WOW64) AppleWebKit/537.36 (KHTML, like Gecko) Chrome/36.0.1985.143 Safari/537.36"
179.153.46.45 - - [01/Sep/2014:10:23:31 -0300] "GET /sf/sf_web_debug/images/time.png HTTP/1.1" 404 1358 "http://sgws11.hospedagemdesites.ws/backend_dev.php/producto" "Mozilla/5.0 (Windows NT 6.3; WOW64) AppleWebKit/537.36 (KHTML, like Gecko) Chrome/36.0.1985.143 Safari/537.36"
179.153.46.45 - - [01/Sep/2014:10:23:31 -0300] "GET /sf/sf_web_debug/images/close.png HTTP/1.1" 404 1358 "http://sgws11.hospedagemdesites.ws/backend_dev.php/producto" "Mozilla/5.0 (Windows NT 6.3; WOW64) AppleWebKit/537.36 (KHTML, like Gecko) Chrome/36.0.1985.143 Safari/537.36"
179.153.46.45 - - [01/Sep/2014:10:23:31 -0300] "GET /sf/sf_web_debug/images/toggle.gif HTTP/1.1" 404 1358 "http://sgws11.hospedagemdesites.ws/backend_dev.php/producto" "Mozilla/5.0 (Windows NT 6.3; WOW64) AppleWebKit/537.36 (KHTML, like Gecko) Chrome/36.0.1985.143 Safari/537.36"
179.153.46.45 - - [01/Sep/2014:10:23:31 -0300] "GET /sf/sf_web_debug/images/info.png HTTP/1.1" 404 1358 "http://sgws11.hospedagemdesites.ws/backend_dev.php/producto" "Mozilla/5.0 (Windows NT 6.3; WOW64) AppleWebKit/537.36 (KHTML, like Gecko) Chrome/36.0.1985.143 Safari/537.36"
179.153.46.45 - - [01/Sep/2014:10:23:31 -0300] "GET /sf/sf_web_debug/images/warning.png HTTP/1.1" 404 1358 "http://sgws11.hospedagemdesites.ws/backend_dev.php/producto" "Mozilla/5.0 (Windows NT 6.3; WOW64) AppleWebKit/537.36 (KHTML, like Gecko) Chrome/36.0.1985.143 Safari/537.36"
179.153.46.45 - - [01/Sep/2014:10:23:31 -0300] "GET /sf/sf_web_debug/images/error.png HTTP/1.1" 404 1358 "http://sgws11.hospedagemdesites.ws/backend_dev.php/producto" "Mozilla/5.0 (Windows NT 6.3; WOW64) AppleWebKit/537.36 (KHTML, like Gecko) Chrome/36.0.1985.143 Safari/537.36"
190.200.155.201 - - [01/Sep/2014:10:23:31 -0300] "GET /images/icons/tools-48.png HTTP/1.1" 200 3213 "http://sgws11.hospedagemdesites.ws/backend_dev.php/projeto" "Mozilla/5.0 (X11; Linux x86_64) AppleWebKit/537.36 (KHTML, like Gecko) Chrome/36.0.1985.125 Safari/537.36"
190.200.155.201 - - [01/Sep/2014:10:23:32 -0300] "GET /images/icons/faturamento.png HTTP/1.1" 200 7872 "http://sgws11.hospedagemdesites.ws/backend_dev.php/projeto" "Mozilla/5.0 (X11; Linux x86_64) AppleWebKit/537.36 (KHTML, like Gecko) Chrome/36.0.1985.125 Safari/537.36"
190.200.155.201 - - [01/Sep/2014:10:23:32 -0300] "GET /images/icons/reg_activity_2.png HTTP/1.1" 200 1353 "http://sgws11.hospedagemdesites.ws/backend_dev.php/projeto" "Mozilla/5.0 (X11; Linux x86_64) AppleWebKit/537.36 (KHTML, like Gecko) Chrome/36.0.1985.125 Safari/537.36"
190.200.155.201 - - [01/Sep/2014:10:23:33 -0300] "GET /images/icons/perm_1.png HTTP/1.1" 200 1042 "http://sgws11.hospedagemdesites.ws/backend_dev.php/projeto" "Mozilla/5.0 (X11; Linux x86_64) AppleWebKit/537.36 (KHTML, like Gecko) Chrome/36.0.1985.125 Safari/537.36"
190.200.155.201 - - [01/Sep/2014:10:23:35 -0300] "GET /images/bck_button_over.png HTTP/1.1" 200 137 "http://sgws11.hospedagemdesites.ws/backend_dev.php/projeto" "Mozilla/5.0 (X11; Linux x86_64) AppleWebKit/537.36 (KHTML, like Gecko) Chrome/36.0.1985.125 Safari/537.36"
179.153.46.45 - - [01/Sep/2014:10:23:45 -0300] "POST /backend_dev.php/producto HTTP/1.1" 200 97352 "http://sgws11.hospedagemdesites.ws/backend_dev.php/producto" "Mozilla/5.0 (Windows NT 6.3; WOW64) AppleWebKit/537.36 (KHTML, like Gecko) Chrome/36.0.1985.143 Safari/537.36"
190.200.155.201 - - [01/Sep/2014:10:23:43 -0300] "POST /backend_dev.php/projeto HTTP/1.1" 200 529911 "http://sgws11.hospedagemdesites.ws/backend_dev.php/projeto" "Mozilla/5.0 (X11; Linux x86_64) AppleWebKit/537.36 (KHTML, like Gecko) Chrome/36.0.1985.125 Safari/537.36"
179.153.46.45 - - [01/Sep/2014:10:23:52 -0300] "POST /backend_dev.php/producto HTTP/1.1" 200 97391 "http://sgws11.hospedagemdesites.ws/backend_dev.php/producto" "Mozilla/5.0 (Windows NT 6.3; WOW64) AppleWebKit/537.36 (KHTML, like Gecko) Chrome/36.0.1985.143 Safari/537.36"
190.200.155.201 - - [01/Sep/2014:10:24:15 -0300] "GET /backend_dev.php/producto HTTP/1.1" 200 114559 "http://sgws11.hospedagemdesites.ws/backend_dev.php/projeto" "Mozilla/5.0 (X11; Linux x86_64) AppleWebKit/537.36 (KHTML, like Gecko) Chrome/36.0.1985.125 Safari/537.36"
190.200.155.201 - - [01/Sep/2014:10:24:16 -0300] "GET /css/main.css HTTP/1.1" 304 - "http://sgws11.hospedagemdesites.ws/backend_dev.php/producto" "Mozilla/5.0 (X11; Linux x86_64) AppleWebKit/537.36 (KHTML, like Gecko) Chrome/36.0.1985.125 Safari/537.36"
190.200.155.201 - - [01/Sep/2014:10:24:16 -0300] "GET /css/jq/jqueryslidemenu.css HTTP/1.1" 304 - "http://sgws11.hospedagemdesites.ws/backend_dev.php/producto" "Mozilla/5.0 (X11; Linux x86_64) AppleWebKit/537.36 (KHTML, like Gecko) Chrome/36.0.1985.125 Safari/537.36"
190.200.155.201 - - [01/Sep/2014:10:24:16 -0300] "GET /css/validationEngineBackend.jquery.css HTTP/1.1" 304 - "http://sgws11.hospedagemdesites.ws/backend_dev.php/producto" "Mozilla/5.0 (X11; Linux x86_64) AppleWebKit/537.36 (KHTML, like Gecko) Chrome/36.0.1985.125 Safari/537.36"
190.200.155.201 - - [01/Sep/2014:10:24:16 -0300] "GET /js/extjs/resources/css/ext-all.css HTTP/1.1" 304 - "http://sgws11.hospedagemdesites.ws/backend_dev.php/producto" "Mozilla/5.0 (X11; Linux x86_64) AppleWebKit/537.36 (KHTML, like Gecko) Chrome/36.0.1985.125 Safari/537.36"
190.200.155.201 - - [01/Sep/2014:10:24:18 -0300] "GET /css/cupertino/jquery-ui-1.8.1.custom.css HTTP/1.1" 304 - "http://sgws11.hospedagemdesites.ws/backend_dev.php/producto" "Mozilla/5.0 (X11; Linux x86_64) AppleWebKit/537.36 (KHTML, like Gecko) Chrome/36.0.1985.125 Safari/537.36"
179.153.46.45 - - [01/Sep/2014:10:24:16 -0300] "GET /backend_dev.php/pedido/index HTTP/1.1" 200 89562 "http://sgws11.hospedagemdesites.ws/backend_dev.php/producto/index/sort/id/by/asc/page/2/loja/2" "Mozilla/5.0 (Windows NT 6.3; WOW64) AppleWebKit/537.36 (KHTML, like Gecko) Chrome/36.0.1985.143 Safari/537.36"
179.153.46.45 - - [01/Sep/2014:10:24:19 -0300] "GET /images/user.jpg HTTP/1.1" 304 - "http://sgws11.hospedagemdesites.ws/backend_dev.php/pedido/index" "Mozilla/5.0 (Windows NT 6.3; WOW64) AppleWebKit/537.36 (KHTML, like Gecko) Chrome/36.0.1985.143 Safari/537.36"
179.153.46.45 - - [01/Sep/2014:10:24:19 -0300] "GET /images/icons/zoom.png HTTP/1.1" 200 1531 "http://sgws11.hospedagemdesites.ws/backend_dev.php/pedido/index" "Mozilla/5.0 (Windows NT 6.3; WOW64) AppleWebKit/537.36 (KHTML, like Gecko) Chrome/36.0.1985.143 Safari/537.36"
179.153.46.45 - - [01/Sep/2014:10:24:19 -0300] "GET /css/cupertino/images/ui-bg_highlight-hard_100_f2f5f7_1x100.png HTTP/1.1" 304 - "http://sgws11.hospedagemdesites.ws/backend_dev.php/pedido/index" "Mozilla/5.0 (Windows NT 6.3; WOW64) AppleWebKit/537.36 (KHTML, like Gecko) Chrome/36.0.1985.143 Safari/537.36"
179.153.46.45 - - [01/Sep/2014:10:24:21 -0300] "GET /backend_dev.php/enviromaq/index HTTP/1.1" 200 112682 "http://sgws11.hospedagemdesites.ws/backend_dev.php/pedido/index" "Mozilla/5.0 (Windows NT 6.3; WOW64) AppleWebKit/537.36 (KHTML, like Gecko) Chrome/36.0.1985.143 Safari/537.36"
179.153.46.45 - - [01/Sep/2014:10:24:24 -0300] "POST /backend_dev.php/enviromaq/index HTTP/1.1" 200 83556 "http://sgws11.hospedagemdesites.ws/backend_dev.php/enviromaq/index" "Mozilla/5.0 (Windows NT 6.3; WOW64) AppleWebKit/537.36 (KHTML, like Gecko) Chrome/36.0.1985.143 Safari/537.36"
179.153.46.45 - - [01/Sep/2014:10:24:30 -0300] "POST /backend_dev.php/enviromaq/delete/id/387 HTTP/1.1" 302 137 "http://sgws11.hospedagemdesites.ws/backend_dev.php/enviromaq/index" "Mozilla/5.0 (Windows NT 6.3; WOW64) AppleWebKit/537.36 (KHTML, like Gecko) Chrome/36.0.1985.143 Safari/537.36"
179.153.46.45 - - [01/Sep/2014:10:24:30 -0300] "GET /backend_dev.php/enviromaq/index HTTP/1.1" 200 113364 "http://sgws11.hospedagemdesites.ws/backend_dev.php/enviromaq/index" "Mozilla/5.0 (Windows NT 6.3; WOW64) AppleWebKit/537.36 (KHTML, like Gecko) Chrome/36.0.1985.143 Safari/537.36"
190.200.155.201 - - [01/Sep/2014:10:24:31 -0300] "POST /backend_dev.php/producto HTTP/1.1" 200 115118 "http://sgws11.hospedagemdesites.ws/backend_dev.php/producto" "Mozilla/5.0 (X11; Linux x86_64) AppleWebKit/537.36 (KHTML, like Gecko) Chrome/36.0.1985.125 Safari/537.36"
179.153.46.45 - - [01/Sep/2014:10:24:34 -0300] "POST /backend_dev.php/enviromaq/index HTTP/1.1" 200 81878 "http://sgws11.hospedagemdesites.ws/backend_dev.php/enviromaq/index" "Mozilla/5.0 (Windows NT 6.3; WOW64) AppleWebKit/537.36 (KHTML, like Gecko) Chrome/36.0.1985.143 Safari/537.36"
179.153.46.45 - - [01/Sep/2014:10:24:38 -0300] "POST /backend_dev.php/enviromaq/delete/id/386 HTTP/1.1" 302 137 "http://sgws11.hospedagemdesites.ws/backend_dev.php/enviromaq/index" "Mozilla/5.0 (Windows NT 6.3; WOW64) AppleWebKit/537.36 (KHTML, like Gecko) Chrome/36.0.1985.143 Safari/537.36"
179.153.46.45 - - [01/Sep/2014:10:24:38 -0300] "GET /backend_dev.php/enviromaq/index HTTP/1.1" 200 113364 "http://sgws11.hospedagemdesites.ws/backend_dev.php/enviromaq/index" "Mozilla/5.0 (Windows NT 6.3; WOW64) AppleWebKit/537.36 (KHTML, like Gecko) Chrome/36.0.1985.143 Safari/537.36"
190.200.155.201 - - [01/Sep/2014:10:24:38 -0300] "POST /backend_dev.php/producto HTTP/1.1" 200 115017 "http://sgws11.hospedagemdesites.ws/backend_dev.php/producto" "Mozilla/5.0 (X11; Linux x86_64) AppleWebKit/537.36 (KHTML, like Gecko) Chrome/36.0.1985.125 Safari/537.36"
179.153.46.45 - - [01/Sep/2014:10:24:47 -0300] "GET /backend_dev.php/enviromaq/edit/id/62 HTTP/1.1" 200 92167 "http://sgws11.hospedagemdesites.ws/backend_dev.php/enviromaq/index" "Mozilla/5.0 (Windows NT 6.3; WOW64) AppleWebKit/537.36 (KHTML, like Gecko) Chrome/36.0.1985.143 Safari/537.36"
179.153.46.45 - - [01/Sep/2014:10:24:48 -0300] "GET /home/storage/6/8c/8b/sgws11/public_html/uploads/producto/galeria/2013-12-01 HTTP/1.1" 404 1382 "http://sgws11.hospedagemdesites.ws/backend_dev.php/enviromaq/edit/id/62" "Mozilla/5.0 (Windows NT 6.3; WOW64) AppleWebKit/537.36 (KHTML, like Gecko) Chrome/36.0.1985.143 Safari/537.36"
179.153.46.45 - - [01/Sep/2014:10:24:53 -0300] "POST /backend_dev.php/enviromaq/update/id/62 HTTP/1.1" 302 165 "http://sgws11.hospedagemdesites.ws/backend_dev.php/enviromaq/edit/id/62" "Mozilla/5.0 (Windows NT 6.3; WOW64) AppleWebKit/537.36 (KHTML, like Gecko) Chrome/36.0.1985.143 Safari/537.36"
179.153.46.45 - - [01/Sep/2014:10:24:53 -0300] "GET /backend_dev.php/producto/index/sort/id/by/asc/page/1/loja/2 HTTP/1.1" 200 113921 "http://sgws11.hospedagemdesites.ws/backend_dev.php/enviromaq/edit/id/62" "Mozilla/5.0 (Windows NT 6.3; WOW64) AppleWebKit/537.36 (KHTML, like Gecko) Chrome/36.0.1985.143 Safari/537.36"
190.200.155.201 - - [01/Sep/2014:10:24:54 -0300] "GET /backend_dev.php/producto/index/sort/id/by/asc/page/2/amp%3Bcate/2 HTTP/1.1" 200 115636 "http://sgws11.hospedagemdesites.ws/backend_dev.php/producto" "Mozilla/5.0 (X11; Linux x86_64) AppleWebKit/537.36 (KHTML, like Gecko) Chrome/36.0.1985.125 Safari/537.36"
179.153.46.45 - - [01/Sep/2014:10:25:00 -0300] "GET /backend_dev.php/enviromaq/edit/id/57 HTTP/1.1" 200 92191 "http://sgws11.hospedagemdesites.ws/backend_dev.php/producto/index/sort/id/by/asc/page/1/loja/2" "Mozilla/5.0 (Windows NT 6.3; WOW64) AppleWebKit/537.36 (KHTML, like Gecko) Chrome/36.0.1985.143 Safari/537.36"
179.153.46.45 - - [01/Sep/2014:10:25:01 -0300] "GET /home/storage/6/8c/8b/sgws11/public_html/uploads/producto/galeria/2013-12-01 HTTP/1.1" 404 1382 "http://sgws11.hospedagemdesites.ws/backend_dev.php/enviromaq/edit/id/57" "Mozilla/5.0 (Windows NT 6.3; WOW64) AppleWebKit/537.36 (KHTML, like Gecko) Chrome/36.0.1985.143 Safari/537.36"
179.153.46.45 - - [01/Sep/2014:10:25:01 -0300] "GET /sf/sf_web_debug/images/database.png HTTP/1.1" 404 1382 "http://sgws11.hospedagemdesites.ws/backend_dev.php/enviromaq/edit/id/57" "Mozilla/5.0 (Windows NT 6.3; WOW64) AppleWebKit/537.36 (KHTML, like Gecko) Chrome/36.0.1985.143 Safari/537.36"
179.153.46.45 - - [01/Sep/2014:10:25:06 -0300] "POST /backend_dev.php/enviromaq/update/id/57 HTTP/1.1" 302 165 "http://sgws11.hospedagemdesites.ws/backend_dev.php/enviromaq/edit/id/57" "Mozilla/5.0 (Windows NT 6.3; WOW64) AppleWebKit/537.36 (KHTML, like Gecko) Chrome/36.0.1985.143 Safari/537.36"
179.153.46.45 - - [01/Sep/2014:10:25:07 -0300] "GET /backend_dev.php/producto/index/sort/id/by/asc/page/1/loja/2 HTTP/1.1" 200 113928 "http://sgws11.hospedagemdesites.ws/backend_dev.php/enviromaq/edit/id/57" "Mozilla/5.0 (Windows NT 6.3; WOW64) AppleWebKit/537.36 (KHTML, like Gecko) Chrome/36.0.1985.143 Safari/537.36"
190.200.155.201 - - [01/Sep/2014:10:25:09 -0300] "POST /backend_dev.php/producto/index/sort/id/by/asc/page/2/amp%3Bcate/2 HTTP/1.1" 200 98570 "http://sgws11.hospedagemdesites.ws/backend_dev.php/producto/index/sort/id/by/asc/page/2/amp%3Bcate/2" "Mozilla/5.0 (X11; Linux x86_64) AppleWebKit/537.36 (KHTML, like Gecko) Chrome/36.0.1985.125 Safari/537.36"
190.200.155.201 - - [01/Sep/2014:10:25:17 -0300] "POST /backend_dev.php/producto/index/sort/id/by/asc/page/2/amp%3Bcate/2 HTTP/1.1" 200 112109 "http://sgws11.hospedagemdesites.ws/backend_dev.php/producto/index/sort/id/by/asc/page/2/amp%3Bcate/2" "Mozilla/5.0 (X11; Linux x86_64) AppleWebKit/537.36 (KHTML, like Gecko) Chrome/36.0.1985.125 Safari/537.36"
179.153.46.45 - - [01/Sep/2014:10:25:18 -0300] "POST /backend_dev.php/producto/index/sort/id/by/asc/page/1/loja/2 HTTP/1.1" 200 113942 "http://sgws11.hospedagemdesites.ws/backend_dev.php/producto/index/sort/id/by/asc/page/1/loja/2" "Mozilla/5.0 (Windows NT 6.3; WOW64) AppleWebKit/537.36 (KHTML, like Gecko) Chrome/36.0.1985.143 Safari/537.36"
179.153.46.45 - - [01/Sep/2014:10:25:35 -0300] "POST /backend_dev.php/producto/index/sort/id/by/asc/page/1/loja/2 HTTP/1.1" 200 113880 "http://sgws11.hospedagemdesites.ws/backend_dev.php/producto/index/sort/id/by/asc/page/1/loja/2" "Mozilla/5.0 (Windows NT 6.3; WOW64) AppleWebKit/537.36 (KHTML, like Gecko) Chrome/36.0.1985.143 Safari/537.36"
179.153.46.45 - - [01/Sep/2014:10:25:42 -0300] "POST /backend_dev.php/producto/index/sort/id/by/asc/page/1/loja/2 HTTP/1.1" 200 113878 "http://sgws11.hospedagemdesites.ws/backend_dev.php/producto/index/sort/id/by/asc/page/1/loja/2" "Mozilla/5.0 (Windows NT 6.3; WOW64) AppleWebKit/537.36 (KHTML, like Gecko) Chrome/36.0.1985.143 Safari/537.36"
179.153.46.45 - - [01/Sep/2014:10:25:44 -0300] "POST /backend_dev.php/producto/index/sort/id/by/asc/page/1/loja/2 HTTP/1.1" 200 113944 "http://sgws11.hospedagemdesites.ws/backend_dev.php/producto/index/sort/id/by/asc/page/1/loja/2" "Mozilla/5.0 (Windows NT 6.3; WOW64) AppleWebKit/537.36 (KHTML, like Gecko) Chrome/36.0.1985.143 Safari/537.36"
190.200.155.201 - - [01/Sep/2014:10:25:45 -0300] "GET /backend_dev.php/ HTTP/1.1" 200 40883 "-" "Mozilla/5.0 (X11; Ubuntu; Linux x86_64; rv:30.0) Gecko/20100101 Firefox/30.0"
190.200.155.201 - - [01/Sep/2014:10:25:46 -0300] "GET /css/mainLogin.css HTTP/1.1" 200 3281 "http://sgws11.hospedagemdesites.ws/backend_dev.php/" "Mozilla/5.0 (X11; Ubuntu; Linux x86_64; rv:30.0) Gecko/20100101 Firefox/30.0"
179.153.46.45 - - [01/Sep/2014:10:25:47 -0300] "POST /backend_dev.php/producto/index/sort/id/by/asc/page/1/loja/2 HTTP/1.1" 200 113878 "http://sgws11.hospedagemdesites.ws/backend_dev.php/producto/index/sort/id/by/asc/page/1/loja/2" "Mozilla/5.0 (Windows NT 6.3; WOW64) AppleWebKit/537.36 (KHTML, like Gecko) Chrome/36.0.1985.143 Safari/537.36"
179.153.46.45 - - [01/Sep/2014:10:25:49 -0300] "POST /backend_dev.php/producto/index/sort/id/by/asc/page/1/loja/2 HTTP/1.1" 200 113912 "http://sgws11.hospedagemdesites.ws/backend_dev.php/producto/index/sort/id/by/asc/page/1/loja/2" "Mozilla/5.0 (Windows NT 6.3; WOW64) AppleWebKit/537.36 (KHTML, like Gecko) Chrome/36.0.1985.143 Safari/537.36"
190.200.155.201 - - [01/Sep/2014:10:26:00 -0300] "GET /favicon.ico HTTP/1.1" 404 1152 "-" "Mozilla/5.0 (X11; Ubuntu; Linux x86_64; rv:30.0) Gecko/20100101 Firefox/30.0"
179.153.46.45 - - [01/Sep/2014:10:26:02 -0300] "GET /backend_dev.php/producto HTTP/1.1" 200 112662 "http://sgws11.hospedagemdesites.ws/backend_dev.php/producto/index/sort/id/by/asc/page/1/loja/2" "Mozilla/5.0 (Windows NT 6.3; WOW64) AppleWebKit/537.36 (KHTML, like Gecko) Chrome/36.0.1985.143 Safari/537.36"
179.153.46.45 - - [01/Sep/2014:10:26:07 -0300] "POST /backend_dev.php/producto HTTP/1.1" 200 83447 "http://sgws11.hospedagemdesites.ws/backend_dev.php/producto" "Mozilla/5.0 (Windows NT 6.3; WOW64) AppleWebKit/537.36 (KHTML, like Gecko) Chrome/36.0.1985.143 Safari/537.36"
179.153.46.45 - - [01/Sep/2014:10:26:15 -0300] "POST /backend_dev.php/producto HTTP/1.1" 200 113233 "http://sgws11.hospedagemdesites.ws/backend_dev.php/producto" "Mozilla/5.0 (Windows NT 6.3; WOW64) AppleWebKit/537.36 (KHTML, like Gecko) Chrome/36.0.1985.143 Safari/537.36"
190.200.155.201 - - [01/Sep/2014:10:26:16 -0300] "GET /sf/sf_web_debug/images/view.png HTTP/1.1" 404 1334 "http://sgws11.hospedagemdesites.ws/backend_dev.php/" "Mozilla/5.0 (X11; Ubuntu; Linux x86_64; rv:30.0) Gecko/20100101 Firefox/30.0"
190.200.155.201 - - [01/Sep/2014:10:26:16 -0300] "GET /sf/sf_web_debug/images/config.png HTTP/1.1" 404 1334 "http://sgws11.hospedagemdesites.ws/backend_dev.php/" "Mozilla/5.0 (X11; Ubuntu; Linux x86_64; rv:30.0) Gecko/20100101 Firefox/30.0"
190.200.155.201 - - [01/Sep/2014:10:26:16 -0300] "GET /sf/sf_web_debug/images/sf.png HTTP/1.1" 404 1334 "http://sgws11.hospedagemdesites.ws/backend_dev.php/" "Mozilla/5.0 (X11; Ubuntu; Linux x86_64; rv:30.0) Gecko/20100101 Firefox/30.0"
190.200.155.201 - - [01/Sep/2014:10:26:16 -0300] "GET /sf/sf_web_debug/images/memory.png HTTP/1.1" 404 1334 "http://sgws11.hospedagemdesites.ws/backend_dev.php/" "Mozilla/5.0 (X11; Ubuntu; Linux x86_64; rv:30.0) Gecko/20100101 Firefox/30.0"
190.200.155.201 - - [01/Sep/2014:10:26:16 -0300] "GET /sf/sf_web_debug/images/log.png HTTP/1.1" 404 1334 "http://sgws11.hospedagemdesites.ws/backend_dev.php/" "Mozilla/5.0 (X11; Ubuntu; Linux x86_64; rv:30.0) Gecko/20100101 Firefox/30.0"
190.200.155.201 - - [01/Sep/2014:10:26:16 -0300] "GET /sf/sf_web_debug/images/time.png HTTP/1.1" 404 1334 "http://sgws11.hospedagemdesites.ws/backend_dev.php/" "Mozilla/5.0 (X11; Ubuntu; Linux x86_64; rv:30.0) Gecko/20100101 Firefox/30.0"
190.200.155.201 - - [01/Sep/2014:10:26:16 -0300] "GET /sf/sf_web_debug/images/close.png HTTP/1.1" 404 1334 "http://sgws11.hospedagemdesites.ws/backend_dev.php/" "Mozilla/5.0 (X11; Ubuntu; Linux x86_64; rv:30.0) Gecko/20100101 Firefox/30.0"
190.200.155.201 - - [01/Sep/2014:10:26:16 -0300] "GET /sf/sf_web_debug/images/toggle.gif HTTP/1.1" 404 1334 "http://sgws11.hospedagemdesites.ws/backend_dev.php/" "Mozilla/5.0 (X11; Ubuntu; Linux x86_64; rv:30.0) Gecko/20100101 Firefox/30.0"
190.200.155.201 - - [01/Sep/2014:10:26:16 -0300] "GET /sf/sf_web_debug/images/info.png HTTP/1.1" 404 1334 "http://sgws11.hospedagemdesites.ws/backend_dev.php/" "Mozilla/5.0 (X11; Ubuntu; Linux x86_64; rv:30.0) Gecko/20100101 Firefox/30.0"
190.200.155.201 - - [01/Sep/2014:10:26:16 -0300] "GET /sf/sf_web_debug/images/warning.png HTTP/1.1" 404 1334 "http://sgws11.hospedagemdesites.ws/backend_dev.php/" "Mozilla/5.0 (X11; Ubuntu; Linux x86_64; rv:30.0) Gecko/20100101 Firefox/30.0"
190.200.155.201 - - [01/Sep/2014:10:26:16 -0300] "GET /sf/sf_web_debug/images/error.png HTTP/1.1" 404 1334 "http://sgws11.hospedagemdesites.ws/backend_dev.php/" "Mozilla/5.0 (X11; Ubuntu; Linux x86_64; rv:30.0) Gecko/20100101 Firefox/30.0"
179.153.46.45 - - [01/Sep/2014:10:26:15 -0300] "POST /backend_dev.php/producto HTTP/1.1" 200 113298 "http://sgws11.hospedagemdesites.ws/backend_dev.php/producto" "Mozilla/5.0 (Windows NT 6.3; WOW64) AppleWebKit/537.36 (KHTML, like Gecko) Chrome/36.0.1985.143 Safari/537.36"
179.153.46.45 - - [01/Sep/2014:10:26:19 -0300] "POST /backend_dev.php/producto HTTP/1.1" 200 83477 "http://sgws11.hospedagemdesites.ws/backend_dev.php/producto" "Mozilla/5.0 (Windows NT 6.3; WOW64) AppleWebKit/537.36 (KHTML, like Gecko) Chrome/36.0.1985.143 Safari/537.36"
179.153.46.45 - - [01/Sep/2014:10:26:20 -0300] "POST /backend_dev.php/producto HTTP/1.1" 200 83481 "http://sgws11.hospedagemdesites.ws/backend_dev.php/producto" "Mozilla/5.0 (Windows NT 6.3; WOW64) AppleWebKit/537.36 (KHTML, like Gecko) Chrome/36.0.1985.143 Safari/537.36"
190.200.155.201 - - [01/Sep/2014:10:26:21 -0300] "POST /backend_dev.php/lxlogin HTTP/1.1" 302 401 "http://sgws11.hospedagemdesites.ws/backend_dev.php/" "Mozilla/5.0 (X11; Ubuntu; Linux x86_64; rv:30.0) Gecko/20100101 Firefox/30.0"
190.200.155.201 - - [01/Sep/2014:10:26:22 -0300] "GET /backend_dev.php/home HTTP/1.1" 200 109746 "http://sgws11.hospedagemdesites.ws/backend_dev.php/" "Mozilla/5.0 (X11; Ubuntu; Linux x86_64; rv:30.0) Gecko/20100101 Firefox/30.0"
190.200.155.201 - - [01/Sep/2014:10:26:25 -0300] "GET /js/fancybox/jquery.fancybox.css HTTP/1.1" 304 - "http://sgws11.hospedagemdesites.ws/backend_dev.php/home" "Mozilla/5.0 (X11; Ubuntu; Linux x86_64; rv:30.0) Gecko/20100101 Firefox/30.0"
179.153.46.45 - - [01/Sep/2014:10:26:24 -0300] "GET /backend_dev.php/enviromaq/edit/id/62 HTTP/1.1" 200 92145 "http://sgws11.hospedagemdesites.ws/backend_dev.php/producto" "Mozilla/5.0 (Windows NT 6.3; WOW64) AppleWebKit/537.36 (KHTML, like Gecko) Chrome/36.0.1985.143 Safari/537.36"
179.153.46.45 - - [01/Sep/2014:10:26:26 -0300] "GET /uploads/productos/big_2013-12-01.png HTTP/1.1" 404 1382 "http://sgws11.hospedagemdesites.ws/backend_dev.php/enviromaq/edit/id/62" "Mozilla/5.0 (Windows NT 6.3; WOW64) AppleWebKit/537.36 (KHTML, like Gecko) Chrome/36.0.1985.143 Safari/537.36"
179.153.46.45 - - [01/Sep/2014:10:26:26 -0300] "GET /home/storage/6/8c/8b/sgws11/public_html/uploads/producto/galeria/2013-12-01 HTTP/1.1" 404 1382 "http://sgws11.hospedagemdesites.ws/backend_dev.php/enviromaq/edit/id/62" "Mozilla/5.0 (Windows NT 6.3; WOW64) AppleWebKit/537.36 (KHTML, like Gecko) Chrome/36.0.1985.143 Safari/537.36"
190.200.155.201 - - [01/Sep/2014:10:26:27 -0300] "GET /sf/sf_web_debug/images/database.png HTTP/1.1" 404 1342 "http://sgws11.hospedagemdesites.ws/backend_dev.php/home" "Mozilla/5.0 (X11; Ubuntu; Linux x86_64; rv:30.0) Gecko/20100101 Firefox/30.0"
190.200.155.201 - - [01/Sep/2014:10:26:28 -0300] "GET /images/bck_menu_top.png HTTP/1.1" 200 125 "http://sgws11.hospedagemdesites.ws/css/main.css" "Mozilla/5.0 (X11; Ubuntu; Linux x86_64; rv:30.0) Gecko/20100101 Firefox/30.0"
190.200.155.201 - - [01/Sep/2014:10:26:28 -0300] "GET /images/bck_top.png HTTP/1.1" 200 181 "http://sgws11.hospedagemdesites.ws/css/main.css" "Mozilla/5.0 (X11; Ubuntu; Linux x86_64; rv:30.0) Gecko/20100101 Firefox/30.0"
190.200.155.201 - - [01/Sep/2014:10:26:28 -0300] "GET /images/icons/sistema.png HTTP/1.1" 200 1666 "http://sgws11.hospedagemdesites.ws/css/main.css" "Mozilla/5.0 (X11; Ubuntu; Linux x86_64; rv:30.0) Gecko/20100101 Firefox/30.0"
190.200.155.201 - - [01/Sep/2014:10:26:28 -0300] "GET /images/icons/plus.png HTTP/1.1" 200 681 "http://sgws11.hospedagemdesites.ws/css/main.css" "Mozilla/5.0 (X11; Ubuntu; Linux x86_64; rv:30.0) Gecko/20100101 Firefox/30.0"
190.200.155.201 - - [01/Sep/2014:10:26:28 -0300] "GET /images/icons/home_span_bck.png HTTP/1.1" 200 240 "http://sgws11.hospedagemdesites.ws/css/main.css" "Mozilla/5.0 (X11; Ubuntu; Linux x86_64; rv:30.0) Gecko/20100101 Firefox/30.0"
190.200.155.201 - - [01/Sep/2014:10:26:28 -0300] "GET /images/icons/home_icon_horas.png HTTP/1.1" 200 1847 "http://sgws11.hospedagemdesites.ws/css/main.css" "Mozilla/5.0 (X11; Ubuntu; Linux x86_64; rv:30.0) Gecko/20100101 Firefox/30.0"
190.200.155.201 - - [01/Sep/2014:10:26:28 -0300] "GET /images/icons/home_icon_despesa.png HTTP/1.1" 200 4579 "http://sgws11.hospedagemdesites.ws/css/main.css" "Mozilla/5.0 (X11; Ubuntu; Linux x86_64; rv:30.0) Gecko/20100101 Firefox/30.0"
190.200.155.201 - - [01/Sep/2014:10:26:31 -0300] "GET /backend_dev.php/producto HTTP/1.1" 200 112302 "http://sgws11.hospedagemdesites.ws/backend_dev.php/home" "Mozilla/5.0 (X11; Ubuntu; Linux x86_64; rv:30.0) Gecko/20100101 Firefox/30.0"
179.153.46.45 - - [01/Sep/2014:10:26:32 -0300] "POST /backend_dev.php/producto HTTP/1.1" 200 113274 "http://sgws11.hospedagemdesites.ws/backend_dev.php/producto" "Mozilla/5.0 (Windows NT 6.3; WOW64) AppleWebKit/537.36 (KHTML, like Gecko) Chrome/36.0.1985.143 Safari/537.36"
179.153.46.45 - - [01/Sep/2014:10:26:33 -0300] "POST /backend_dev.php/producto HTTP/1.1" 200 113280 "http://sgws11.hospedagemdesites.ws/backend_dev.php/producto" "Mozilla/5.0 (Windows NT 6.3; WOW64) AppleWebKit/537.36 (KHTML, like Gecko) Chrome/36.0.1985.143 Safari/537.36"
179.153.46.45 - - [01/Sep/2014:10:26:39 -0300] "POST /backend_dev.php/producto HTTP/1.1" 200 113274 "http://sgws11.hospedagemdesites.ws/backend_dev.php/producto" "Mozilla/5.0 (Windows NT 6.3; WOW64) AppleWebKit/537.36 (KHTML, like Gecko) Chrome/36.0.1985.143 Safari/537.36"
179.153.46.45 - - [01/Sep/2014:10:26:43 -0300] "POST /backend_dev.php/producto HTTP/1.1" 200 83453 "http://sgws11.hospedagemdesites.ws/backend_dev.php/producto" "Mozilla/5.0 (Windows NT 6.3; WOW64) AppleWebKit/537.36 (KHTML, like Gecko) Chrome/36.0.1985.143 Safari/537.36"
179.153.46.45 - - [01/Sep/2014:10:26:43 -0300] "POST /backend_dev.php/producto HTTP/1.1" 200 83518 "http://sgws11.hospedagemdesites.ws/backend_dev.php/producto" "Mozilla/5.0 (Windows NT 6.3; WOW64) AppleWebKit/537.36 (KHTML, like Gecko) Chrome/36.0.1985.143 Safari/537.36"
179.153.46.45 - - [01/Sep/2014:10:26:56 -0300] "POST /backend_dev.php/producto HTTP/1.1" 200 113233 "http://sgws11.hospedagemdesites.ws/backend_dev.php/producto" "Mozilla/5.0 (Windows NT 6.3; WOW64) AppleWebKit/537.36 (KHTML, like Gecko) Chrome/36.0.1985.143 Safari/537.36"
179.153.46.45 - - [01/Sep/2014:10:27:09 -0300] "GET /backend_dev.php/enviromaq/edit/id/60 HTTP/1.1" 200 92117 "http://sgws11.hospedagemdesites.ws/backend_dev.php/producto" "Mozilla/5.0 (Windows NT 6.3; WOW64) AppleWebKit/537.36 (KHTML, like Gecko) Chrome/36.0.1985.143 Safari/537.36"
179.153.46.45 - - [01/Sep/2014:10:27:10 -0300] "GET /home/storage/6/8c/8b/sgws11/public_html/uploads/producto/galeria/2013-12-01 HTTP/1.1" 404 1382 "http://sgws11.hospedagemdesites.ws/backend_dev.php/enviromaq/edit/id/60" "Mozilla/5.0 (Windows NT 6.3; WOW64) AppleWebKit/537.36 (KHTML, like Gecko) Chrome/36.0.1985.143 Safari/537.36"
190.200.155.201 - - [01/Sep/2014:10:27:13 -0300] "GET /backend_dev.php/enviromaq/edit/id/49 HTTP/1.1" 200 91913 "http://sgws11.hospedagemdesites.ws/backend_dev.php/producto" "Mozilla/5.0 (X11; Ubuntu; Linux x86_64; rv:30.0) Gecko/20100101 Firefox/30.0"
190.200.155.201 - - [01/Sep/2014:10:27:17 -0300] "GET /uploads/productos/big_2013-12-01.png HTTP/1.1" 404 1374 "http://sgws11.hospedagemdesites.ws/backend_dev.php/enviromaq/edit/id/49" "Mozilla/5.0 (X11; Ubuntu; Linux x86_64; rv:30.0) Gecko/20100101 Firefox/30.0"
190.200.155.201 - - [01/Sep/2014:10:27:17 -0300] "GET /home/storage/6/8c/8b/sgws11/public_html/uploads/producto/galeria/2013-12-01 HTTP/1.1" 404 1374 "http://sgws11.hospedagemdesites.ws/backend_dev.php/enviromaq/edit/id/49" "Mozilla/5.0 (X11; Ubuntu; Linux x86_64; rv:30.0) Gecko/20100101 Firefox/30.0"
179.153.46.45 - - [01/Sep/2014:10:27:16 -0300] "POST /backend_dev.php/enviromaq/update/id/60 HTTP/1.1" 302 165 "http://sgws11.hospedagemdesites.ws/backend_dev.php/enviromaq/edit/id/60" "Mozilla/5.0 (Windows NT 6.3; WOW64) AppleWebKit/537.36 (KHTML, like Gecko) Chrome/36.0.1985.143 Safari/537.36"
179.153.46.45 - - [01/Sep/2014:10:27:17 -0300] "GET /backend_dev.php/producto/index/sort/id/by/asc/page/1/loja/2 HTTP/1.1" 200 113926 "http://sgws11.hospedagemdesites.ws/backend_dev.php/enviromaq/edit/id/60" "Mozilla/5.0 (Windows NT 6.3; WOW64) AppleWebKit/537.36 (KHTML, like Gecko) Chrome/36.0.1985.143 Safari/537.36"
179.153.46.45 - - [01/Sep/2014:10:27:17 -0300] "GET /css/main.css HTTP/1.1" 304 - "http://sgws11.hospedagemdesites.ws/backend_dev.php/producto/index/sort/id/by/asc/page/1/loja/2" "Mozilla/5.0 (Windows NT 6.3; WOW64) AppleWebKit/537.36 (KHTML, like Gecko) Chrome/36.0.1985.143 Safari/537.36"
179.153.46.45 - - [01/Sep/2014:10:27:18 -0300] "GET /css/jq/jqueryslidemenu.css HTTP/1.1" 304 - "http://sgws11.hospedagemdesites.ws/backend_dev.php/producto/index/sort/id/by/asc/page/1/loja/2" "Mozilla/5.0 (Windows NT 6.3; WOW64) AppleWebKit/537.36 (KHTML, like Gecko) Chrome/36.0.1985.143 Safari/537.36"
179.153.46.45 - - [01/Sep/2014:10:27:18 -0300] "GET /css/validationEngineBackend.jquery.css HTTP/1.1" 304 - "http://sgws11.hospedagemdesites.ws/backend_dev.php/producto/index/sort/id/by/asc/page/1/loja/2" "Mozilla/5.0 (Windows NT 6.3; WOW64) AppleWebKit/537.36 (KHTML, like Gecko) Chrome/36.0.1985.143 Safari/537.36"
179.153.46.45 - - [01/Sep/2014:10:27:18 -0300] "GET /js/extjs/resources/css/ext-all.css HTTP/1.1" 304 - "http://sgws11.hospedagemdesites.ws/backend_dev.php/producto/index/sort/id/by/asc/page/1/loja/2" "Mozilla/5.0 (Windows NT 6.3; WOW64) AppleWebKit/537.36 (KHTML, like Gecko) Chrome/36.0.1985.143 Safari/537.36"
179.153.46.45 - - [01/Sep/2014:10:27:28 -0300] "POST /backend_dev.php/producto/index/sort/id/by/asc/page/1/loja/2 HTTP/1.1" 200 113882 "http://sgws11.hospedagemdesites.ws/backend_dev.php/producto/index/sort/id/by/asc/page/1/loja/2" "Mozilla/5.0 (Windows NT 6.3; WOW64) AppleWebKit/537.36 (KHTML, like Gecko) Chrome/36.0.1985.143 Safari/537.36"
179.153.46.45 - - [01/Sep/2014:10:27:29 -0300] "GET /css/cupertino/jquery-ui-1.8.1.custom.css HTTP/1.1" 304 - "http://sgws11.hospedagemdesites.ws/backend_dev.php/producto/index/sort/id/by/asc/page/1/loja/2" "Mozilla/5.0 (Windows NT 6.3; WOW64) AppleWebKit/537.36 (KHTML, like Gecko) Chrome/36.0.1985.143 Safari/537.36"
179.153.46.45 - - [01/Sep/2014:10:27:30 -0300] "POST /backend_dev.php/producto/index/sort/id/by/asc/page/1/loja/2 HTTP/1.1" 200 113914 "http://sgws11.hospedagemdesites.ws/backend_dev.php/producto/index/sort/id/by/asc/page/1/loja/2" "Mozilla/5.0 (Windows NT 6.3; WOW64) AppleWebKit/537.36 (KHTML, like Gecko) Chrome/36.0.1985.143 Safari/537.36"
179.153.46.45 - - [01/Sep/2014:10:27:39 -0300] "POST /backend_dev.php/producto/index/sort/id/by/asc/page/1/loja/2 HTTP/1.1" 200 113913 "http://sgws11.hospedagemdesites.ws/backend_dev.php/producto/index/sort/id/by/asc/page/1/loja/2" "Mozilla/5.0 (Windows NT 6.3; WOW64) AppleWebKit/537.36 (KHTML, like Gecko) Chrome/36.0.1985.143 Safari/537.36"
179.153.46.45 - - [01/Sep/2014:10:27:48 -0300] "GET /backend_dev.php/producto HTTP/1.1" 200 112690 "http://sgws11.hospedagemdesites.ws/backend_dev.php/producto/index/sort/id/by/asc/page/1/loja/2" "Mozilla/5.0 (Windows NT 6.3; WOW64) AppleWebKit/537.36 (KHTML, like Gecko) Chrome/36.0.1985.143 Safari/537.36"
190.200.155.201 - - [01/Sep/2014:10:27:52 -0300] "POST /backend_dev.php/producto HTTP/1.1" 200 84691 "http://sgws11.hospedagemdesites.ws/backend_dev.php/producto" "Mozilla/5.0 (X11; Ubuntu; Linux x86_64; rv:30.0) Gecko/20100101 Firefox/30.0"
179.153.46.45 - - [01/Sep/2014:10:27:54 -0300] "GET /backend_dev.php/producto HTTP/1.1" 200 112595 "http://sgws11.hospedagemdesites.ws/backend_dev.php/producto" "Mozilla/5.0 (Windows NT 6.3; WOW64) AppleWebKit/537.36 (KHTML, like Gecko) Chrome/36.0.1985.143 Safari/537.36"
190.200.155.201 - - [01/Sep/2014:10:27:58 -0300] "GET /images/icons/icon_projeto.png HTTP/1.1" 304 - "http://sgws11.hospedagemdesites.ws/css/main.css" "Mozilla/5.0 (X11; Ubuntu; Linux x86_64; rv:30.0) Gecko/20100101 Firefox/30.0"
179.153.46.45 - - [01/Sep/2014:10:27:59 -0300] "POST /backend_dev.php/producto HTTP/1.1" 200 85121 "http://sgws11.hospedagemdesites.ws/backend_dev.php/producto" "Mozilla/5.0 (Windows NT 6.3; WOW64) AppleWebKit/537.36 (KHTML, like Gecko) Chrome/36.0.1985.143 Safari/537.36"
179.153.46.45 - - [01/Sep/2014:10:28:05 -0300] "POST /backend_dev.php/producto HTTP/1.1" 200 113234 "http://sgws11.hospedagemdesites.ws/backend_dev.php/producto" "Mozilla/5.0 (Windows NT 6.3; WOW64) AppleWebKit/537.36 (KHTML, like Gecko) Chrome/36.0.1985.143 Safari/537.36"
190.200.155.201 - - [01/Sep/2014:10:28:17 -0300] "GET /backend_dev.php/producto HTTP/1.1" 200 112180 "-" "Mozilla/5.0 (X11; Ubuntu; Linux x86_64; rv:30.0) Gecko/20100101 Firefox/30.0"
190.200.155.201 - - [01/Sep/2014:10:28:19 -0300] "GET /js/jq/jquery-1.7.1.min.js HTTP/1.1" 304 - "http://sgws11.hospedagemdesites.ws/backend_dev.php/producto" "Mozilla/5.0 (X11; Ubuntu; Linux x86_64; rv:30.0) Gecko/20100101 Firefox/30.0"
190.200.155.201 - - [01/Sep/2014:10:28:19 -0300] "GET /js/main.js HTTP/1.1" 304 - "http://sgws11.hospedagemdesites.ws/backend_dev.php/producto" "Mozilla/5.0 (X11; Ubuntu; Linux x86_64; rv:30.0) Gecko/20100101 Firefox/30.0"
190.200.155.201 - - [01/Sep/2014:10:28:19 -0300] "GET /js/jq/jq.ajaxupload.js HTTP/1.1" 304 - "http://sgws11.hospedagemdesites.ws/backend_dev.php/producto" "Mozilla/5.0 (X11; Ubuntu; Linux x86_64; rv:30.0) Gecko/20100101 Firefox/30.0"
190.200.155.201 - - [01/Sep/2014:10:28:19 -0300] "GET /js/jq/jqueryslidemenu.js HTTP/1.1" 304 - "http://sgws11.hospedagemdesites.ws/backend_dev.php/producto" "Mozilla/5.0 (X11; Ubuntu; Linux x86_64; rv:30.0) Gecko/20100101 Firefox/30.0"
190.200.155.201 - - [01/Sep/2014:10:28:19 -0300] "GET /js/lynxCms.js HTTP/1.1" 304 - "http://sgws11.hospedagemdesites.ws/backend_dev.php/producto" "Mozilla/5.0 (X11; Ubuntu; Linux x86_64; rv:30.0) Gecko/20100101 Firefox/30.0"
190.200.155.201 - - [01/Sep/2014:10:28:20 -0300] "GET /js/extjs/adapter/ext/ext-base.js HTTP/1.1" 304 - "http://sgws11.hospedagemdesites.ws/backend_dev.php/producto" "Mozilla/5.0 (X11; Ubuntu; Linux x86_64; rv:30.0) Gecko/20100101 Firefox/30.0"
190.200.155.201 - - [01/Sep/2014:10:28:20 -0300] "GET /js/extjs/ext-all.js HTTP/1.1" 304 - "http://sgws11.hospedagemdesites.ws/backend_dev.php/producto" "Mozilla/5.0 (X11; Ubuntu; Linux x86_64; rv:30.0) Gecko/20100101 Firefox/30.0"
190.200.155.201 - - [01/Sep/2014:10:28:20 -0300] "GET /js/jq/jquery-ui-1.8.1.custom.min.js HTTP/1.1" 304 - "http://sgws11.hospedagemdesites.ws/backend_dev.php/producto" "Mozilla/5.0 (X11; Ubuntu; Linux x86_64; rv:30.0) Gecko/20100101 Firefox/30.0"
190.200.155.201 - - [01/Sep/2014:10:28:20 -0300] "GET /js/jq/jquery.ui.widget.js HTTP/1.1" 304 - "http://sgws11.hospedagemdesites.ws/backend_dev.php/producto" "Mozilla/5.0 (X11; Ubuntu; Linux x86_64; rv:30.0) Gecko/20100101 Firefox/30.0"
190.200.155.201 - - [01/Sep/2014:10:28:20 -0300] "GET /js/jq/jquery.ui.mouse.js HTTP/1.1" 304 - "http://sgws11.hospedagemdesites.ws/backend_dev.php/producto" "Mozilla/5.0 (X11; Ubuntu; Linux x86_64; rv:30.0) Gecko/20100101 Firefox/30.0"
190.200.155.201 - - [01/Sep/2014:10:28:20 -0300] "GET /js/jq/jquery.ui.sortable.js HTTP/1.1" 304 - "http://sgws11.hospedagemdesites.ws/backend_dev.php/producto" "Mozilla/5.0 (X11; Ubuntu; Linux x86_64; rv:30.0) Gecko/20100101 Firefox/30.0"
190.200.155.201 - - [01/Sep/2014:10:28:20 -0300] "GET /js/jq/jquery.validationEngine.js HTTP/1.1" 304 - "http://sgws11.hospedagemdesites.ws/backend_dev.php/producto" "Mozilla/5.0 (X11; Ubuntu; Linux x86_64; rv:30.0) Gecko/20100101 Firefox/30.0"
190.200.155.201 - - [01/Sep/2014:10:28:20 -0300] "GET /js/jq/jquery.validationEngine-en_US.js HTTP/1.1" 304 - "http://sgws11.hospedagemdesites.ws/backend_dev.php/producto" "Mozilla/5.0 (X11; Ubuntu; Linux x86_64; rv:30.0) Gecko/20100101 Firefox/30.0"
190.200.155.201 - - [01/Sep/2014:10:28:20 -0300] "GET /js/jq/jquery.price_format.1.8.js HTTP/1.1" 304 - "http://sgws11.hospedagemdesites.ws/backend_dev.php/producto" "Mozilla/5.0 (X11; Ubuntu; Linux x86_64; rv:30.0) Gecko/20100101 Firefox/30.0"
190.200.155.201 - - [01/Sep/2014:10:28:46 -0300] "GET /backend_dev.php/enviromaq/edit/id/54 HTTP/1.1" 200 91888 "http://sgws11.hospedagemdesites.ws/backend_dev.php/producto" "Mozilla/5.0 (X11; Ubuntu; Linux x86_64; rv:30.0) Gecko/20100101 Firefox/30.0"
190.200.155.201 - - [01/Sep/2014:10:28:52 -0300] "GET /home/storage/6/8c/8b/sgws11/public_html/uploads/producto/galeria/2013-12-01 HTTP/1.1" 404 1374 "http://sgws11.hospedagemdesites.ws/backend_dev.php/enviromaq/edit/id/54" "Mozilla/5.0 (X11; Ubuntu; Linux x86_64; rv:30.0) Gecko/20100101 Firefox/30.0"
190.200.155.201 - - [01/Sep/2014:10:28:52 -0300] "GET /images/logo_cte.png HTTP/1.1" 304 - "http://sgws11.hospedagemdesites.ws/backend_dev.php/enviromaq/edit/id/54" "Mozilla/5.0 (X11; Ubuntu; Linux x86_64; rv:30.0) Gecko/20100101 Firefox/30.0"
190.200.155.201 - - [01/Sep/2014:10:28:53 -0300] "GET /images/bck_button.png HTTP/1.1" 304 - "http://sgws11.hospedagemdesites.ws/css/main.css" "Mozilla/5.0 (X11; Ubuntu; Linux x86_64; rv:30.0) Gecko/20100101 Firefox/30.0"
179.153.46.45 - - [01/Sep/2014:10:28:56 -0300] "POST /backend_dev.php/producto HTTP/1.1" 200 85118 "http://sgws11.hospedagemdesites.ws/backend_dev.php/producto" "Mozilla/5.0 (Windows NT 6.3; WOW64) AppleWebKit/537.36 (KHTML, like Gecko) Chrome/36.0.1985.143 Safari/537.36"
179.153.46.45 - - [01/Sep/2014:10:28:57 -0300] "POST /backend_dev.php/producto HTTP/1.1" 200 85149 "http://sgws11.hospedagemdesites.ws/backend_dev.php/producto" "Mozilla/5.0 (Windows NT 6.3; WOW64) AppleWebKit/537.36 (KHTML, like Gecko) Chrome/36.0.1985.143 Safari/537.36"
179.153.46.45 - - [01/Sep/2014:10:28:58 -0300] "GET /images/icons/list_pessoas.png HTTP/1.1" 304 - "http://sgws11.hospedagemdesites.ws/backend_dev.php/producto" "Mozilla/5.0 (Windows NT 6.3; WOW64) AppleWebKit/537.36 (KHTML, like Gecko) Chrome/36.0.1985.143 Safari/537.36"
179.153.46.45 - - [01/Sep/2014:10:28:58 -0300] "GET /images/icons/articles.png HTTP/1.1" 304 - "http://sgws11.hospedagemdesites.ws/backend_dev.php/producto" "Mozilla/5.0 (Windows NT 6.3; WOW64) AppleWebKit/537.36 (KHTML, like Gecko) Chrome/36.0.1985.143 Safari/537.36"
179.153.46.45 - - [01/Sep/2014:10:28:58 -0300] "GET /sf/sf_web_debug/images/sf.png HTTP/1.1" 404 1358 "http://sgws11.hospedagemdesites.ws/backend_dev.php/producto" "Mozilla/5.0 (Windows NT 6.3; WOW64) AppleWebKit/537.36 (KHTML, like Gecko) Chrome/36.0.1985.143 Safari/537.36"
179.153.46.45 - - [01/Sep/2014:10:28:58 -0300] "GET /images/semfoto.jpg HTTP/1.1" 304 - "http://sgws11.hospedagemdesites.ws/backend_dev.php/producto" "Mozilla/5.0 (Windows NT 6.3; WOW64) AppleWebKit/537.36 (KHTML, like Gecko) Chrome/36.0.1985.143 Safari/537.36"
179.153.46.45 - - [01/Sep/2014:10:28:58 -0300] "GET /sf/sf_web_debug/images/view.png HTTP/1.1" 404 1358 "http://sgws11.hospedagemdesites.ws/backend_dev.php/producto" "Mozilla/5.0 (Windows NT 6.3; WOW64) AppleWebKit/537.36 (KHTML, like Gecko) Chrome/36.0.1985.143 Safari/537.36"
179.153.46.45 - - [01/Sep/2014:10:28:58 -0300] "GET /sf/sf_web_debug/images/log.png HTTP/1.1" 404 1358 "http://sgws11.hospedagemdesites.ws/backend_dev.php/producto" "Mozilla/5.0 (Windows NT 6.3; WOW64) AppleWebKit/537.36 (KHTML, like Gecko) Chrome/36.0.1985.143 Safari/537.36"
179.153.46.45 - - [01/Sep/2014:10:28:58 -0300] "GET /sf/sf_web_debug/images/config.png HTTP/1.1" 404 1358 "http://sgws11.hospedagemdesites.ws/backend_dev.php/producto" "Mozilla/5.0 (Windows NT 6.3; WOW64) AppleWebKit/537.36 (KHTML, like Gecko) Chrome/36.0.1985.143 Safari/537.36"
179.153.46.45 - - [01/Sep/2014:10:28:58 -0300] "GET /sf/sf_web_debug/images/memory.png HTTP/1.1" 404 1358 "http://sgws11.hospedagemdesites.ws/backend_dev.php/producto" "Mozilla/5.0 (Windows NT 6.3; WOW64) AppleWebKit/537.36 (KHTML, like Gecko) Chrome/36.0.1985.143 Safari/537.36"
179.153.46.45 - - [01/Sep/2014:10:28:58 -0300] "GET /sf/sf_web_debug/images/time.png HTTP/1.1" 404 1358 "http://sgws11.hospedagemdesites.ws/backend_dev.php/producto" "Mozilla/5.0 (Windows NT 6.3; WOW64) AppleWebKit/537.36 (KHTML, like Gecko) Chrome/36.0.1985.143 Safari/537.36"
179.153.46.45 - - [01/Sep/2014:10:28:58 -0300] "GET /sf/sf_web_debug/images/toggle.gif HTTP/1.1" 404 1358 "http://sgws11.hospedagemdesites.ws/backend_dev.php/producto" "Mozilla/5.0 (Windows NT 6.3; WOW64) AppleWebKit/537.36 (KHTML, like Gecko) Chrome/36.0.1985.143 Safari/537.36"
179.153.46.45 - - [01/Sep/2014:10:28:58 -0300] "GET /sf/sf_web_debug/images/close.png HTTP/1.1" 404 1358 "http://sgws11.hospedagemdesites.ws/backend_dev.php/producto" "Mozilla/5.0 (Windows NT 6.3; WOW64) AppleWebKit/537.36 (KHTML, like Gecko) Chrome/36.0.1985.143 Safari/537.36"
179.153.46.45 - - [01/Sep/2014:10:28:58 -0300] "GET /sf/sf_web_debug/images/info.png HTTP/1.1" 404 1358 "http://sgws11.hospedagemdesites.ws/backend_dev.php/producto" "Mozilla/5.0 (Windows NT 6.3; WOW64) AppleWebKit/537.36 (KHTML, like Gecko) Chrome/36.0.1985.143 Safari/537.36"
179.153.46.45 - - [01/Sep/2014:10:28:58 -0300] "GET /sf/sf_web_debug/images/warning.png HTTP/1.1" 404 1358 "http://sgws11.hospedagemdesites.ws/backend_dev.php/producto" "Mozilla/5.0 (Windows NT 6.3; WOW64) AppleWebKit/537.36 (KHTML, like Gecko) Chrome/36.0.1985.143 Safari/537.36"
179.153.46.45 - - [01/Sep/2014:10:28:58 -0300] "GET /sf/sf_web_debug/images/error.png HTTP/1.1" 404 1358 "http://sgws11.hospedagemdesites.ws/backend_dev.php/producto" "Mozilla/5.0 (Windows NT 6.3; WOW64) AppleWebKit/537.36 (KHTML, like Gecko) Chrome/36.0.1985.143 Safari/537.36"
190.200.155.201 - - [01/Sep/2014:10:28:58 -0300] "GET /images/bck_button_over.png HTTP/1.1" 304 - "http://sgws11.hospedagemdesites.ws/css/main.css" "Mozilla/5.0 (X11; Ubuntu; Linux x86_64; rv:30.0) Gecko/20100101 Firefox/30.0"
190.200.155.201 - - [01/Sep/2014:10:28:59 -0300] "POST /backend_dev.php/enviromaq/update/id/54 HTTP/1.1" 302 165 "http://sgws11.hospedagemdesites.ws/backend_dev.php/enviromaq/edit/id/54" "Mozilla/5.0 (X11; Ubuntu; Linux x86_64; rv:30.0) Gecko/20100101 Firefox/30.0"
190.200.155.201 - - [01/Sep/2014:10:29:00 -0300] "GET /backend_dev.php/producto/index/sort/id/by/asc/page/1/loja/2 HTTP/1.1" 200 113752 "http://sgws11.hospedagemdesites.ws/backend_dev.php/enviromaq/edit/id/54" "Mozilla/5.0 (X11; Ubuntu; Linux x86_64; rv:30.0) Gecko/20100101 Firefox/30.0"
179.153.46.45 - - [01/Sep/2014:10:29:02 -0300] "POST /backend_dev.php/producto HTTP/1.1" 200 86823 "http://sgws11.hospedagemdesites.ws/backend_dev.php/producto" "Mozilla/5.0 (Windows NT 6.3; WOW64) AppleWebKit/537.36 (KHTML, like Gecko) Chrome/36.0.1985.143 Safari/537.36"
190.200.155.201 - - [01/Sep/2014:10:29:05 -0300] "GET /images/magnifier.png HTTP/1.1" 304 - "http://sgws11.hospedagemdesites.ws/css/main.css" "Mozilla/5.0 (X11; Ubuntu; Linux x86_64; rv:30.0) Gecko/20100101 Firefox/30.0"
190.200.155.201 - - [01/Sep/2014:10:29:16 -0300] "POST /backend_dev.php/producto/index/sort/id/by/asc/page/1/loja/2 HTTP/1.1" 200 113651 "http://sgws11.hospedagemdesites.ws/backend_dev.php/producto/index/sort/id/by/asc/page/1/loja/2" "Mozilla/5.0 (X11; Ubuntu; Linux x86_64; rv:30.0) Gecko/20100101 Firefox/30.0"
190.200.155.201 - - [01/Sep/2014:10:29:20 -0300] "GET /images/user.jpg HTTP/1.1" 304 - "http://sgws11.hospedagemdesites.ws/backend_dev.php/producto/index/sort/id/by/asc/page/1/loja/2" "Mozilla/5.0 (X11; Ubuntu; Linux x86_64; rv:30.0) Gecko/20100101 Firefox/30.0"
190.200.155.201 - - [01/Sep/2014:10:29:48 -0300] "POST /backend_dev.php/producto/index/sort/id/by/asc/page/1/loja/2 HTTP/1.1" 200 113621 "http://sgws11.hospedagemdesites.ws/backend_dev.php/producto/index/sort/id/by/asc/page/1/loja/2" "Mozilla/5.0 (X11; Ubuntu; Linux x86_64; rv:30.0) Gecko/20100101 Firefox/30.0"
190.200.155.201 - - [01/Sep/2014:10:30:19 -0300] "POST /backend_dev.php/producto HTTP/1.1" 200 86532 "http://sgws11.hospedagemdesites.ws/backend_dev.php/producto" "Mozilla/5.0 (X11; Ubuntu; Linux x86_64; rv:30.0) Gecko/20100101 Firefox/30.0"
190.200.155.201 - - [01/Sep/2014:10:31:20 -0300] "POST /backend_dev.php/producto HTTP/1.1" 200 86526 "http://sgws11.hospedagemdesites.ws/backend_dev.php/producto" "Mozilla/5.0 (X11; Ubuntu; Linux x86_64; rv:30.0) Gecko/20100101 Firefox/30.0"
190.200.155.201 - - [01/Sep/2014:10:31:39 -0300] "GET /css/main.css HTTP/1.1" 304 - "http://sgws11.hospedagemdesites.ws/backend_dev.php/producto" "Mozilla/5.0 (X11; Ubuntu; Linux x86_64; rv:30.0) Gecko/20100101 Firefox/30.0"
190.200.155.201 - - [01/Sep/2014:10:31:39 -0300] "GET /css/validationEngineBackend.jquery.css HTTP/1.1" 304 - "http://sgws11.hospedagemdesites.ws/backend_dev.php/producto" "Mozilla/5.0 (X11; Ubuntu; Linux x86_64; rv:30.0) Gecko/20100101 Firefox/30.0"
190.200.155.201 - - [01/Sep/2014:10:31:39 -0300] "GET /css/jq/jqueryslidemenu.css HTTP/1.1" 304 - "http://sgws11.hospedagemdesites.ws/backend_dev.php/producto" "Mozilla/5.0 (X11; Ubuntu; Linux x86_64; rv:30.0) Gecko/20100101 Firefox/30.0"
190.200.155.201 - - [01/Sep/2014:10:31:39 -0300] "GET /js/extjs/resources/css/ext-all.css HTTP/1.1" 304 - "http://sgws11.hospedagemdesites.ws/backend_dev.php/producto" "Mozilla/5.0 (X11; Ubuntu; Linux x86_64; rv:30.0) Gecko/20100101 Firefox/30.0"
190.200.155.201 - - [01/Sep/2014:10:31:39 -0300] "GET /css/cupertino/jquery-ui-1.8.1.custom.css HTTP/1.1" 304 - "http://sgws11.hospedagemdesites.ws/backend_dev.php/producto" "Mozilla/5.0 (X11; Ubuntu; Linux x86_64; rv:30.0) Gecko/20100101 Firefox/30.0"
179.153.46.45 - - [01/Sep/2014:10:31:06 -0300] "GET /backend_dev.php/despesa/pagamentosEnAtraso HTTP/1.1" 200 532754 "http://sgws11.hospedagemdesites.ws/backend_dev.php/producto" "Mozilla/5.0 (Windows NT 6.3; WOW64) AppleWebKit/537.36 (KHTML, like Gecko) Chrome/36.0.1985.143 Safari/537.36"
179.153.46.45 - - [01/Sep/2014:10:31:40 -0300] "GET /js/fancybox/jquery.fancybox.css HTTP/1.1" 304 - "http://sgws11.hospedagemdesites.ws/backend_dev.php/despesa/pagamentosEnAtraso" "Mozilla/5.0 (Windows NT 6.3; WOW64) AppleWebKit/537.36 (KHTML, like Gecko) Chrome/36.0.1985.143 Safari/537.36"
179.153.46.45 - - [01/Sep/2014:10:31:41 -0300] "GET /uploads/users/med_4_logoecusbrface.jpg HTTP/1.1" 404 1394 "http://sgws11.hospedagemdesites.ws/backend_dev.php/despesa/pagamentosEnAtraso" "Mozilla/5.0 (Windows NT 6.3; WOW64) AppleWebKit/537.36 (KHTML, like Gecko) Chrome/36.0.1985.143 Safari/537.36"
179.153.46.45 - - [01/Sep/2014:10:31:41 -0300] "GET /images/icons/bell.png HTTP/1.1" 304 - "http://sgws11.hospedagemdesites.ws/backend_dev.php/despesa/pagamentosEnAtraso" "Mozilla/5.0 (Windows NT 6.3; WOW64) AppleWebKit/537.36 (KHTML, like Gecko) Chrome/36.0.1985.143 Safari/537.36"
179.153.46.45 - - [01/Sep/2014:10:31:41 -0300] "GET /images/icons/informacoe.png HTTP/1.1" 304 - "http://sgws11.hospedagemdesites.ws/backend_dev.php/despesa/pagamentosEnAtraso" "Mozilla/5.0 (Windows NT 6.3; WOW64) AppleWebKit/537.36 (KHTML, like Gecko) Chrome/36.0.1985.143 Safari/537.36"
179.153.46.45 - - [01/Sep/2014:10:31:41 -0300] "GET /images/icons/print.png HTTP/1.1" 304 - "http://sgws11.hospedagemdesites.ws/backend_dev.php/despesa/pagamentosEnAtraso" "Mozilla/5.0 (Windows NT 6.3; WOW64) AppleWebKit/537.36 (KHTML, like Gecko) Chrome/36.0.1985.143 Safari/537.36"
179.153.46.45 - - [01/Sep/2014:10:31:41 -0300] "GET /sf/sf_web_debug/images/database.png HTTP/1.1" 404 1394 "http://sgws11.hospedagemdesites.ws/backend_dev.php/despesa/pagamentosEnAtraso" "Mozilla/5.0 (Windows NT 6.3; WOW64) AppleWebKit/537.36 (KHTML, like Gecko) Chrome/36.0.1985.143 Safari/537.36"
190.200.155.201 - - [01/Sep/2014:10:31:45 -0300] "GET /sf/sf_web_debug/images/sf.png HTTP/1.1" 404 1350 "http://sgws11.hospedagemdesites.ws/backend_dev.php/producto" "Mozilla/5.0 (X11; Ubuntu; Linux x86_64; rv:30.0) Gecko/20100101 Firefox/30.0"
190.200.155.201 - - [01/Sep/2014:10:31:45 -0300] "GET /sf/sf_web_debug/images/config.png HTTP/1.1" 404 1350 "http://sgws11.hospedagemdesites.ws/backend_dev.php/producto" "Mozilla/5.0 (X11; Ubuntu; Linux x86_64; rv:30.0) Gecko/20100101 Firefox/30.0"
190.200.155.201 - - [01/Sep/2014:10:31:45 -0300] "GET /sf/sf_web_debug/images/view.png HTTP/1.1" 404 1350 "http://sgws11.hospedagemdesites.ws/backend_dev.php/producto" "Mozilla/5.0 (X11; Ubuntu; Linux x86_64; rv:30.0) Gecko/20100101 Firefox/30.0"
190.200.155.201 - - [01/Sep/2014:10:31:45 -0300] "GET /sf/sf_web_debug/images/log.png HTTP/1.1" 404 1350 "http://sgws11.hospedagemdesites.ws/backend_dev.php/producto" "Mozilla/5.0 (X11; Ubuntu; Linux x86_64; rv:30.0) Gecko/20100101 Firefox/30.0"
190.200.155.201 - - [01/Sep/2014:10:31:45 -0300] "GET /sf/sf_web_debug/images/memory.png HTTP/1.1" 404 1350 "http://sgws11.hospedagemdesites.ws/backend_dev.php/producto" "Mozilla/5.0 (X11; Ubuntu; Linux x86_64; rv:30.0) Gecko/20100101 Firefox/30.0"
190.200.155.201 - - [01/Sep/2014:10:31:45 -0300] "GET /sf/sf_web_debug/images/time.png HTTP/1.1" 404 1350 "http://sgws11.hospedagemdesites.ws/backend_dev.php/producto" "Mozilla/5.0 (X11; Ubuntu; Linux x86_64; rv:30.0) Gecko/20100101 Firefox/30.0"
190.200.155.201 - - [01/Sep/2014:10:31:45 -0300] "GET /sf/sf_web_debug/images/database.png HTTP/1.1" 404 1350 "http://sgws11.hospedagemdesites.ws/backend_dev.php/producto" "Mozilla/5.0 (X11; Ubuntu; Linux x86_64; rv:30.0) Gecko/20100101 Firefox/30.0"
