190.200.155.201 - - [27/Aug/2014:09:43:46 -0300] "GET /sf/sf_web_debug/images/config.png HTTP/1.1" 404 1350 "http://sgws11.hospedagemdesites.ws/backend_dev.php/producto" "Mozilla/5.0 (X11; Linux x86_64) AppleWebKit/537.36 (KHTML, like Gecko) Chrome/36.0.1985.125 Safari/537.36"
190.200.155.201 - - [27/Aug/2014:09:43:47 -0300] "GET /images/icons/icon_projeto.png HTTP/1.1" 200 50968 "http://sgws11.hospedagemdesites.ws/backend_dev.php/producto" "Mozilla/5.0 (X11; Linux x86_64) AppleWebKit/537.36 (KHTML, like Gecko) Chrome/36.0.1985.125 Safari/537.36"
190.200.155.201 - - [27/Aug/2014:09:43:47 -0300] "GET /images/bck_button.png HTTP/1.1" 304 - "http://sgws11.hospedagemdesites.ws/backend_dev.php/producto" "Mozilla/5.0 (X11; Linux x86_64) AppleWebKit/537.36 (KHTML, like Gecko) Chrome/36.0.1985.125 Safari/537.36"
190.200.155.201 - - [27/Aug/2014:09:43:47 -0300] "GET /images/magnifier.png HTTP/1.1" 200 716 "http://sgws11.hospedagemdesites.ws/backend_dev.php/producto" "Mozilla/5.0 (X11; Linux x86_64) AppleWebKit/537.36 (KHTML, like Gecko) Chrome/36.0.1985.125 Safari/537.36"
190.200.155.201 - - [27/Aug/2014:09:43:47 -0300] "GET /sf/sf_web_debug/images/log.png HTTP/1.1" 404 1350 "http://sgws11.hospedagemdesites.ws/backend_dev.php/producto" "Mozilla/5.0 (X11; Linux x86_64) AppleWebKit/537.36 (KHTML, like Gecko) Chrome/36.0.1985.125 Safari/537.36"
190.200.155.201 - - [27/Aug/2014:09:43:47 -0300] "GET /sf/sf_web_debug/images/database.png HTTP/1.1" 404 1350 "http://sgws11.hospedagemdesites.ws/backend_dev.php/producto" "Mozilla/5.0 (X11; Linux x86_64) AppleWebKit/537.36 (KHTML, like Gecko) Chrome/36.0.1985.125 Safari/537.36"
190.200.155.201 - - [27/Aug/2014:09:43:47 -0300] "GET /sf/sf_web_debug/images/close.png HTTP/1.1" 404 1350 "http://sgws11.hospedagemdesites.ws/backend_dev.php/producto" "Mozilla/5.0 (X11; Linux x86_64) AppleWebKit/537.36 (KHTML, like Gecko) Chrome/36.0.1985.125 Safari/537.36"
190.200.155.201 - - [27/Aug/2014:09:43:47 -0300] "GET /sf/sf_web_debug/images/view.png HTTP/1.1" 404 1350 "http://sgws11.hospedagemdesites.ws/backend_dev.php/producto" "Mozilla/5.0 (X11; Linux x86_64) AppleWebKit/537.36 (KHTML, like Gecko) Chrome/36.0.1985.125 Safari/537.36"
190.200.155.201 - - [27/Aug/2014:09:43:47 -0300] "GET /sf/sf_web_debug/images/time.png HTTP/1.1" 404 1350 "http://sgws11.hospedagemdesites.ws/backend_dev.php/producto" "Mozilla/5.0 (X11; Linux x86_64) AppleWebKit/537.36 (KHTML, like Gecko) Chrome/36.0.1985.125 Safari/537.36"
190.200.155.201 - - [27/Aug/2014:09:43:47 -0300] "GET /sf/sf_web_debug/images/memory.png HTTP/1.1" 404 1350 "http://sgws11.hospedagemdesites.ws/backend_dev.php/producto" "Mozilla/5.0 (X11; Linux x86_64) AppleWebKit/537.36 (KHTML, like Gecko) Chrome/36.0.1985.125 Safari/537.36"
190.200.155.201 - - [27/Aug/2014:09:43:47 -0300] "GET /sf/sf_web_debug/images/toggle.gif HTTP/1.1" 404 1350 "http://sgws11.hospedagemdesites.ws/backend_dev.php/producto" "Mozilla/5.0 (X11; Linux x86_64) AppleWebKit/537.36 (KHTML, like Gecko) Chrome/36.0.1985.125 Safari/537.36"
190.200.155.201 - - [27/Aug/2014:09:43:47 -0300] "GET /sf/sf_web_debug/images/info.png HTTP/1.1" 404 1350 "http://sgws11.hospedagemdesites.ws/backend_dev.php/producto" "Mozilla/5.0 (X11; Linux x86_64) AppleWebKit/537.36 (KHTML, like Gecko) Chrome/36.0.1985.125 Safari/537.36"
190.200.155.201 - - [27/Aug/2014:09:43:47 -0300] "GET /sf/sf_web_debug/images/warning.png HTTP/1.1" 404 1350 "http://sgws11.hospedagemdesites.ws/backend_dev.php/producto" "Mozilla/5.0 (X11; Linux x86_64) AppleWebKit/537.36 (KHTML, like Gecko) Chrome/36.0.1985.125 Safari/537.36"
190.200.155.201 - - [27/Aug/2014:09:43:47 -0300] "GET /sf/sf_web_debug/images/error.png HTTP/1.1" 404 1350 "http://sgws11.hospedagemdesites.ws/backend_dev.php/producto" "Mozilla/5.0 (X11; Linux x86_64) AppleWebKit/537.36 (KHTML, like Gecko) Chrome/36.0.1985.125 Safari/537.36"
179.153.45.121 - - [27/Aug/2014:09:44:06 -0300] "GET /backend_dev.php/producto HTTP/1.1" 200 111447 "http://sgws11.hospedagemdesites.ws/backend_dev.php/projeto" "Mozilla/5.0 (Windows NT 6.3; WOW64) AppleWebKit/537.36 (KHTML, like Gecko) Chrome/36.0.1985.143 Safari/537.36"
179.153.45.121 - - [27/Aug/2014:09:44:07 -0300] "GET /uploads/users/med_4_logoecusbrface.jpg HTTP/1.1" 404 1358 "http://sgws11.hospedagemdesites.ws/backend_dev.php/producto" "Mozilla/5.0 (Windows NT 6.3; WOW64) AppleWebKit/537.36 (KHTML, like Gecko) Chrome/36.0.1985.143 Safari/537.36"
179.153.45.121 - - [27/Aug/2014:09:44:07 -0300] "GET /sf/sf_web_debug/images/sf.png HTTP/1.1" 404 1358 "http://sgws11.hospedagemdesites.ws/backend_dev.php/producto" "Mozilla/5.0 (Windows NT 6.3; WOW64) AppleWebKit/537.36 (KHTML, like Gecko) Chrome/36.0.1985.143 Safari/537.36"
179.153.45.121 - - [27/Aug/2014:09:44:07 -0300] "GET /sf/sf_web_debug/images/config.png HTTP/1.1" 404 1358 "http://sgws11.hospedagemdesites.ws/backend_dev.php/producto" "Mozilla/5.0 (Windows NT 6.3; WOW64) AppleWebKit/537.36 (KHTML, like Gecko) Chrome/36.0.1985.143 Safari/537.36"
179.153.45.121 - - [27/Aug/2014:09:44:07 -0300] "GET /sf/sf_web_debug/images/view.png HTTP/1.1" 404 1358 "http://sgws11.hospedagemdesites.ws/backend_dev.php/producto" "Mozilla/5.0 (Windows NT 6.3; WOW64) AppleWebKit/537.36 (KHTML, like Gecko) Chrome/36.0.1985.143 Safari/537.36"
179.153.45.121 - - [27/Aug/2014:09:44:07 -0300] "GET /sf/sf_web_debug/images/log.png HTTP/1.1" 404 1358 "http://sgws11.hospedagemdesites.ws/backend_dev.php/producto" "Mozilla/5.0 (Windows NT 6.3; WOW64) AppleWebKit/537.36 (KHTML, like Gecko) Chrome/36.0.1985.143 Safari/537.36"
179.153.45.121 - - [27/Aug/2014:09:44:07 -0300] "GET /sf/sf_web_debug/images/memory.png HTTP/1.1" 404 1358 "http://sgws11.hospedagemdesites.ws/backend_dev.php/producto" "Mozilla/5.0 (Windows NT 6.3; WOW64) AppleWebKit/537.36 (KHTML, like Gecko) Chrome/36.0.1985.143 Safari/537.36"
179.153.45.121 - - [27/Aug/2014:09:44:07 -0300] "GET /sf/sf_web_debug/images/time.png HTTP/1.1" 404 1358 "http://sgws11.hospedagemdesites.ws/backend_dev.php/producto" "Mozilla/5.0 (Windows NT 6.3; WOW64) AppleWebKit/537.36 (KHTML, like Gecko) Chrome/36.0.1985.143 Safari/537.36"
179.153.45.121 - - [27/Aug/2014:09:44:07 -0300] "GET /sf/sf_web_debug/images/database.png HTTP/1.1" 404 1358 "http://sgws11.hospedagemdesites.ws/backend_dev.php/producto" "Mozilla/5.0 (Windows NT 6.3; WOW64) AppleWebKit/537.36 (KHTML, like Gecko) Chrome/36.0.1985.143 Safari/537.36"
179.153.45.121 - - [27/Aug/2014:09:44:07 -0300] "GET /sf/sf_web_debug/images/close.png HTTP/1.1" 404 1358 "http://sgws11.hospedagemdesites.ws/backend_dev.php/producto" "Mozilla/5.0 (Windows NT 6.3; WOW64) AppleWebKit/537.36 (KHTML, like Gecko) Chrome/36.0.1985.143 Safari/537.36"
179.153.45.121 - - [27/Aug/2014:09:44:07 -0300] "GET /sf/sf_web_debug/images/toggle.gif HTTP/1.1" 404 1358 "http://sgws11.hospedagemdesites.ws/backend_dev.php/producto" "Mozilla/5.0 (Windows NT 6.3; WOW64) AppleWebKit/537.36 (KHTML, like Gecko) Chrome/36.0.1985.143 Safari/537.36"
179.153.45.121 - - [27/Aug/2014:09:44:07 -0300] "GET /sf/sf_web_debug/images/info.png HTTP/1.1" 404 1358 "http://sgws11.hospedagemdesites.ws/backend_dev.php/producto" "Mozilla/5.0 (Windows NT 6.3; WOW64) AppleWebKit/537.36 (KHTML, like Gecko) Chrome/36.0.1985.143 Safari/537.36"
179.153.45.121 - - [27/Aug/2014:09:44:07 -0300] "GET /sf/sf_web_debug/images/warning.png HTTP/1.1" 404 1358 "http://sgws11.hospedagemdesites.ws/backend_dev.php/producto" "Mozilla/5.0 (Windows NT 6.3; WOW64) AppleWebKit/537.36 (KHTML, like Gecko) Chrome/36.0.1985.143 Safari/537.36"
179.153.45.121 - - [27/Aug/2014:09:44:07 -0300] "GET /sf/sf_web_debug/images/error.png HTTP/1.1" 404 1358 "http://sgws11.hospedagemdesites.ws/backend_dev.php/producto" "Mozilla/5.0 (Windows NT 6.3; WOW64) AppleWebKit/537.36 (KHTML, like Gecko) Chrome/36.0.1985.143 Safari/537.36"
190.200.155.201 - - [27/Aug/2014:09:44:27 -0300] "GET /backend_dev.php/enviromaq/detalhe/id/13 HTTP/1.1" 200 87480 "http://sgws11.hospedagemdesites.ws/backend_dev.php/producto" "Mozilla/5.0 (X11; Linux x86_64) AppleWebKit/537.36 (KHTML, like Gecko) Chrome/36.0.1985.125 Safari/537.36"
190.200.155.201 - - [27/Aug/2014:09:44:29 -0300] "GET /images/btn_voltar_cad.gif HTTP/1.1" 200 632 "http://sgws11.hospedagemdesites.ws/backend_dev.php/enviromaq/detalhe/id/13" "Mozilla/5.0 (X11; Linux x86_64) AppleWebKit/537.36 (KHTML, like Gecko) Chrome/36.0.1985.125 Safari/537.36"
190.200.155.201 - - [27/Aug/2014:09:44:29 -0300] "GET /images/btn_comprar.png HTTP/1.1" 200 1552 "http://sgws11.hospedagemdesites.ws/backend_dev.php/enviromaq/detalhe/id/13" "Mozilla/5.0 (X11; Linux x86_64) AppleWebKit/537.36 (KHTML, like Gecko) Chrome/36.0.1985.125 Safari/537.36"
179.153.45.121 - - [27/Aug/2014:09:49:27 -0300] "GET /backend_dev.php/enviromaq/detalhe/id/1 HTTP/1.1" 200 87879 "http://sgws11.hospedagemdesites.ws/backend_dev.php/producto" "Mozilla/5.0 (Windows NT 6.3; WOW64) AppleWebKit/537.36 (KHTML, like Gecko) Chrome/36.0.1985.143 Safari/537.36"
179.153.45.121 - - [27/Aug/2014:09:49:29 -0300] "GET /css/main.css HTTP/1.1" 304 - "http://sgws11.hospedagemdesites.ws/backend_dev.php/enviromaq/detalhe/id/1" "Mozilla/5.0 (Windows NT 6.3; WOW64) AppleWebKit/537.36 (KHTML, like Gecko) Chrome/36.0.1985.143 Safari/537.36"
179.153.45.121 - - [27/Aug/2014:09:49:29 -0300] "GET /css/jq/jqueryslidemenu.css HTTP/1.1" 304 - "http://sgws11.hospedagemdesites.ws/backend_dev.php/enviromaq/detalhe/id/1" "Mozilla/5.0 (Windows NT 6.3; WOW64) AppleWebKit/537.36 (KHTML, like Gecko) Chrome/36.0.1985.143 Safari/537.36"
179.153.45.121 - - [27/Aug/2014:09:49:29 -0300] "GET /css/validationEngineBackend.jquery.css HTTP/1.1" 304 - "http://sgws11.hospedagemdesites.ws/backend_dev.php/enviromaq/detalhe/id/1" "Mozilla/5.0 (Windows NT 6.3; WOW64) AppleWebKit/537.36 (KHTML, like Gecko) Chrome/36.0.1985.143 Safari/537.36"
179.153.45.121 - - [27/Aug/2014:09:49:29 -0300] "GET /js/extjs/resources/css/ext-all.css HTTP/1.1" 304 - "http://sgws11.hospedagemdesites.ws/backend_dev.php/enviromaq/detalhe/id/1" "Mozilla/5.0 (Windows NT 6.3; WOW64) AppleWebKit/537.36 (KHTML, like Gecko) Chrome/36.0.1985.143 Safari/537.36"
179.153.45.121 - - [27/Aug/2014:09:49:29 -0300] "GET /css/cupertino/jquery-ui-1.8.1.custom.css HTTP/1.1" 304 - "http://sgws11.hospedagemdesites.ws/backend_dev.php/enviromaq/detalhe/id/1" "Mozilla/5.0 (Windows NT 6.3; WOW64) AppleWebKit/537.36 (KHTML, like Gecko) Chrome/36.0.1985.143 Safari/537.36"
179.153.45.121 - - [27/Aug/2014:09:49:29 -0300] "GET /js/jq/jquery-1.7.1.min.js HTTP/1.1" 304 - "http://sgws11.hospedagemdesites.ws/backend_dev.php/enviromaq/detalhe/id/1" "Mozilla/5.0 (Windows NT 6.3; WOW64) AppleWebKit/537.36 (KHTML, like Gecko) Chrome/36.0.1985.143 Safari/537.36"
179.153.45.121 - - [27/Aug/2014:09:49:29 -0300] "GET /js/main.js HTTP/1.1" 304 - "http://sgws11.hospedagemdesites.ws/backend_dev.php/enviromaq/detalhe/id/1" "Mozilla/5.0 (Windows NT 6.3; WOW64) AppleWebKit/537.36 (KHTML, like Gecko) Chrome/36.0.1985.143 Safari/537.36"
179.153.45.121 - - [27/Aug/2014:09:49:29 -0300] "GET /js/jq/jq.ajaxupload.js HTTP/1.1" 304 - "http://sgws11.hospedagemdesites.ws/backend_dev.php/enviromaq/detalhe/id/1" "Mozilla/5.0 (Windows NT 6.3; WOW64) AppleWebKit/537.36 (KHTML, like Gecko) Chrome/36.0.1985.143 Safari/537.36"
179.153.45.121 - - [27/Aug/2014:09:49:29 -0300] "GET /js/jq/jqueryslidemenu.js HTTP/1.1" 304 - "http://sgws11.hospedagemdesites.ws/backend_dev.php/enviromaq/detalhe/id/1" "Mozilla/5.0 (Windows NT 6.3; WOW64) AppleWebKit/537.36 (KHTML, like Gecko) Chrome/36.0.1985.143 Safari/537.36"
179.153.45.121 - - [27/Aug/2014:09:49:29 -0300] "GET /js/lynxCms.js HTTP/1.1" 304 - "http://sgws11.hospedagemdesites.ws/backend_dev.php/enviromaq/detalhe/id/1" "Mozilla/5.0 (Windows NT 6.3; WOW64) AppleWebKit/537.36 (KHTML, like Gecko) Chrome/36.0.1985.143 Safari/537.36"
179.153.45.121 - - [27/Aug/2014:09:49:29 -0300] "GET /js/extjs/ext-all.js HTTP/1.1" 304 - "http://sgws11.hospedagemdesites.ws/backend_dev.php/enviromaq/detalhe/id/1" "Mozilla/5.0 (Windows NT 6.3; WOW64) AppleWebKit/537.36 (KHTML, like Gecko) Chrome/36.0.1985.143 Safari/537.36"
179.153.45.121 - - [27/Aug/2014:09:49:29 -0300] "GET /js/extjs/adapter/ext/ext-base.js HTTP/1.1" 304 - "http://sgws11.hospedagemdesites.ws/backend_dev.php/enviromaq/detalhe/id/1" "Mozilla/5.0 (Windows NT 6.3; WOW64) AppleWebKit/537.36 (KHTML, like Gecko) Chrome/36.0.1985.143 Safari/537.36"
179.153.45.121 - - [27/Aug/2014:09:49:29 -0300] "GET /js/jq/jquery.ui.widget.js HTTP/1.1" 304 - "http://sgws11.hospedagemdesites.ws/backend_dev.php/enviromaq/detalhe/id/1" "Mozilla/5.0 (Windows NT 6.3; WOW64) AppleWebKit/537.36 (KHTML, like Gecko) Chrome/36.0.1985.143 Safari/537.36"
179.153.45.121 - - [27/Aug/2014:09:49:29 -0300] "GET /js/jq/jquery-ui-1.8.1.custom.min.js HTTP/1.1" 304 - "http://sgws11.hospedagemdesites.ws/backend_dev.php/enviromaq/detalhe/id/1" "Mozilla/5.0 (Windows NT 6.3; WOW64) AppleWebKit/537.36 (KHTML, like Gecko) Chrome/36.0.1985.143 Safari/537.36"
179.153.45.121 - - [27/Aug/2014:09:49:29 -0300] "GET /js/jq/jquery.ui.sortable.js HTTP/1.1" 304 - "http://sgws11.hospedagemdesites.ws/backend_dev.php/enviromaq/detalhe/id/1" "Mozilla/5.0 (Windows NT 6.3; WOW64) AppleWebKit/537.36 (KHTML, like Gecko) Chrome/36.0.1985.143 Safari/537.36"
179.153.45.121 - - [27/Aug/2014:09:49:29 -0300] "GET /js/jq/jquery.ui.mouse.js HTTP/1.1" 304 - "http://sgws11.hospedagemdesites.ws/backend_dev.php/enviromaq/detalhe/id/1" "Mozilla/5.0 (Windows NT 6.3; WOW64) AppleWebKit/537.36 (KHTML, like Gecko) Chrome/36.0.1985.143 Safari/537.36"
179.153.45.121 - - [27/Aug/2014:09:49:29 -0300] "GET /js/jq/jquery.validationEngine.js HTTP/1.1" 304 - "http://sgws11.hospedagemdesites.ws/backend_dev.php/enviromaq/detalhe/id/1" "Mozilla/5.0 (Windows NT 6.3; WOW64) AppleWebKit/537.36 (KHTML, like Gecko) Chrome/36.0.1985.143 Safari/537.36"
179.153.45.121 - - [27/Aug/2014:09:49:29 -0300] "GET /js/jq/jquery.price_format.1.8.js HTTP/1.1" 304 - "http://sgws11.hospedagemdesites.ws/backend_dev.php/enviromaq/detalhe/id/1" "Mozilla/5.0 (Windows NT 6.3; WOW64) AppleWebKit/537.36 (KHTML, like Gecko) Chrome/36.0.1985.143 Safari/537.36"
179.153.45.121 - - [27/Aug/2014:09:49:29 -0300] "GET /js/jq/jquery.validationEngine-en_US.js HTTP/1.1" 304 - "http://sgws11.hospedagemdesites.ws/backend_dev.php/enviromaq/detalhe/id/1" "Mozilla/5.0 (Windows NT 6.3; WOW64) AppleWebKit/537.36 (KHTML, like Gecko) Chrome/36.0.1985.143 Safari/537.36"
179.153.45.121 - - [27/Aug/2014:09:49:29 -0300] "GET /images/logo_cte.png HTTP/1.1" 304 - "http://sgws11.hospedagemdesites.ws/backend_dev.php/enviromaq/detalhe/id/1" "Mozilla/5.0 (Windows NT 6.3; WOW64) AppleWebKit/537.36 (KHTML, like Gecko) Chrome/36.0.1985.143 Safari/537.36"
179.153.45.121 - - [27/Aug/2014:09:49:29 -0300] "GET /uploads/users/med_4_logoecusbrface.jpg HTTP/1.1" 404 1386 "http://sgws11.hospedagemdesites.ws/backend_dev.php/enviromaq/detalhe/id/1" "Mozilla/5.0 (Windows NT 6.3; WOW64) AppleWebKit/537.36 (KHTML, like Gecko) Chrome/36.0.1985.143 Safari/537.36"
179.153.45.121 - - [27/Aug/2014:09:49:29 -0300] "GET /images/semfoto.jpg HTTP/1.1" 304 - "http://sgws11.hospedagemdesites.ws/backend_dev.php/enviromaq/detalhe/id/1" "Mozilla/5.0 (Windows NT 6.3; WOW64) AppleWebKit/537.36 (KHTML, like Gecko) Chrome/36.0.1985.143 Safari/537.36"
179.153.45.121 - - [27/Aug/2014:09:49:29 -0300] "GET /sf/sf_web_debug/images/sf.png HTTP/1.1" 404 1386 "http://sgws11.hospedagemdesites.ws/backend_dev.php/enviromaq/detalhe/id/1" "Mozilla/5.0 (Windows NT 6.3; WOW64) AppleWebKit/537.36 (KHTML, like Gecko) Chrome/36.0.1985.143 Safari/537.36"
179.153.45.121 - - [27/Aug/2014:09:49:29 -0300] "GET /sf/sf_web_debug/images/config.png HTTP/1.1" 404 1386 "http://sgws11.hospedagemdesites.ws/backend_dev.php/enviromaq/detalhe/id/1" "Mozilla/5.0 (Windows NT 6.3; WOW64) AppleWebKit/537.36 (KHTML, like Gecko) Chrome/36.0.1985.143 Safari/537.36"
179.153.45.121 - - [27/Aug/2014:09:49:29 -0300] "GET /sf/sf_web_debug/images/view.png HTTP/1.1" 404 1386 "http://sgws11.hospedagemdesites.ws/backend_dev.php/enviromaq/detalhe/id/1" "Mozilla/5.0 (Windows NT 6.3; WOW64) AppleWebKit/537.36 (KHTML, like Gecko) Chrome/36.0.1985.143 Safari/537.36"
179.153.45.121 - - [27/Aug/2014:09:49:29 -0300] "GET /sf/sf_web_debug/images/log.png HTTP/1.1" 404 1386 "http://sgws11.hospedagemdesites.ws/backend_dev.php/enviromaq/detalhe/id/1" "Mozilla/5.0 (Windows NT 6.3; WOW64) AppleWebKit/537.36 (KHTML, like Gecko) Chrome/36.0.1985.143 Safari/537.36"
179.153.45.121 - - [27/Aug/2014:09:49:29 -0300] "GET /sf/sf_web_debug/images/database.png HTTP/1.1" 404 1386 "http://sgws11.hospedagemdesites.ws/backend_dev.php/enviromaq/detalhe/id/1" "Mozilla/5.0 (Windows NT 6.3; WOW64) AppleWebKit/537.36 (KHTML, like Gecko) Chrome/36.0.1985.143 Safari/537.36"
179.153.45.121 - - [27/Aug/2014:09:49:29 -0300] "GET /sf/sf_web_debug/images/memory.png HTTP/1.1" 404 1386 "http://sgws11.hospedagemdesites.ws/backend_dev.php/enviromaq/detalhe/id/1" "Mozilla/5.0 (Windows NT 6.3; WOW64) AppleWebKit/537.36 (KHTML, like Gecko) Chrome/36.0.1985.143 Safari/537.36"
179.153.45.121 - - [27/Aug/2014:09:49:29 -0300] "GET /sf/sf_web_debug/images/time.png HTTP/1.1" 404 1386 "http://sgws11.hospedagemdesites.ws/backend_dev.php/enviromaq/detalhe/id/1" "Mozilla/5.0 (Windows NT 6.3; WOW64) AppleWebKit/537.36 (KHTML, like Gecko) Chrome/36.0.1985.143 Safari/537.36"
179.153.45.121 - - [27/Aug/2014:09:49:29 -0300] "GET /sf/sf_web_debug/images/close.png HTTP/1.1" 404 1386 "http://sgws11.hospedagemdesites.ws/backend_dev.php/enviromaq/detalhe/id/1" "Mozilla/5.0 (Windows NT 6.3; WOW64) AppleWebKit/537.36 (KHTML, like Gecko) Chrome/36.0.1985.143 Safari/537.36"
179.153.45.121 - - [27/Aug/2014:09:49:29 -0300] "GET /sf/sf_web_debug/images/info.png HTTP/1.1" 404 1386 "http://sgws11.hospedagemdesites.ws/backend_dev.php/enviromaq/detalhe/id/1" "Mozilla/5.0 (Windows NT 6.3; WOW64) AppleWebKit/537.36 (KHTML, like Gecko) Chrome/36.0.1985.143 Safari/537.36"
179.153.45.121 - - [27/Aug/2014:09:49:29 -0300] "GET /sf/sf_web_debug/images/toggle.gif HTTP/1.1" 404 1386 "http://sgws11.hospedagemdesites.ws/backend_dev.php/enviromaq/detalhe/id/1" "Mozilla/5.0 (Windows NT 6.3; WOW64) AppleWebKit/537.36 (KHTML, like Gecko) Chrome/36.0.1985.143 Safari/537.36"
179.153.45.121 - - [27/Aug/2014:09:49:29 -0300] "GET /sf/sf_web_debug/images/warning.png HTTP/1.1" 404 1386 "http://sgws11.hospedagemdesites.ws/backend_dev.php/enviromaq/detalhe/id/1" "Mozilla/5.0 (Windows NT 6.3; WOW64) AppleWebKit/537.36 (KHTML, like Gecko) Chrome/36.0.1985.143 Safari/537.36"
179.153.45.121 - - [27/Aug/2014:09:49:29 -0300] "GET /sf/sf_web_debug/images/error.png HTTP/1.1" 404 1386 "http://sgws11.hospedagemdesites.ws/backend_dev.php/enviromaq/detalhe/id/1" "Mozilla/5.0 (Windows NT 6.3; WOW64) AppleWebKit/537.36 (KHTML, like Gecko) Chrome/36.0.1985.143 Safari/537.36"
190.200.155.201 - - [27/Aug/2014:09:49:35 -0300] "GET /backend_dev.php/enviromaq/detalhe/id/5 HTTP/1.1" 200 87430 "http://sgws11.hospedagemdesites.ws/backend_dev.php/producto" "Mozilla/5.0 (X11; Linux x86_64) AppleWebKit/537.36 (KHTML, like Gecko) Chrome/36.0.1985.125 Safari/537.36"
190.200.155.201 - - [27/Aug/2014:09:49:36 -0300] "GET /uploads/users/med_4_logoecusbrface.jpg HTTP/1.1" 404 1378 "http://sgws11.hospedagemdesites.ws/backend_dev.php/enviromaq/detalhe/id/5" "Mozilla/5.0 (X11; Linux x86_64) AppleWebKit/537.36 (KHTML, like Gecko) Chrome/36.0.1985.125 Safari/537.36"
190.200.155.201 - - [27/Aug/2014:09:49:37 -0300] "GET /images/btn_voltar_cad.gif HTTP/1.1" 304 - "http://sgws11.hospedagemdesites.ws/backend_dev.php/enviromaq/detalhe/id/5" "Mozilla/5.0 (X11; Linux x86_64) AppleWebKit/537.36 (KHTML, like Gecko) Chrome/36.0.1985.125 Safari/537.36"
190.200.155.201 - - [27/Aug/2014:09:49:37 -0300] "GET /images/btn_comprar.png HTTP/1.1" 304 - "http://sgws11.hospedagemdesites.ws/backend_dev.php/enviromaq/detalhe/id/5" "Mozilla/5.0 (X11; Linux x86_64) AppleWebKit/537.36 (KHTML, like Gecko) Chrome/36.0.1985.125 Safari/537.36"
190.200.155.201 - - [27/Aug/2014:09:49:37 -0300] "GET /sf/sf_web_debug/images/sf.png HTTP/1.1" 404 1378 "http://sgws11.hospedagemdesites.ws/backend_dev.php/enviromaq/detalhe/id/5" "Mozilla/5.0 (X11; Linux x86_64) AppleWebKit/537.36 (KHTML, like Gecko) Chrome/36.0.1985.125 Safari/537.36"
190.200.155.201 - - [27/Aug/2014:09:49:37 -0300] "GET /sf/sf_web_debug/images/config.png HTTP/1.1" 404 1378 "http://sgws11.hospedagemdesites.ws/backend_dev.php/enviromaq/detalhe/id/5" "Mozilla/5.0 (X11; Linux x86_64) AppleWebKit/537.36 (KHTML, like Gecko) Chrome/36.0.1985.125 Safari/537.36"
190.200.155.201 - - [27/Aug/2014:09:49:37 -0300] "GET /sf/sf_web_debug/images/view.png HTTP/1.1" 404 1378 "http://sgws11.hospedagemdesites.ws/backend_dev.php/enviromaq/detalhe/id/5" "Mozilla/5.0 (X11; Linux x86_64) AppleWebKit/537.36 (KHTML, like Gecko) Chrome/36.0.1985.125 Safari/537.36"
190.200.155.201 - - [27/Aug/2014:09:49:37 -0300] "GET /images/bck_top.png HTTP/1.1" 200 181 "http://sgws11.hospedagemdesites.ws/backend_dev.php/enviromaq/detalhe/id/5" "Mozilla/5.0 (X11; Linux x86_64) AppleWebKit/537.36 (KHTML, like Gecko) Chrome/36.0.1985.125 Safari/537.36"
190.200.155.201 - - [27/Aug/2014:09:49:37 -0300] "GET /images/icons/icon_projeto.png HTTP/1.1" 304 - "http://sgws11.hospedagemdesites.ws/backend_dev.php/enviromaq/detalhe/id/5" "Mozilla/5.0 (X11; Linux x86_64) AppleWebKit/537.36 (KHTML, like Gecko) Chrome/36.0.1985.125 Safari/537.36"
190.200.155.201 - - [27/Aug/2014:09:49:37 -0300] "GET /images/bck_menu_top.png HTTP/1.1" 200 125 "http://sgws11.hospedagemdesites.ws/backend_dev.php/enviromaq/detalhe/id/5" "Mozilla/5.0 (X11; Linux x86_64) AppleWebKit/537.36 (KHTML, like Gecko) Chrome/36.0.1985.125 Safari/537.36"
190.200.155.201 - - [27/Aug/2014:09:49:37 -0300] "GET /sf/sf_web_debug/images/database.png HTTP/1.1" 404 1378 "http://sgws11.hospedagemdesites.ws/backend_dev.php/enviromaq/detalhe/id/5" "Mozilla/5.0 (X11; Linux x86_64) AppleWebKit/537.36 (KHTML, like Gecko) Chrome/36.0.1985.125 Safari/537.36"
190.200.155.201 - - [27/Aug/2014:09:49:37 -0300] "GET /sf/sf_web_debug/images/close.png HTTP/1.1" 404 1378 "http://sgws11.hospedagemdesites.ws/backend_dev.php/enviromaq/detalhe/id/5" "Mozilla/5.0 (X11; Linux x86_64) AppleWebKit/537.36 (KHTML, like Gecko) Chrome/36.0.1985.125 Safari/537.36"
190.200.155.201 - - [27/Aug/2014:09:49:37 -0300] "GET /sf/sf_web_debug/images/log.png HTTP/1.1" 404 1378 "http://sgws11.hospedagemdesites.ws/backend_dev.php/enviromaq/detalhe/id/5" "Mozilla/5.0 (X11; Linux x86_64) AppleWebKit/537.36 (KHTML, like Gecko) Chrome/36.0.1985.125 Safari/537.36"
190.200.155.201 - - [27/Aug/2014:09:49:37 -0300] "GET /sf/sf_web_debug/images/memory.png HTTP/1.1" 404 1378 "http://sgws11.hospedagemdesites.ws/backend_dev.php/enviromaq/detalhe/id/5" "Mozilla/5.0 (X11; Linux x86_64) AppleWebKit/537.36 (KHTML, like Gecko) Chrome/36.0.1985.125 Safari/537.36"
190.200.155.201 - - [27/Aug/2014:09:49:37 -0300] "GET /sf/sf_web_debug/images/time.png HTTP/1.1" 404 1378 "http://sgws11.hospedagemdesites.ws/backend_dev.php/enviromaq/detalhe/id/5" "Mozilla/5.0 (X11; Linux x86_64) AppleWebKit/537.36 (KHTML, like Gecko) Chrome/36.0.1985.125 Safari/537.36"
190.200.155.201 - - [27/Aug/2014:09:49:37 -0300] "GET /sf/sf_web_debug/images/toggle.gif HTTP/1.1" 404 1378 "http://sgws11.hospedagemdesites.ws/backend_dev.php/enviromaq/detalhe/id/5" "Mozilla/5.0 (X11; Linux x86_64) AppleWebKit/537.36 (KHTML, like Gecko) Chrome/36.0.1985.125 Safari/537.36"
190.200.155.201 - - [27/Aug/2014:09:49:37 -0300] "GET /sf/sf_web_debug/images/info.png HTTP/1.1" 404 1378 "http://sgws11.hospedagemdesites.ws/backend_dev.php/enviromaq/detalhe/id/5" "Mozilla/5.0 (X11; Linux x86_64) AppleWebKit/537.36 (KHTML, like Gecko) Chrome/36.0.1985.125 Safari/537.36"
190.200.155.201 - - [27/Aug/2014:09:49:37 -0300] "GET /sf/sf_web_debug/images/warning.png HTTP/1.1" 404 1378 "http://sgws11.hospedagemdesites.ws/backend_dev.php/enviromaq/detalhe/id/5" "Mozilla/5.0 (X11; Linux x86_64) AppleWebKit/537.36 (KHTML, like Gecko) Chrome/36.0.1985.125 Safari/537.36"
190.200.155.201 - - [27/Aug/2014:09:49:37 -0300] "GET /sf/sf_web_debug/images/error.png HTTP/1.1" 404 1378 "http://sgws11.hospedagemdesites.ws/backend_dev.php/enviromaq/detalhe/id/5" "Mozilla/5.0 (X11; Linux x86_64) AppleWebKit/537.36 (KHTML, like Gecko) Chrome/36.0.1985.125 Safari/537.36"
179.153.45.121 - - [27/Aug/2014:09:49:37 -0300] "POST /backend_dev.php/carrito/agregar/id/1 HTTP/1.1" 302 135 "http://sgws11.hospedagemdesites.ws/backend_dev.php/enviromaq/detalhe/id/1" "Mozilla/5.0 (Windows NT 6.3; WOW64) AppleWebKit/537.36 (KHTML, like Gecko) Chrome/36.0.1985.143 Safari/537.36"
190.200.155.201 - - [27/Aug/2014:09:49:37 -0300] "GET /images/bck_footer.png HTTP/1.1" 200 178 "http://sgws11.hospedagemdesites.ws/backend_dev.php/enviromaq/detalhe/id/5" "Mozilla/5.0 (X11; Linux x86_64) AppleWebKit/537.36 (KHTML, like Gecko) Chrome/36.0.1985.125 Safari/537.36"
179.153.45.121 - - [27/Aug/2014:09:49:37 -0300] "GET /backend_dev.php/carrito/index HTTP/1.1" 200 88335 "http://sgws11.hospedagemdesites.ws/backend_dev.php/enviromaq/detalhe/id/1" "Mozilla/5.0 (Windows NT 6.3; WOW64) AppleWebKit/537.36 (KHTML, like Gecko) Chrome/36.0.1985.143 Safari/537.36"
179.153.45.121 - - [27/Aug/2014:09:49:38 -0300] "GET /css/cart.css HTTP/1.1" 200 3000 "http://sgws11.hospedagemdesites.ws/backend_dev.php/carrito/index" "Mozilla/5.0 (Windows NT 6.3; WOW64) AppleWebKit/537.36 (KHTML, like Gecko) Chrome/36.0.1985.143 Safari/537.36"
179.153.45.121 - - [27/Aug/2014:09:49:38 -0300] "GET /images/icons/articles.png HTTP/1.1" 304 - "http://sgws11.hospedagemdesites.ws/backend_dev.php/carrito/index" "Mozilla/5.0 (Windows NT 6.3; WOW64) AppleWebKit/537.36 (KHTML, like Gecko) Chrome/36.0.1985.143 Safari/537.36"
179.153.45.121 - - [27/Aug/2014:09:49:38 -0300] "GET /images/icons/list_pessoas.png HTTP/1.1" 304 - "http://sgws11.hospedagemdesites.ws/backend_dev.php/carrito/index" "Mozilla/5.0 (Windows NT 6.3; WOW64) AppleWebKit/537.36 (KHTML, like Gecko) Chrome/36.0.1985.143 Safari/537.36"
179.153.45.121 - - [27/Aug/2014:09:49:38 -0300] "GET /images/icons/cart_shoop.png HTTP/1.1" 200 556 "http://sgws11.hospedagemdesites.ws/backend_dev.php/carrito/index" "Mozilla/5.0 (Windows NT 6.3; WOW64) AppleWebKit/537.36 (KHTML, like Gecko) Chrome/36.0.1985.143 Safari/537.36"
179.153.45.121 - - [27/Aug/2014:09:49:38 -0300] "GET /images/delete.png HTTP/1.1" 200 794 "http://sgws11.hospedagemdesites.ws/backend_dev.php/carrito/index" "Mozilla/5.0 (Windows NT 6.3; WOW64) AppleWebKit/537.36 (KHTML, like Gecko) Chrome/36.0.1985.143 Safari/537.36"
190.200.155.201 - - [27/Aug/2014:09:49:55 -0300] "POST /backend_dev.php/carrito/agregar/id/5 HTTP/1.1" 302 135 "http://sgws11.hospedagemdesites.ws/backend_dev.php/enviromaq/detalhe/id/5" "Mozilla/5.0 (X11; Linux x86_64) AppleWebKit/537.36 (KHTML, like Gecko) Chrome/36.0.1985.125 Safari/537.36"
190.200.155.201 - - [27/Aug/2014:09:49:56 -0300] "GET /backend_dev.php/carrito/index HTTP/1.1" 200 87892 "http://sgws11.hospedagemdesites.ws/backend_dev.php/enviromaq/detalhe/id/5" "Mozilla/5.0 (X11; Linux x86_64) AppleWebKit/537.36 (KHTML, like Gecko) Chrome/36.0.1985.125 Safari/537.36"
190.200.155.201 - - [27/Aug/2014:09:49:58 -0300] "GET /images/bck_button.png HTTP/1.1" 304 - "http://sgws11.hospedagemdesites.ws/backend_dev.php/carrito/index" "Mozilla/5.0 (X11; Linux x86_64) AppleWebKit/537.36 (KHTML, like Gecko) Chrome/36.0.1985.125 Safari/537.36"
190.200.155.201 - - [27/Aug/2014:09:50:08 -0300] "GET /images/bck_button_over.png HTTP/1.1" 200 137 "http://sgws11.hospedagemdesites.ws/backend_dev.php/carrito/index" "Mozilla/5.0 (X11; Linux x86_64) AppleWebKit/537.36 (KHTML, like Gecko) Chrome/36.0.1985.125 Safari/537.36"
190.200.155.201 - - [27/Aug/2014:09:50:09 -0300] "GET /backend_dev.php/carrito/envio HTTP/1.1" 200 112489 "http://sgws11.hospedagemdesites.ws/backend_dev.php/carrito/index" "Mozilla/5.0 (X11; Linux x86_64) AppleWebKit/537.36 (KHTML, like Gecko) Chrome/36.0.1985.125 Safari/537.36"
179.153.45.121 - - [27/Aug/2014:09:50:11 -0300] "GET /backend_dev.php/carrito/envio HTTP/1.1" 200 112919 "http://sgws11.hospedagemdesites.ws/backend_dev.php/carrito/index" "Mozilla/5.0 (Windows NT 6.3; WOW64) AppleWebKit/537.36 (KHTML, like Gecko) Chrome/36.0.1985.143 Safari/537.36"
190.200.155.201 - - [27/Aug/2014:09:51:20 -0300] "POST /backend_dev.php/carrito/envio HTTP/1.1" 302 135 "http://sgws11.hospedagemdesites.ws/backend_dev.php/carrito/envio" "Mozilla/5.0 (X11; Linux x86_64) AppleWebKit/537.36 (KHTML, like Gecko) Chrome/36.0.1985.125 Safari/537.36"
190.200.155.201 - - [27/Aug/2014:09:51:21 -0300] "GET /backend_dev.php/carrito/index HTTP/1.1" 200 91176 "http://sgws11.hospedagemdesites.ws/backend_dev.php/carrito/envio" "Mozilla/5.0 (X11; Linux x86_64) AppleWebKit/537.36 (KHTML, like Gecko) Chrome/36.0.1985.125 Safari/537.36"
179.153.45.121 - - [27/Aug/2014:09:51:22 -0300] "POST /backend_dev.php/carrito/envio HTTP/1.1" 302 135 "http://sgws11.hospedagemdesites.ws/backend_dev.php/carrito/envio" "Mozilla/5.0 (Windows NT 6.3; WOW64) AppleWebKit/537.36 (KHTML, like Gecko) Chrome/36.0.1985.143 Safari/537.36"
179.153.45.121 - - [27/Aug/2014:09:51:23 -0300] "GET /backend_dev.php/carrito/index HTTP/1.1" 200 91621 "http://sgws11.hospedagemdesites.ws/backend_dev.php/carrito/envio" "Mozilla/5.0 (Windows NT 6.3; WOW64) AppleWebKit/537.36 (KHTML, like Gecko) Chrome/36.0.1985.143 Safari/537.36"
179.153.45.121 - - [27/Aug/2014:09:51:35 -0300] "GET /backend_dev.php/carrito/processOrder HTTP/1.1" 200 95637 "http://sgws11.hospedagemdesites.ws/backend_dev.php/carrito/index" "Mozilla/5.0 (Windows NT 6.3; WOW64) AppleWebKit/537.36 (KHTML, like Gecko) Chrome/36.0.1985.143 Safari/537.36"
179.153.45.121 - - [27/Aug/2014:09:51:36 -0300] "GET /js/jq/jQuery.print.js HTTP/1.1" 200 2324 "http://sgws11.hospedagemdesites.ws/backend_dev.php/carrito/processOrder" "Mozilla/5.0 (Windows NT 6.3; WOW64) AppleWebKit/537.36 (KHTML, like Gecko) Chrome/36.0.1985.143 Safari/537.36"
179.153.45.121 - - [27/Aug/2014:09:51:36 -0300] "GET /images/icons/print.png HTTP/1.1" 200 9653 "http://sgws11.hospedagemdesites.ws/backend_dev.php/carrito/processOrder" "Mozilla/5.0 (Windows NT 6.3; WOW64) AppleWebKit/537.36 (KHTML, like Gecko) Chrome/36.0.1985.143 Safari/537.36"
190.200.155.201 - - [27/Aug/2014:09:51:42 -0300] "GET /backend_dev.php/carrito/processOrder HTTP/1.1" 200 95182 "http://sgws11.hospedagemdesites.ws/backend_dev.php/carrito/index" "Mozilla/5.0 (X11; Linux x86_64) AppleWebKit/537.36 (KHTML, like Gecko) Chrome/36.0.1985.125 Safari/537.36"
190.200.155.201 - - [27/Aug/2014:10:08:17 -0300] "GET /backend_dev.php/producto HTTP/1.1" 200 111175 "http://sgws11.hospedagemdesites.ws/backend_dev.php/carrito/processOrder" "Mozilla/5.0 (X11; Linux x86_64) AppleWebKit/537.36 (KHTML, like Gecko) Chrome/36.0.1985.125 Safari/537.36"
190.200.155.201 - - [27/Aug/2014:10:08:18 -0300] "GET /css/main.css HTTP/1.1" 200 27623 "http://sgws11.hospedagemdesites.ws/backend_dev.php/producto" "Mozilla/5.0 (X11; Linux x86_64) AppleWebKit/537.36 (KHTML, like Gecko) Chrome/36.0.1985.125 Safari/537.36"
190.200.155.201 - - [27/Aug/2014:10:08:18 -0300] "GET /css/jq/jqueryslidemenu.css HTTP/1.1" 200 2019 "http://sgws11.hospedagemdesites.ws/backend_dev.php/producto" "Mozilla/5.0 (X11; Linux x86_64) AppleWebKit/537.36 (KHTML, like Gecko) Chrome/36.0.1985.125 Safari/537.36"
190.200.155.201 - - [27/Aug/2014:10:08:18 -0300] "GET /css/validationEngineBackend.jquery.css HTTP/1.1" 200 1647 "http://sgws11.hospedagemdesites.ws/backend_dev.php/producto" "Mozilla/5.0 (X11; Linux x86_64) AppleWebKit/537.36 (KHTML, like Gecko) Chrome/36.0.1985.125 Safari/537.36"
190.200.155.201 - - [27/Aug/2014:10:08:18 -0300] "GET /js/extjs/resources/css/ext-all.css HTTP/1.1" 200 135390 "http://sgws11.hospedagemdesites.ws/backend_dev.php/producto" "Mozilla/5.0 (X11; Linux x86_64) AppleWebKit/537.36 (KHTML, like Gecko) Chrome/36.0.1985.125 Safari/537.36"
190.200.155.201 - - [27/Aug/2014:10:08:18 -0300] "GET /css/cupertino/jquery-ui-1.8.1.custom.css HTTP/1.1" 200 23396 "http://sgws11.hospedagemdesites.ws/backend_dev.php/producto" "Mozilla/5.0 (X11; Linux x86_64) AppleWebKit/537.36 (KHTML, like Gecko) Chrome/36.0.1985.125 Safari/537.36"
190.200.155.201 - - [27/Aug/2014:10:08:18 -0300] "GET /js/jq/jquery-1.7.1.min.js HTTP/1.1" 200 94839 "http://sgws11.hospedagemdesites.ws/backend_dev.php/producto" "Mozilla/5.0 (X11; Linux x86_64) AppleWebKit/537.36 (KHTML, like Gecko) Chrome/36.0.1985.125 Safari/537.36"
190.200.155.201 - - [27/Aug/2014:10:08:18 -0300] "GET /js/main.js HTTP/1.1" 200 29543 "http://sgws11.hospedagemdesites.ws/backend_dev.php/producto" "Mozilla/5.0 (X11; Linux x86_64) AppleWebKit/537.36 (KHTML, like Gecko) Chrome/36.0.1985.125 Safari/537.36"
190.200.155.201 - - [27/Aug/2014:10:08:18 -0300] "GET /js/jq/jq.ajaxupload.js HTTP/1.1" 200 22985 "http://sgws11.hospedagemdesites.ws/backend_dev.php/producto" "Mozilla/5.0 (X11; Linux x86_64) AppleWebKit/537.36 (KHTML, like Gecko) Chrome/36.0.1985.125 Safari/537.36"
190.200.155.201 - - [27/Aug/2014:10:08:18 -0300] "GET /js/jq/jqueryslidemenu.js HTTP/1.1" 200 2646 "http://sgws11.hospedagemdesites.ws/backend_dev.php/producto" "Mozilla/5.0 (X11; Linux x86_64) AppleWebKit/537.36 (KHTML, like Gecko) Chrome/36.0.1985.125 Safari/537.36"
190.200.155.201 - - [27/Aug/2014:10:08:18 -0300] "GET /js/lynxCms.js HTTP/1.1" 200 2130 "http://sgws11.hospedagemdesites.ws/backend_dev.php/producto" "Mozilla/5.0 (X11; Linux x86_64) AppleWebKit/537.36 (KHTML, like Gecko) Chrome/36.0.1985.125 Safari/537.36"
190.200.155.201 - - [27/Aug/2014:10:08:18 -0300] "GET /js/extjs/adapter/ext/ext-base.js HTTP/1.1" 200 33001 "http://sgws11.hospedagemdesites.ws/backend_dev.php/producto" "Mozilla/5.0 (X11; Linux x86_64) AppleWebKit/537.36 (KHTML, like Gecko) Chrome/36.0.1985.125 Safari/537.36"
190.200.155.201 - - [27/Aug/2014:10:08:19 -0300] "GET /js/extjs/ext-all.js HTTP/1.1" 200 677207 "http://sgws11.hospedagemdesites.ws/backend_dev.php/producto" "Mozilla/5.0 (X11; Linux x86_64) AppleWebKit/537.36 (KHTML, like Gecko) Chrome/36.0.1985.125 Safari/537.36"
190.200.155.201 - - [27/Aug/2014:10:08:19 -0300] "GET /js/jq/jquery-ui-1.8.1.custom.min.js HTTP/1.1" 200 38056 "http://sgws11.hospedagemdesites.ws/backend_dev.php/producto" "Mozilla/5.0 (X11; Linux x86_64) AppleWebKit/537.36 (KHTML, like Gecko) Chrome/36.0.1985.125 Safari/537.36"
190.200.155.201 - - [27/Aug/2014:10:08:19 -0300] "GET /js/jq/jquery.ui.widget.js HTTP/1.1" 200 5984 "http://sgws11.hospedagemdesites.ws/backend_dev.php/producto" "Mozilla/5.0 (X11; Linux x86_64) AppleWebKit/537.36 (KHTML, like Gecko) Chrome/36.0.1985.125 Safari/537.36"
190.200.155.201 - - [27/Aug/2014:10:08:19 -0300] "GET /js/jq/jquery.ui.mouse.js HTTP/1.1" 200 4057 "http://sgws11.hospedagemdesites.ws/backend_dev.php/producto" "Mozilla/5.0 (X11; Linux x86_64) AppleWebKit/537.36 (KHTML, like Gecko) Chrome/36.0.1985.125 Safari/537.36"
190.200.155.201 - - [27/Aug/2014:10:08:19 -0300] "GET /js/jq/jquery.ui.sortable.js HTTP/1.1" 200 39445 "http://sgws11.hospedagemdesites.ws/backend_dev.php/producto" "Mozilla/5.0 (X11; Linux x86_64) AppleWebKit/537.36 (KHTML, like Gecko) Chrome/36.0.1985.125 Safari/537.36"
190.200.155.201 - - [27/Aug/2014:10:08:19 -0300] "GET /js/jq/jquery.validationEngine.js HTTP/1.1" 200 24639 "http://sgws11.hospedagemdesites.ws/backend_dev.php/producto" "Mozilla/5.0 (X11; Linux x86_64) AppleWebKit/537.36 (KHTML, like Gecko) Chrome/36.0.1985.125 Safari/537.36"
190.200.155.201 - - [27/Aug/2014:10:08:19 -0300] "GET /js/jq/jquery.validationEngine-en_US.js HTTP/1.1" 200 2409 "http://sgws11.hospedagemdesites.ws/backend_dev.php/producto" "Mozilla/5.0 (X11; Linux x86_64) AppleWebKit/537.36 (KHTML, like Gecko) Chrome/36.0.1985.125 Safari/537.36"
190.200.155.201 - - [27/Aug/2014:10:08:19 -0300] "GET /js/jq/jquery.price_format.1.8.js HTTP/1.1" 200 7578 "http://sgws11.hospedagemdesites.ws/backend_dev.php/producto" "Mozilla/5.0 (X11; Linux x86_64) AppleWebKit/537.36 (KHTML, like Gecko) Chrome/36.0.1985.125 Safari/537.36"
190.200.155.201 - - [27/Aug/2014:10:08:19 -0300] "GET /images/logo_cte.png HTTP/1.1" 200 66396 "http://sgws11.hospedagemdesites.ws/backend_dev.php/producto" "Mozilla/5.0 (X11; Linux x86_64) AppleWebKit/537.36 (KHTML, like Gecko) Chrome/36.0.1985.125 Safari/537.36"
190.200.155.201 - - [27/Aug/2014:10:08:19 -0300] "GET /uploads/users/med_4_logoecusbrface.jpg HTTP/1.1" 404 1350 "http://sgws11.hospedagemdesites.ws/backend_dev.php/producto" "Mozilla/5.0 (X11; Linux x86_64) AppleWebKit/537.36 (KHTML, like Gecko) Chrome/36.0.1985.125 Safari/537.36"
190.200.155.201 - - [27/Aug/2014:10:08:19 -0300] "GET /images/icons/list_pessoas.png HTTP/1.1" 200 1535 "http://sgws11.hospedagemdesites.ws/backend_dev.php/producto" "Mozilla/5.0 (X11; Linux x86_64) AppleWebKit/537.36 (KHTML, like Gecko) Chrome/36.0.1985.125 Safari/537.36"
190.200.155.201 - - [27/Aug/2014:10:08:19 -0300] "GET /images/icons/articles.png HTTP/1.1" 200 3897 "http://sgws11.hospedagemdesites.ws/backend_dev.php/producto" "Mozilla/5.0 (X11; Linux x86_64) AppleWebKit/537.36 (KHTML, like Gecko) Chrome/36.0.1985.125 Safari/537.36"
190.200.155.201 - - [27/Aug/2014:10:08:19 -0300] "GET /images/semfoto.jpg HTTP/1.1" 200 2772 "http://sgws11.hospedagemdesites.ws/backend_dev.php/producto" "Mozilla/5.0 (X11; Linux x86_64) AppleWebKit/537.36 (KHTML, like Gecko) Chrome/36.0.1985.125 Safari/537.36"
190.200.155.201 - - [27/Aug/2014:10:08:19 -0300] "GET /sf/sf_web_debug/images/sf.png HTTP/1.1" 404 1350 "http://sgws11.hospedagemdesites.ws/backend_dev.php/producto" "Mozilla/5.0 (X11; Linux x86_64) AppleWebKit/537.36 (KHTML, like Gecko) Chrome/36.0.1985.125 Safari/537.36"
190.200.155.201 - - [27/Aug/2014:10:08:19 -0300] "GET /images/magnifier.png HTTP/1.1" 200 716 "http://sgws11.hospedagemdesites.ws/backend_dev.php/producto" "Mozilla/5.0 (X11; Linux x86_64) AppleWebKit/537.36 (KHTML, like Gecko) Chrome/36.0.1985.125 Safari/537.36"
190.200.155.201 - - [27/Aug/2014:10:08:19 -0300] "GET /sf/sf_web_debug/images/close.png HTTP/1.1" 404 1350 "http://sgws11.hospedagemdesites.ws/backend_dev.php/producto" "Mozilla/5.0 (X11; Linux x86_64) AppleWebKit/537.36 (KHTML, like Gecko) Chrome/36.0.1985.125 Safari/537.36"
190.200.155.201 - - [27/Aug/2014:10:08:19 -0300] "GET /sf/sf_web_debug/images/config.png HTTP/1.1" 404 1350 "http://sgws11.hospedagemdesites.ws/backend_dev.php/producto" "Mozilla/5.0 (X11; Linux x86_64) AppleWebKit/537.36 (KHTML, like Gecko) Chrome/36.0.1985.125 Safari/537.36"
190.200.155.201 - - [27/Aug/2014:10:08:19 -0300] "GET /sf/sf_web_debug/images/time.png HTTP/1.1" 404 1350 "http://sgws11.hospedagemdesites.ws/backend_dev.php/producto" "Mozilla/5.0 (X11; Linux x86_64) AppleWebKit/537.36 (KHTML, like Gecko) Chrome/36.0.1985.125 Safari/537.36"
190.200.155.201 - - [27/Aug/2014:10:08:19 -0300] "GET /sf/sf_web_debug/images/database.png HTTP/1.1" 404 1350 "http://sgws11.hospedagemdesites.ws/backend_dev.php/producto" "Mozilla/5.0 (X11; Linux x86_64) AppleWebKit/537.36 (KHTML, like Gecko) Chrome/36.0.1985.125 Safari/537.36"
190.200.155.201 - - [27/Aug/2014:10:08:19 -0300] "GET /sf/sf_web_debug/images/memory.png HTTP/1.1" 404 1350 "http://sgws11.hospedagemdesites.ws/backend_dev.php/producto" "Mozilla/5.0 (X11; Linux x86_64) AppleWebKit/537.36 (KHTML, like Gecko) Chrome/36.0.1985.125 Safari/537.36"
190.200.155.201 - - [27/Aug/2014:10:08:19 -0300] "GET /sf/sf_web_debug/images/view.png HTTP/1.1" 404 1350 "http://sgws11.hospedagemdesites.ws/backend_dev.php/producto" "Mozilla/5.0 (X11; Linux x86_64) AppleWebKit/537.36 (KHTML, like Gecko) Chrome/36.0.1985.125 Safari/537.36"
190.200.155.201 - - [27/Aug/2014:10:08:19 -0300] "GET /sf/sf_web_debug/images/log.png HTTP/1.1" 404 1350 "http://sgws11.hospedagemdesites.ws/backend_dev.php/producto" "Mozilla/5.0 (X11; Linux x86_64) AppleWebKit/537.36 (KHTML, like Gecko) Chrome/36.0.1985.125 Safari/537.36"
190.200.155.201 - - [27/Aug/2014:10:08:19 -0300] "GET /sf/sf_web_debug/images/toggle.gif HTTP/1.1" 404 1350 "http://sgws11.hospedagemdesites.ws/backend_dev.php/producto" "Mozilla/5.0 (X11; Linux x86_64) AppleWebKit/537.36 (KHTML, like Gecko) Chrome/36.0.1985.125 Safari/537.36"
190.200.155.201 - - [27/Aug/2014:10:08:19 -0300] "GET /sf/sf_web_debug/images/info.png HTTP/1.1" 404 1350 "http://sgws11.hospedagemdesites.ws/backend_dev.php/producto" "Mozilla/5.0 (X11; Linux x86_64) AppleWebKit/537.36 (KHTML, like Gecko) Chrome/36.0.1985.125 Safari/537.36"
190.200.155.201 - - [27/Aug/2014:10:08:19 -0300] "GET /sf/sf_web_debug/images/warning.png HTTP/1.1" 404 1350 "http://sgws11.hospedagemdesites.ws/backend_dev.php/producto" "Mozilla/5.0 (X11; Linux x86_64) AppleWebKit/537.36 (KHTML, like Gecko) Chrome/36.0.1985.125 Safari/537.36"
190.200.155.201 - - [27/Aug/2014:10:08:19 -0300] "GET /sf/sf_web_debug/images/error.png HTTP/1.1" 404 1350 "http://sgws11.hospedagemdesites.ws/backend_dev.php/producto" "Mozilla/5.0 (X11; Linux x86_64) AppleWebKit/537.36 (KHTML, like Gecko) Chrome/36.0.1985.125 Safari/537.36"
179.153.45.121 - - [27/Aug/2014:10:08:23 -0300] "GET /backend_dev.php/producto HTTP/1.1" 200 111633 "http://sgws11.hospedagemdesites.ws/backend_dev.php/carrito/processOrder" "Mozilla/5.0 (Windows NT 6.3; WOW64) AppleWebKit/537.36 (KHTML, like Gecko) Chrome/36.0.1985.143 Safari/537.36"
179.153.45.121 - - [27/Aug/2014:10:08:24 -0300] "GET /uploads/users/med_4_logoecusbrface.jpg HTTP/1.1" 404 1358 "http://sgws11.hospedagemdesites.ws/backend_dev.php/producto" "Mozilla/5.0 (Windows NT 6.3; WOW64) AppleWebKit/537.36 (KHTML, like Gecko) Chrome/36.0.1985.143 Safari/537.36"
179.153.45.121 - - [27/Aug/2014:10:08:24 -0300] "GET /sf/sf_web_debug/images/sf.png HTTP/1.1" 404 1358 "http://sgws11.hospedagemdesites.ws/backend_dev.php/producto" "Mozilla/5.0 (Windows NT 6.3; WOW64) AppleWebKit/537.36 (KHTML, like Gecko) Chrome/36.0.1985.143 Safari/537.36"
179.153.45.121 - - [27/Aug/2014:10:08:24 -0300] "GET /sf/sf_web_debug/images/config.png HTTP/1.1" 404 1358 "http://sgws11.hospedagemdesites.ws/backend_dev.php/producto" "Mozilla/5.0 (Windows NT 6.3; WOW64) AppleWebKit/537.36 (KHTML, like Gecko) Chrome/36.0.1985.143 Safari/537.36"
179.153.45.121 - - [27/Aug/2014:10:08:24 -0300] "GET /sf/sf_web_debug/images/view.png HTTP/1.1" 404 1358 "http://sgws11.hospedagemdesites.ws/backend_dev.php/producto" "Mozilla/5.0 (Windows NT 6.3; WOW64) AppleWebKit/537.36 (KHTML, like Gecko) Chrome/36.0.1985.143 Safari/537.36"
179.153.45.121 - - [27/Aug/2014:10:08:24 -0300] "GET /sf/sf_web_debug/images/log.png HTTP/1.1" 404 1358 "http://sgws11.hospedagemdesites.ws/backend_dev.php/producto" "Mozilla/5.0 (Windows NT 6.3; WOW64) AppleWebKit/537.36 (KHTML, like Gecko) Chrome/36.0.1985.143 Safari/537.36"
179.153.45.121 - - [27/Aug/2014:10:08:24 -0300] "GET /sf/sf_web_debug/images/memory.png HTTP/1.1" 404 1358 "http://sgws11.hospedagemdesites.ws/backend_dev.php/producto" "Mozilla/5.0 (Windows NT 6.3; WOW64) AppleWebKit/537.36 (KHTML, like Gecko) Chrome/36.0.1985.143 Safari/537.36"
179.153.45.121 - - [27/Aug/2014:10:08:24 -0300] "GET /sf/sf_web_debug/images/time.png HTTP/1.1" 404 1358 "http://sgws11.hospedagemdesites.ws/backend_dev.php/producto" "Mozilla/5.0 (Windows NT 6.3; WOW64) AppleWebKit/537.36 (KHTML, like Gecko) Chrome/36.0.1985.143 Safari/537.36"
179.153.45.121 - - [27/Aug/2014:10:08:24 -0300] "GET /sf/sf_web_debug/images/database.png HTTP/1.1" 404 1358 "http://sgws11.hospedagemdesites.ws/backend_dev.php/producto" "Mozilla/5.0 (Windows NT 6.3; WOW64) AppleWebKit/537.36 (KHTML, like Gecko) Chrome/36.0.1985.143 Safari/537.36"
179.153.45.121 - - [27/Aug/2014:10:08:24 -0300] "GET /sf/sf_web_debug/images/close.png HTTP/1.1" 404 1358 "http://sgws11.hospedagemdesites.ws/backend_dev.php/producto" "Mozilla/5.0 (Windows NT 6.3; WOW64) AppleWebKit/537.36 (KHTML, like Gecko) Chrome/36.0.1985.143 Safari/537.36"
179.153.45.121 - - [27/Aug/2014:10:08:24 -0300] "GET /sf/sf_web_debug/images/toggle.gif HTTP/1.1" 404 1358 "http://sgws11.hospedagemdesites.ws/backend_dev.php/producto" "Mozilla/5.0 (Windows NT 6.3; WOW64) AppleWebKit/537.36 (KHTML, like Gecko) Chrome/36.0.1985.143 Safari/537.36"
179.153.45.121 - - [27/Aug/2014:10:08:24 -0300] "GET /sf/sf_web_debug/images/warning.png HTTP/1.1" 404 1358 "http://sgws11.hospedagemdesites.ws/backend_dev.php/producto" "Mozilla/5.0 (Windows NT 6.3; WOW64) AppleWebKit/537.36 (KHTML, like Gecko) Chrome/36.0.1985.143 Safari/537.36"
179.153.45.121 - - [27/Aug/2014:10:08:24 -0300] "GET /sf/sf_web_debug/images/info.png HTTP/1.1" 404 1358 "http://sgws11.hospedagemdesites.ws/backend_dev.php/producto" "Mozilla/5.0 (Windows NT 6.3; WOW64) AppleWebKit/537.36 (KHTML, like Gecko) Chrome/36.0.1985.143 Safari/537.36"
179.153.45.121 - - [27/Aug/2014:10:08:24 -0300] "GET /sf/sf_web_debug/images/error.png HTTP/1.1" 404 1358 "http://sgws11.hospedagemdesites.ws/backend_dev.php/producto" "Mozilla/5.0 (Windows NT 6.3; WOW64) AppleWebKit/537.36 (KHTML, like Gecko) Chrome/36.0.1985.143 Safari/537.36"
190.200.155.201 - - [27/Aug/2014:10:10:02 -0300] "GET /backend_dev.php/pedido HTTP/1.1" 200 102987 "http://sgws11.hospedagemdesites.ws/backend_dev.php/producto" "Mozilla/5.0 (X11; Linux x86_64) AppleWebKit/537.36 (KHTML, like Gecko) Chrome/36.0.1985.125 Safari/537.36"
179.153.45.121 - - [27/Aug/2014:10:10:02 -0300] "GET /backend_dev.php/pedido HTTP/1.1" 200 103416 "http://sgws11.hospedagemdesites.ws/backend_dev.php/producto" "Mozilla/5.0 (Windows NT 6.3; WOW64) AppleWebKit/537.36 (KHTML, like Gecko) Chrome/36.0.1985.143 Safari/537.36"
179.153.45.121 - - [27/Aug/2014:10:10:03 -0300] "GET /images/icons/zoom.png HTTP/1.1" 200 1531 "http://sgws11.hospedagemdesites.ws/backend_dev.php/pedido" "Mozilla/5.0 (Windows NT 6.3; WOW64) AppleWebKit/537.36 (KHTML, like Gecko) Chrome/36.0.1985.143 Safari/537.36"
190.200.155.201 - - [27/Aug/2014:10:10:05 -0300] "GET /css/cupertino/images/ui-bg_highlight-hard_100_f2f5f7_1x100.png HTTP/1.1" 200 103 "http://sgws11.hospedagemdesites.ws/backend_dev.php/pedido" "Mozilla/5.0 (X11; Linux x86_64) AppleWebKit/537.36 (KHTML, like Gecko) Chrome/36.0.1985.125 Safari/537.36"
190.200.155.201 - - [27/Aug/2014:10:10:12 -0300] "GET /backend_dev.php/pedido/edit/id/3 HTTP/1.1" 200 109968 "http://sgws11.hospedagemdesites.ws/backend_dev.php/pedido" "Mozilla/5.0 (X11; Linux x86_64) AppleWebKit/537.36 (KHTML, like Gecko) Chrome/36.0.1985.125 Safari/537.36"
190.200.155.201 - - [27/Aug/2014:10:10:14 -0300] "GET /css/cart.css HTTP/1.1" 200 3000 "http://sgws11.hospedagemdesites.ws/backend_dev.php/pedido/edit/id/3" "Mozilla/5.0 (X11; Linux x86_64) AppleWebKit/537.36 (KHTML, like Gecko) Chrome/36.0.1985.125 Safari/537.36"
190.200.155.201 - - [27/Aug/2014:10:10:15 -0300] "GET /images/delete.png HTTP/1.1" 200 794 "http://sgws11.hospedagemdesites.ws/backend_dev.php/pedido/edit/id/3" "Mozilla/5.0 (X11; Linux x86_64) AppleWebKit/537.36 (KHTML, like Gecko) Chrome/36.0.1985.125 Safari/537.36"
179.153.45.121 - - [27/Aug/2014:10:10:15 -0300] "GET /backend_dev.php/pedido/edit/id/3 HTTP/1.1" 200 110401 "http://sgws11.hospedagemdesites.ws/backend_dev.php/pedido" "Mozilla/5.0 (Windows NT 6.3; WOW64) AppleWebKit/537.36 (KHTML, like Gecko) Chrome/36.0.1985.143 Safari/537.36"
190.200.155.201 - - [27/Aug/2014:10:11:01 -0300] "GET /backend_dev.php/pedido/edit/id/3 HTTP/1.1" 200 110033 "http://sgws11.hospedagemdesites.ws/backend_dev.php/pedido" "Mozilla/5.0 (X11; Linux x86_64) AppleWebKit/537.36 (KHTML, like Gecko) Chrome/36.0.1985.125 Safari/537.36"
179.153.45.121 - - [27/Aug/2014:10:11:06 -0300] "GET /backend_dev.php/enviromaq/index HTTP/1.1" 200 111691 "http://sgws11.hospedagemdesites.ws/backend_dev.php/pedido/edit/id/3" "Mozilla/5.0 (Windows NT 6.3; WOW64) AppleWebKit/537.36 (KHTML, like Gecko) Chrome/36.0.1985.143 Safari/537.36"
190.200.155.201 - - [27/Aug/2014:10:11:27 -0300] "GET /backend_dev.php/enviromaq/index HTTP/1.1" 200 111254 "http://sgws11.hospedagemdesites.ws/backend_dev.php/pedido/edit/id/3" "Mozilla/5.0 (X11; Linux x86_64) AppleWebKit/537.36 (KHTML, like Gecko) Chrome/36.0.1985.125 Safari/537.36"
190.200.155.201 - - [27/Aug/2014:10:11:28 -0300] "GET /css/main.css HTTP/1.1" 304 - "http://sgws11.hospedagemdesites.ws/backend_dev.php/enviromaq/index" "Mozilla/5.0 (X11; Linux x86_64) AppleWebKit/537.36 (KHTML, like Gecko) Chrome/36.0.1985.125 Safari/537.36"
190.200.155.201 - - [27/Aug/2014:10:11:28 -0300] "GET /css/jq/jqueryslidemenu.css HTTP/1.1" 304 - "http://sgws11.hospedagemdesites.ws/backend_dev.php/enviromaq/index" "Mozilla/5.0 (X11; Linux x86_64) AppleWebKit/537.36 (KHTML, like Gecko) Chrome/36.0.1985.125 Safari/537.36"
190.200.155.201 - - [27/Aug/2014:10:11:28 -0300] "GET /css/validationEngineBackend.jquery.css HTTP/1.1" 304 - "http://sgws11.hospedagemdesites.ws/backend_dev.php/enviromaq/index" "Mozilla/5.0 (X11; Linux x86_64) AppleWebKit/537.36 (KHTML, like Gecko) Chrome/36.0.1985.125 Safari/537.36"
190.200.155.201 - - [27/Aug/2014:10:11:28 -0300] "GET /js/extjs/resources/css/ext-all.css HTTP/1.1" 304 - "http://sgws11.hospedagemdesites.ws/backend_dev.php/enviromaq/index" "Mozilla/5.0 (X11; Linux x86_64) AppleWebKit/537.36 (KHTML, like Gecko) Chrome/36.0.1985.125 Safari/537.36"
190.200.155.201 - - [27/Aug/2014:10:11:28 -0300] "GET /css/cupertino/jquery-ui-1.8.1.custom.css HTTP/1.1" 304 - "http://sgws11.hospedagemdesites.ws/backend_dev.php/enviromaq/index" "Mozilla/5.0 (X11; Linux x86_64) AppleWebKit/537.36 (KHTML, like Gecko) Chrome/36.0.1985.125 Safari/537.36"
179.153.45.121 - - [27/Aug/2014:10:11:33 -0300] "GET /backend_dev.php/pedido HTTP/1.1" 200 103430 "http://sgws11.hospedagemdesites.ws/backend_dev.php/enviromaq/index" "Mozilla/5.0 (Windows NT 6.3; WOW64) AppleWebKit/537.36 (KHTML, like Gecko) Chrome/36.0.1985.143 Safari/537.36"
179.153.45.121 - - [27/Aug/2014:10:11:37 -0300] "GET /backend_dev.php/pedido/index HTTP/1.1" 200 103518 "http://sgws11.hospedagemdesites.ws/backend_dev.php/pedido" "Mozilla/5.0 (Windows NT 6.3; WOW64) AppleWebKit/537.36 (KHTML, like Gecko) Chrome/36.0.1985.143 Safari/537.36"
