186.90.56.7 - - [24/Sep/2014:14:46:08 -0300] "GET /images/icons/contas.png HTTP/1.1" 304 - "http://sgws11.hospedagemdesites.ws/backend_dev.php/projeto" "Mozilla/5.0 (X11; Linux x86_64) AppleWebKit/537.36 (KHTML, like Gecko) Chrome/36.0.1985.125 Safari/537.36"
186.90.56.7 - - [24/Sep/2014:14:46:08 -0300] "GET /images/icons/timesheet.png HTTP/1.1" 304 - "http://sgws11.hospedagemdesites.ws/backend_dev.php/projeto" "Mozilla/5.0 (X11; Linux x86_64) AppleWebKit/537.36 (KHTML, like Gecko) Chrome/36.0.1985.125 Safari/537.36"
186.90.56.7 - - [24/Sep/2014:14:46:08 -0300] "GET /images/icons/tools-48.png HTTP/1.1" 304 - "http://sgws11.hospedagemdesites.ws/backend_dev.php/projeto" "Mozilla/5.0 (X11; Linux x86_64) AppleWebKit/537.36 (KHTML, like Gecko) Chrome/36.0.1985.125 Safari/537.36"
186.90.56.7 - - [24/Sep/2014:14:46:08 -0300] "GET /images/icons/faturamento.png HTTP/1.1" 304 - "http://sgws11.hospedagemdesites.ws/backend_dev.php/projeto" "Mozilla/5.0 (X11; Linux x86_64) AppleWebKit/537.36 (KHTML, like Gecko) Chrome/36.0.1985.125 Safari/537.36"
186.90.56.7 - - [24/Sep/2014:14:46:08 -0300] "GET /images/legenda-projetos.jpg HTTP/1.1" 304 - "http://sgws11.hospedagemdesites.ws/backend_dev.php/projeto" "Mozilla/5.0 (X11; Linux x86_64) AppleWebKit/537.36 (KHTML, like Gecko) Chrome/36.0.1985.125 Safari/537.36"
186.90.56.7 - - [24/Sep/2014:14:46:08 -0300] "GET /sf/sf_web_debug/images/sf.png HTTP/1.1" 404 1348 "http://sgws11.hospedagemdesites.ws/backend_dev.php/projeto" "Mozilla/5.0 (X11; Linux x86_64) AppleWebKit/537.36 (KHTML, like Gecko) Chrome/36.0.1985.125 Safari/537.36"
186.90.56.7 - - [24/Sep/2014:14:46:08 -0300] "GET /sf/sf_web_debug/images/config.png HTTP/1.1" 404 1348 "http://sgws11.hospedagemdesites.ws/backend_dev.php/projeto" "Mozilla/5.0 (X11; Linux x86_64) AppleWebKit/537.36 (KHTML, like Gecko) Chrome/36.0.1985.125 Safari/537.36"
186.90.56.7 - - [24/Sep/2014:14:46:08 -0300] "GET /sf/sf_web_debug/images/view.png HTTP/1.1" 404 1348 "http://sgws11.hospedagemdesites.ws/backend_dev.php/projeto" "Mozilla/5.0 (X11; Linux x86_64) AppleWebKit/537.36 (KHTML, like Gecko) Chrome/36.0.1985.125 Safari/537.36"
186.90.56.7 - - [24/Sep/2014:14:46:08 -0300] "GET /sf/sf_web_debug/images/log.png HTTP/1.1" 404 1348 "http://sgws11.hospedagemdesites.ws/backend_dev.php/projeto" "Mozilla/5.0 (X11; Linux x86_64) AppleWebKit/537.36 (KHTML, like Gecko) Chrome/36.0.1985.125 Safari/537.36"
186.90.56.7 - - [24/Sep/2014:14:46:08 -0300] "GET /sf/sf_web_debug/images/memory.png HTTP/1.1" 404 1348 "http://sgws11.hospedagemdesites.ws/backend_dev.php/projeto" "Mozilla/5.0 (X11; Linux x86_64) AppleWebKit/537.36 (KHTML, like Gecko) Chrome/36.0.1985.125 Safari/537.36"
186.90.56.7 - - [24/Sep/2014:14:46:09 -0300] "GET /sf/sf_web_debug/images/database.png HTTP/1.1" 404 1348 "http://sgws11.hospedagemdesites.ws/backend_dev.php/projeto" "Mozilla/5.0 (X11; Linux x86_64) AppleWebKit/537.36 (KHTML, like Gecko) Chrome/36.0.1985.125 Safari/537.36"
186.90.56.7 - - [24/Sep/2014:14:46:09 -0300] "GET /sf/sf_web_debug/images/close.png HTTP/1.1" 404 1348 "http://sgws11.hospedagemdesites.ws/backend_dev.php/projeto" "Mozilla/5.0 (X11; Linux x86_64) AppleWebKit/537.36 (KHTML, like Gecko) Chrome/36.0.1985.125 Safari/537.36"
186.90.56.7 - - [24/Sep/2014:14:46:10 -0300] "GET /sf/sf_web_debug/images/time.png HTTP/1.1" 404 1348 "http://sgws11.hospedagemdesites.ws/backend_dev.php/projeto" "Mozilla/5.0 (X11; Linux x86_64) AppleWebKit/537.36 (KHTML, like Gecko) Chrome/36.0.1985.125 Safari/537.36"
186.90.56.7 - - [24/Sep/2014:14:46:10 -0300] "GET /sf/sf_web_debug/images/toggle.gif HTTP/1.1" 404 1348 "http://sgws11.hospedagemdesites.ws/backend_dev.php/projeto" "Mozilla/5.0 (X11; Linux x86_64) AppleWebKit/537.36 (KHTML, like Gecko) Chrome/36.0.1985.125 Safari/537.36"
186.90.56.7 - - [24/Sep/2014:14:46:10 -0300] "GET /sf/sf_web_debug/images/warning.png HTTP/1.1" 404 1348 "http://sgws11.hospedagemdesites.ws/backend_dev.php/projeto" "Mozilla/5.0 (X11; Linux x86_64) AppleWebKit/537.36 (KHTML, like Gecko) Chrome/36.0.1985.125 Safari/537.36"
186.90.56.7 - - [24/Sep/2014:14:46:10 -0300] "GET /sf/sf_web_debug/images/error.png HTTP/1.1" 404 1348 "http://sgws11.hospedagemdesites.ws/backend_dev.php/projeto" "Mozilla/5.0 (X11; Linux x86_64) AppleWebKit/537.36 (KHTML, like Gecko) Chrome/36.0.1985.125 Safari/537.36"
186.90.56.7 - - [24/Sep/2014:14:46:33 -0300] "GET /backend_dev.php/projeto/analisisCritico HTTP/1.1" 200 197413 "http://sgws11.hospedagemdesites.ws/backend_dev.php/projeto" "Mozilla/5.0 (X11; Linux x86_64) AppleWebKit/537.36 (KHTML, like Gecko) Chrome/36.0.1985.125 Safari/537.36"
179.209.188.19 - - [24/Sep/2014:14:48:03 -0300] "GET /backend_dev.php/projeto HTTP/1.1" 200 94540 "http://sgws11.hospedagemdesites.ws/backend_dev.php/home" "Mozilla/5.0 (Windows NT 6.3; WOW64; rv:32.0) Gecko/20100101 Firefox/32.0"
179.209.188.19 - - [24/Sep/2014:14:48:05 -0300] "GET /js/fancybox/jquery.fancybox.js HTTP/1.1" 304 - "http://sgws11.hospedagemdesites.ws/backend_dev.php/projeto" "Mozilla/5.0 (Windows NT 6.3; WOW64; rv:32.0) Gecko/20100101 Firefox/32.0"
179.209.188.19 - - [24/Sep/2014:14:48:07 -0300] "GET /images/magnifier.png HTTP/1.1" 304 - "http://sgws11.hospedagemdesites.ws/css/main.css" "Mozilla/5.0 (Windows NT 6.3; WOW64; rv:32.0) Gecko/20100101 Firefox/32.0"
179.209.188.19 - - [24/Sep/2014:14:48:07 -0300] "GET /images/icons/icon_projeto.png HTTP/1.1" 304 - "http://sgws11.hospedagemdesites.ws/css/main.css" "Mozilla/5.0 (Windows NT 6.3; WOW64; rv:32.0) Gecko/20100101 Firefox/32.0"
179.209.188.19 - - [24/Sep/2014:14:48:11 -0300] "GET /backend_dev.php/projeto/listaAnalisis HTTP/1.1" 200 100979 "http://sgws11.hospedagemdesites.ws/backend_dev.php/projeto" "Mozilla/5.0 (Windows NT 6.3; WOW64; rv:32.0) Gecko/20100101 Firefox/32.0"
179.209.188.19 - - [24/Sep/2014:14:48:12 -0300] "GET /images/1.png HTTP/1.1" 304 - "http://sgws11.hospedagemdesites.ws/backend_dev.php/projeto/listaAnalisis" "Mozilla/5.0 (Windows NT 6.3; WOW64; rv:32.0) Gecko/20100101 Firefox/32.0"
179.209.188.19 - - [24/Sep/2014:14:48:21 -0300] "GET /backend_dev.php/projeto/editAnalisisCritico/id_analisis/1 HTTP/1.1" 200 205090 "http://sgws11.hospedagemdesites.ws/backend_dev.php/projeto/listaAnalisis" "Mozilla/5.0 (Windows NT 6.3; WOW64; rv:32.0) Gecko/20100101 Firefox/32.0"
179.209.188.19 - - [24/Sep/2014:14:48:31 -0300] "GET /images/bck_button_over.png HTTP/1.1" 304 - "http://sgws11.hospedagemdesites.ws/css/main.css" "Mozilla/5.0 (Windows NT 6.3; WOW64; rv:32.0) Gecko/20100101 Firefox/32.0"
179.209.188.19 - - [24/Sep/2014:14:48:35 -0300] "POST /backend_dev.php/projeto/updateAnalisis/id_analisis/1 HTTP/1.1" 200 51596 "http://sgws11.hospedagemdesites.ws/backend_dev.php/projeto/editAnalisisCritico/id_analisis/1" "Mozilla/5.0 (Windows NT 6.3; WOW64; rv:32.0) Gecko/20100101 Firefox/32.0"
179.209.188.19 - - [24/Sep/2014:14:48:36 -0300] "GET /backend_dev.php/projeto/listaAnalisis HTTP/1.1" 200 101716 "http://sgws11.hospedagemdesites.ws/backend_dev.php/projeto" "Mozilla/5.0 (Windows NT 6.3; WOW64; rv:32.0) Gecko/20100101 Firefox/32.0"
186.90.56.7 - - [24/Sep/2014:14:48:45 -0300] "GET /backend_dev.php/projeto HTTP/1.1" 200 94544 "http://sgws11.hospedagemdesites.ws/backend_dev.php/projeto" "Mozilla/5.0 (X11; Linux x86_64) AppleWebKit/537.36 (KHTML, like Gecko) Chrome/36.0.1985.125 Safari/537.36"
179.209.188.19 - - [24/Sep/2014:14:48:46 -0300] "GET /backend_dev.php/projeto?q=prop HTTP/1.1" 200 108824 "http://sgws11.hospedagemdesites.ws/backend_dev.php/projeto/listaAnalisis" "Mozilla/5.0 (Windows NT 6.3; WOW64; rv:32.0) Gecko/20100101 Firefox/32.0"
179.209.188.19 - - [24/Sep/2014:14:48:49 -0300] "GET /js/jq/accordionmenu.js HTTP/1.1" 304 - "http://sgws11.hospedagemdesites.ws/backend_dev.php/projeto?q=prop" "Mozilla/5.0 (Windows NT 6.3; WOW64; rv:32.0) Gecko/20100101 Firefox/32.0"
179.209.188.19 - - [24/Sep/2014:14:48:49 -0300] "GET /images/icons/mas_info.png HTTP/1.1" 200 1223 "http://sgws11.hospedagemdesites.ws/backend_dev.php/projeto?q=prop" "Mozilla/5.0 (Windows NT 6.3; WOW64; rv:32.0) Gecko/20100101 Firefox/32.0"
179.209.188.19 - - [24/Sep/2014:14:48:49 -0300] "GET /images/icons/neg_3.png HTTP/1.1" 200 1680 "http://sgws11.hospedagemdesites.ws/backend_dev.php/projeto?q=prop" "Mozilla/5.0 (Windows NT 6.3; WOW64; rv:32.0) Gecko/20100101 Firefox/32.0"
186.90.56.7 - - [24/Sep/2014:14:48:50 -0300] "GET /images/logo_cte.png HTTP/1.1" 304 - "http://sgws11.hospedagemdesites.ws/backend_dev.php/projeto" "Mozilla/5.0 (X11; Linux x86_64) AppleWebKit/537.36 (KHTML, like Gecko) Chrome/36.0.1985.125 Safari/537.36"
186.90.56.7 - - [24/Sep/2014:14:48:50 -0300] "GET /uploads/users/med_120_mariafernanda.jpg HTTP/1.1" 304 - "http://sgws11.hospedagemdesites.ws/backend_dev.php/projeto" "Mozilla/5.0 (X11; Linux x86_64) AppleWebKit/537.36 (KHTML, like Gecko) Chrome/36.0.1985.125 Safari/537.36"
179.209.188.19 - - [24/Sep/2014:14:48:59 -0300] "GET /backend_dev.php/projeto/edit/codigo_proposta/1/id_analisis/1 HTTP/1.1" 200 213 "http://sgws11.hospedagemdesites.ws/backend_dev.php/projeto?q=prop" "Mozilla/5.0 (Windows NT 6.3; WOW64; rv:32.0) Gecko/20100101 Firefox/32.0"
186.90.56.7 - - [24/Sep/2014:14:49:00 -0300] "GET /backend_dev.php/projeto?q=prop HTTP/1.1" 200 108744 "http://sgws11.hospedagemdesites.ws/backend_dev.php/projeto" "Mozilla/5.0 (X11; Linux x86_64) AppleWebKit/537.36 (KHTML, like Gecko) Chrome/36.0.1985.125 Safari/537.36"
186.90.56.7 - - [24/Sep/2014:14:49:09 -0300] "GET /sf/sf_web_debug/images/info.png HTTP/1.1" 404 1366 "http://sgws11.hospedagemdesites.ws/backend_dev.php/projeto?q=prop" "Mozilla/5.0 (X11; Linux x86_64) AppleWebKit/537.36 (KHTML, like Gecko) Chrome/36.0.1985.125 Safari/537.36"
179.209.188.19 - - [24/Sep/2014:14:51:16 -0300] "GET /backend_dev.php/projeto/edit/codigo_proposta/1/id_analisis/1 HTTP/1.1" 200 213 "http://sgws11.hospedagemdesites.ws/backend_dev.php/projeto?q=prop" "Mozilla/5.0 (Windows NT 6.3; WOW64; rv:32.0) Gecko/20100101 Firefox/32.0"
179.209.188.19 - - [24/Sep/2014:14:51:32 -0300] "GET /backend_dev.php/projeto/analisisCritico HTTP/1.1" 200 197468 "http://sgws11.hospedagemdesites.ws/backend_dev.php/projeto?q=prop" "Mozilla/5.0 (Windows NT 6.3; WOW64; rv:32.0) Gecko/20100101 Firefox/32.0"
179.209.188.19 - - [24/Sep/2014:14:51:33 -0300] "GET /css/main.css HTTP/1.1" 304 - "http://sgws11.hospedagemdesites.ws/backend_dev.php/projeto/analisisCritico" "Mozilla/5.0 (Windows NT 6.3; WOW64; rv:32.0) Gecko/20100101 Firefox/32.0"
179.209.188.19 - - [24/Sep/2014:14:51:33 -0300] "GET /css/jq/jqueryslidemenu.css HTTP/1.1" 304 - "http://sgws11.hospedagemdesites.ws/backend_dev.php/projeto/analisisCritico" "Mozilla/5.0 (Windows NT 6.3; WOW64; rv:32.0) Gecko/20100101 Firefox/32.0"
179.209.188.19 - - [24/Sep/2014:14:51:33 -0300] "GET /css/cupertino/jquery-ui-1.8.1.custom.css HTTP/1.1" 304 - "http://sgws11.hospedagemdesites.ws/backend_dev.php/projeto/analisisCritico" "Mozilla/5.0 (Windows NT 6.3; WOW64; rv:32.0) Gecko/20100101 Firefox/32.0"
179.209.188.19 - - [24/Sep/2014:14:51:33 -0300] "GET /css/validationEngineBackend.jquery.css HTTP/1.1" 304 - "http://sgws11.hospedagemdesites.ws/backend_dev.php/projeto/analisisCritico" "Mozilla/5.0 (Windows NT 6.3; WOW64; rv:32.0) Gecko/20100101 Firefox/32.0"
179.209.188.19 - - [24/Sep/2014:14:51:33 -0300] "GET /js/extjs/resources/css/ext-all.css HTTP/1.1" 304 - "http://sgws11.hospedagemdesites.ws/backend_dev.php/projeto/analisisCritico" "Mozilla/5.0 (Windows NT 6.3; WOW64; rv:32.0) Gecko/20100101 Firefox/32.0"
179.209.188.19 - - [24/Sep/2014:14:51:33 -0300] "GET /sf/sf_web_debug/images/config.png HTTP/1.1" 404 1388 "http://sgws11.hospedagemdesites.ws/backend_dev.php/projeto/analisisCritico" "Mozilla/5.0 (Windows NT 6.3; WOW64; rv:32.0) Gecko/20100101 Firefox/32.0"
179.209.188.19 - - [24/Sep/2014:14:51:33 -0300] "GET /sf/sf_web_debug/images/sf.png HTTP/1.1" 404 1388 "http://sgws11.hospedagemdesites.ws/backend_dev.php/projeto/analisisCritico" "Mozilla/5.0 (Windows NT 6.3; WOW64; rv:32.0) Gecko/20100101 Firefox/32.0"
179.209.188.19 - - [24/Sep/2014:14:51:33 -0300] "GET /sf/sf_web_debug/images/view.png HTTP/1.1" 404 1388 "http://sgws11.hospedagemdesites.ws/backend_dev.php/projeto/analisisCritico" "Mozilla/5.0 (Windows NT 6.3; WOW64; rv:32.0) Gecko/20100101 Firefox/32.0"
179.209.188.19 - - [24/Sep/2014:14:51:33 -0300] "GET /sf/sf_web_debug/images/time.png HTTP/1.1" 404 1388 "http://sgws11.hospedagemdesites.ws/backend_dev.php/projeto/analisisCritico" "Mozilla/5.0 (Windows NT 6.3; WOW64; rv:32.0) Gecko/20100101 Firefox/32.0"
179.209.188.19 - - [24/Sep/2014:14:51:33 -0300] "GET /sf/sf_web_debug/images/memory.png HTTP/1.1" 404 1388 "http://sgws11.hospedagemdesites.ws/backend_dev.php/projeto/analisisCritico" "Mozilla/5.0 (Windows NT 6.3; WOW64; rv:32.0) Gecko/20100101 Firefox/32.0"
179.209.188.19 - - [24/Sep/2014:14:51:33 -0300] "GET /sf/sf_web_debug/images/log.png HTTP/1.1" 404 1388 "http://sgws11.hospedagemdesites.ws/backend_dev.php/projeto/analisisCritico" "Mozilla/5.0 (Windows NT 6.3; WOW64; rv:32.0) Gecko/20100101 Firefox/32.0"
179.209.188.19 - - [24/Sep/2014:14:51:33 -0300] "GET /sf/sf_web_debug/images/database.png HTTP/1.1" 404 1388 "http://sgws11.hospedagemdesites.ws/backend_dev.php/projeto/analisisCritico" "Mozilla/5.0 (Windows NT 6.3; WOW64; rv:32.0) Gecko/20100101 Firefox/32.0"
179.209.188.19 - - [24/Sep/2014:14:51:33 -0300] "GET /sf/sf_web_debug/images/close.png HTTP/1.1" 404 1388 "http://sgws11.hospedagemdesites.ws/backend_dev.php/projeto/analisisCritico" "Mozilla/5.0 (Windows NT 6.3; WOW64; rv:32.0) Gecko/20100101 Firefox/32.0"
179.209.188.19 - - [24/Sep/2014:14:51:33 -0300] "GET /sf/sf_web_debug/images/toggle.gif HTTP/1.1" 404 1388 "http://sgws11.hospedagemdesites.ws/backend_dev.php/projeto/analisisCritico" "Mozilla/5.0 (Windows NT 6.3; WOW64; rv:32.0) Gecko/20100101 Firefox/32.0"
179.209.188.19 - - [24/Sep/2014:14:51:33 -0300] "GET /sf/sf_web_debug/images/info.png HTTP/1.1" 404 1388 "http://sgws11.hospedagemdesites.ws/backend_dev.php/projeto/analisisCritico" "Mozilla/5.0 (Windows NT 6.3; WOW64; rv:32.0) Gecko/20100101 Firefox/32.0"
179.209.188.19 - - [24/Sep/2014:14:51:33 -0300] "GET /sf/sf_web_debug/images/error.png HTTP/1.1" 404 1388 "http://sgws11.hospedagemdesites.ws/backend_dev.php/projeto/analisisCritico" "Mozilla/5.0 (Windows NT 6.3; WOW64; rv:32.0) Gecko/20100101 Firefox/32.0"
179.209.188.19 - - [24/Sep/2014:14:51:33 -0300] "GET /sf/sf_web_debug/images/warning.png HTTP/1.1" 404 1388 "http://sgws11.hospedagemdesites.ws/backend_dev.php/projeto/analisisCritico" "Mozilla/5.0 (Windows NT 6.3; WOW64; rv:32.0) Gecko/20100101 Firefox/32.0"
179.209.188.19 - - [24/Sep/2014:14:51:35 -0300] "GET /images/bck_button.png HTTP/1.1" 304 - "http://sgws11.hospedagemdesites.ws/css/main.css" "Mozilla/5.0 (Windows NT 6.3; WOW64; rv:32.0) Gecko/20100101 Firefox/32.0"
179.209.188.19 - - [24/Sep/2014:14:51:35 -0300] "GET /css/cupertino/images/ui-bg_highlight-hard_100_f2f5f7_1x100.png HTTP/1.1" 304 - "http://sgws11.hospedagemdesites.ws/css/cupertino/jquery-ui-1.8.1.custom.css" "Mozilla/5.0 (Windows NT 6.3; WOW64; rv:32.0) Gecko/20100101 Firefox/32.0"
179.209.188.19 - - [24/Sep/2014:14:51:41 -0300] "GET /css/cupertino/images/ui-bg_highlight-soft_100_deedf7_1x100.png HTTP/1.1" 304 - "http://sgws11.hospedagemdesites.ws/css/cupertino/jquery-ui-1.8.1.custom.css" "Mozilla/5.0 (Windows NT 6.3; WOW64; rv:32.0) Gecko/20100101 Firefox/32.0"
179.209.188.19 - - [24/Sep/2014:14:51:41 -0300] "GET /css/cupertino/images/ui-icons_72a7cf_256x240.png HTTP/1.1" 304 - "http://sgws11.hospedagemdesites.ws/css/cupertino/jquery-ui-1.8.1.custom.css" "Mozilla/5.0 (Windows NT 6.3; WOW64; rv:32.0) Gecko/20100101 Firefox/32.0"
179.209.188.19 - - [24/Sep/2014:14:51:41 -0300] "GET /css/cupertino/images/ui-bg_glass_100_e4f1fb_1x400.png HTTP/1.1" 304 - "http://sgws11.hospedagemdesites.ws/css/cupertino/jquery-ui-1.8.1.custom.css" "Mozilla/5.0 (Windows NT 6.3; WOW64; rv:32.0) Gecko/20100101 Firefox/32.0"
179.209.188.19 - - [24/Sep/2014:14:51:41 -0300] "GET /css/cupertino/images/ui-bg_glass_80_d7ebf9_1x400.png HTTP/1.1" 304 - "http://sgws11.hospedagemdesites.ws/css/cupertino/jquery-ui-1.8.1.custom.css" "Mozilla/5.0 (Windows NT 6.3; WOW64; rv:32.0) Gecko/20100101 Firefox/32.0"
179.209.188.19 - - [24/Sep/2014:14:51:45 -0300] "GET /css/cupertino/images/ui-icons_2694e8_256x240.png HTTP/1.1" 200 4369 "http://sgws11.hospedagemdesites.ws/css/cupertino/jquery-ui-1.8.1.custom.css" "Mozilla/5.0 (Windows NT 6.3; WOW64; rv:32.0) Gecko/20100101 Firefox/32.0"
179.209.188.19 - - [24/Sep/2014:14:51:46 -0300] "GET /css/cupertino/images/ui-bg_highlight-soft_25_ffef8f_1x100.png HTTP/1.1" 200 153 "http://sgws11.hospedagemdesites.ws/css/cupertino/jquery-ui-1.8.1.custom.css" "Mozilla/5.0 (Windows NT 6.3; WOW64; rv:32.0) Gecko/20100101 Firefox/32.0"
179.209.188.19 - - [24/Sep/2014:14:52:39 -0300] "POST /backend_dev.php/projeto/createAnalisis HTTP/1.1" 302 334 "http://sgws11.hospedagemdesites.ws/backend_dev.php/projeto/analisisCritico" "Mozilla/5.0 (Windows NT 6.3; WOW64; rv:32.0) Gecko/20100101 Firefox/32.0"
179.209.188.19 - - [24/Sep/2014:14:52:40 -0300] "GET /backend_dev.php/projeto/edit/codigo_proposta/2/id_analisis/2 HTTP/1.1" 200 213 "http://sgws11.hospedagemdesites.ws/backend_dev.php/projeto/analisisCritico" "Mozilla/5.0 (Windows NT 6.3; WOW64; rv:32.0) Gecko/20100101 Firefox/32.0"
186.90.56.7 - - [24/Sep/2014:14:52:49 -0300] "GET /backend_dev.php/projeto/analisisCritico HTTP/1.1" 200 197418 "http://sgws11.hospedagemdesites.ws/backend_dev.php/projeto?q=prop" "Mozilla/5.0 (X11; Linux x86_64) AppleWebKit/537.36 (KHTML, like Gecko) Chrome/36.0.1985.125 Safari/537.36"
186.90.56.7 - - [24/Sep/2014:14:53:02 -0300] "GET /backend_dev.php/projeto?q=prop HTTP/1.1" 200 119072 "-" "Mozilla/5.0 (X11; Linux x86_64) AppleWebKit/537.36 (KHTML, like Gecko) Chrome/36.0.1985.125 Safari/537.36"
186.90.56.7 - - [24/Sep/2014:14:53:05 -0300] "GET /js/fancybox/jquery.fancybox.css HTTP/1.1" 304 - "http://sgws11.hospedagemdesites.ws/backend_dev.php/projeto?q=prop" "Mozilla/5.0 (X11; Linux x86_64) AppleWebKit/537.36 (KHTML, like Gecko) Chrome/36.0.1985.125 Safari/537.36"
186.90.56.7 - - [24/Sep/2014:14:53:05 -0300] "GET /css/projetos.css HTTP/1.1" 304 - "http://sgws11.hospedagemdesites.ws/backend_dev.php/projeto?q=prop" "Mozilla/5.0 (X11; Linux x86_64) AppleWebKit/537.36 (KHTML, like Gecko) Chrome/36.0.1985.125 Safari/537.36"
186.90.56.7 - - [24/Sep/2014:14:53:06 -0300] "GET /images/icons/list_pessoas.png HTTP/1.1" 304 - "http://sgws11.hospedagemdesites.ws/backend_dev.php/projeto?q=prop" "Mozilla/5.0 (X11; Linux x86_64) AppleWebKit/537.36 (KHTML, like Gecko) Chrome/36.0.1985.125 Safari/537.36"
186.90.56.7 - - [24/Sep/2014:14:53:06 -0300] "GET /images/icons/subtipo_pessoas.png HTTP/1.1" 304 - "http://sgws11.hospedagemdesites.ws/backend_dev.php/projeto?q=prop" "Mozilla/5.0 (X11; Linux x86_64) AppleWebKit/537.36 (KHTML, like Gecko) Chrome/36.0.1985.125 Safari/537.36"
186.90.56.7 - - [24/Sep/2014:14:53:06 -0300] "GET /images/folder_sent-48.png HTTP/1.1" 304 - "http://sgws11.hospedagemdesites.ws/backend_dev.php/projeto?q=prop" "Mozilla/5.0 (X11; Linux x86_64) AppleWebKit/537.36 (KHTML, like Gecko) Chrome/36.0.1985.125 Safari/537.36"
186.90.56.7 - - [24/Sep/2014:14:53:06 -0300] "GET /images/icons/taks.png HTTP/1.1" 304 - "http://sgws11.hospedagemdesites.ws/backend_dev.php/projeto?q=prop" "Mozilla/5.0 (X11; Linux x86_64) AppleWebKit/537.36 (KHTML, like Gecko) Chrome/36.0.1985.125 Safari/537.36"
186.90.56.7 - - [24/Sep/2014:14:53:06 -0300] "GET /images/icons/contas.png HTTP/1.1" 304 - "http://sgws11.hospedagemdesites.ws/backend_dev.php/projeto?q=prop" "Mozilla/5.0 (X11; Linux x86_64) AppleWebKit/537.36 (KHTML, like Gecko) Chrome/36.0.1985.125 Safari/537.36"
186.90.56.7 - - [24/Sep/2014:14:53:06 -0300] "GET /images/icons/timesheet.png HTTP/1.1" 304 - "http://sgws11.hospedagemdesites.ws/backend_dev.php/projeto?q=prop" "Mozilla/5.0 (X11; Linux x86_64) AppleWebKit/537.36 (KHTML, like Gecko) Chrome/36.0.1985.125 Safari/537.36"
186.90.56.7 - - [24/Sep/2014:14:53:07 -0300] "GET /images/legenda-projetos.jpg HTTP/1.1" 304 - "http://sgws11.hospedagemdesites.ws/backend_dev.php/projeto?q=prop" "Mozilla/5.0 (X11; Linux x86_64) AppleWebKit/537.36 (KHTML, like Gecko) Chrome/36.0.1985.125 Safari/537.36"
186.90.56.7 - - [24/Sep/2014:14:53:07 -0300] "GET /sf/sf_web_debug/images/sf.png HTTP/1.1" 404 1366 "http://sgws11.hospedagemdesites.ws/backend_dev.php/projeto?q=prop" "Mozilla/5.0 (X11; Linux x86_64) AppleWebKit/537.36 (KHTML, like Gecko) Chrome/36.0.1985.125 Safari/537.36"
186.90.56.7 - - [24/Sep/2014:14:53:07 -0300] "GET /sf/sf_web_debug/images/database.png HTTP/1.1" 404 1366 "http://sgws11.hospedagemdesites.ws/backend_dev.php/projeto?q=prop" "Mozilla/5.0 (X11; Linux x86_64) AppleWebKit/537.36 (KHTML, like Gecko) Chrome/36.0.1985.125 Safari/537.36"
186.90.56.7 - - [24/Sep/2014:14:53:07 -0300] "GET /sf/sf_web_debug/images/view.png HTTP/1.1" 404 1366 "http://sgws11.hospedagemdesites.ws/backend_dev.php/projeto?q=prop" "Mozilla/5.0 (X11; Linux x86_64) AppleWebKit/537.36 (KHTML, like Gecko) Chrome/36.0.1985.125 Safari/537.36"
186.90.56.7 - - [24/Sep/2014:14:53:07 -0300] "GET /sf/sf_web_debug/images/memory.png HTTP/1.1" 404 1366 "http://sgws11.hospedagemdesites.ws/backend_dev.php/projeto?q=prop" "Mozilla/5.0 (X11; Linux x86_64) AppleWebKit/537.36 (KHTML, like Gecko) Chrome/36.0.1985.125 Safari/537.36"
186.90.56.7 - - [24/Sep/2014:14:53:07 -0300] "GET /sf/sf_web_debug/images/config.png HTTP/1.1" 404 1366 "http://sgws11.hospedagemdesites.ws/backend_dev.php/projeto?q=prop" "Mozilla/5.0 (X11; Linux x86_64) AppleWebKit/537.36 (KHTML, like Gecko) Chrome/36.0.1985.125 Safari/537.36"
186.90.56.7 - - [24/Sep/2014:14:53:07 -0300] "GET /sf/sf_web_debug/images/close.png HTTP/1.1" 404 1366 "http://sgws11.hospedagemdesites.ws/backend_dev.php/projeto?q=prop" "Mozilla/5.0 (X11; Linux x86_64) AppleWebKit/537.36 (KHTML, like Gecko) Chrome/36.0.1985.125 Safari/537.36"
186.90.56.7 - - [24/Sep/2014:14:53:07 -0300] "GET /sf/sf_web_debug/images/time.png HTTP/1.1" 404 1366 "http://sgws11.hospedagemdesites.ws/backend_dev.php/projeto?q=prop" "Mozilla/5.0 (X11; Linux x86_64) AppleWebKit/537.36 (KHTML, like Gecko) Chrome/36.0.1985.125 Safari/537.36"
186.90.56.7 - - [24/Sep/2014:14:53:08 -0300] "GET /sf/sf_web_debug/images/log.png HTTP/1.1" 404 1366 "http://sgws11.hospedagemdesites.ws/backend_dev.php/projeto?q=prop" "Mozilla/5.0 (X11; Linux x86_64) AppleWebKit/537.36 (KHTML, like Gecko) Chrome/36.0.1985.125 Safari/537.36"
186.90.56.7 - - [24/Sep/2014:14:53:08 -0300] "GET /images/icons/tools-48.png HTTP/1.1" 304 - "http://sgws11.hospedagemdesites.ws/backend_dev.php/projeto?q=prop" "Mozilla/5.0 (X11; Linux x86_64) AppleWebKit/537.36 (KHTML, like Gecko) Chrome/36.0.1985.125 Safari/537.36"
186.90.56.7 - - [24/Sep/2014:14:53:08 -0300] "GET /images/icons/faturamento.png HTTP/1.1" 304 - "http://sgws11.hospedagemdesites.ws/backend_dev.php/projeto?q=prop" "Mozilla/5.0 (X11; Linux x86_64) AppleWebKit/537.36 (KHTML, like Gecko) Chrome/36.0.1985.125 Safari/537.36"
186.90.56.7 - - [24/Sep/2014:14:53:08 -0300] "GET /sf/sf_web_debug/images/toggle.gif HTTP/1.1" 404 1366 "http://sgws11.hospedagemdesites.ws/backend_dev.php/projeto?q=prop" "Mozilla/5.0 (X11; Linux x86_64) AppleWebKit/537.36 (KHTML, like Gecko) Chrome/36.0.1985.125 Safari/537.36"
186.90.56.7 - - [24/Sep/2014:14:53:08 -0300] "GET /sf/sf_web_debug/images/warning.png HTTP/1.1" 404 1366 "http://sgws11.hospedagemdesites.ws/backend_dev.php/projeto?q=prop" "Mozilla/5.0 (X11; Linux x86_64) AppleWebKit/537.36 (KHTML, like Gecko) Chrome/36.0.1985.125 Safari/537.36"
186.90.56.7 - - [24/Sep/2014:14:53:08 -0300] "GET /sf/sf_web_debug/images/error.png HTTP/1.1" 404 1366 "http://sgws11.hospedagemdesites.ws/backend_dev.php/projeto?q=prop" "Mozilla/5.0 (X11; Linux x86_64) AppleWebKit/537.36 (KHTML, like Gecko) Chrome/36.0.1985.125 Safari/537.36"
186.90.56.7 - - [24/Sep/2014:14:53:11 -0300] "GET /backend_dev.php/projeto/edit/codigo_proposta/1/id_analisis/1 HTTP/1.1" 200 213 "http://sgws11.hospedagemdesites.ws/backend_dev.php/projeto?q=prop" "Mozilla/5.0 (X11; Linux x86_64) AppleWebKit/537.36 (KHTML, like Gecko) Chrome/36.0.1985.125 Safari/537.36"
179.209.188.19 - - [24/Sep/2014:14:55:38 -0300] "GET /backend_dev.php/projeto HTTP/1.1" 200 113983 "http://sgws11.hospedagemdesites.ws/backend_dev.php/producto" "Mozilla/5.0 (Windows NT 6.3; WOW64) AppleWebKit/537.36 (KHTML, like Gecko) Chrome/37.0.2062.120 Safari/537.36"
179.209.188.19 - - [24/Sep/2014:14:55:40 -0300] "GET /css/main.css HTTP/1.1" 304 - "http://sgws11.hospedagemdesites.ws/backend_dev.php/projeto" "Mozilla/5.0 (Windows NT 6.3; WOW64) AppleWebKit/537.36 (KHTML, like Gecko) Chrome/37.0.2062.120 Safari/537.36"
179.209.188.19 - - [24/Sep/2014:14:55:40 -0300] "GET /css/jq/jqueryslidemenu.css HTTP/1.1" 304 - "http://sgws11.hospedagemdesites.ws/backend_dev.php/projeto" "Mozilla/5.0 (Windows NT 6.3; WOW64) AppleWebKit/537.36 (KHTML, like Gecko) Chrome/37.0.2062.120 Safari/537.36"
179.209.188.19 - - [24/Sep/2014:14:55:40 -0300] "GET /css/validationEngineBackend.jquery.css HTTP/1.1" 304 - "http://sgws11.hospedagemdesites.ws/backend_dev.php/projeto" "Mozilla/5.0 (Windows NT 6.3; WOW64) AppleWebKit/537.36 (KHTML, like Gecko) Chrome/37.0.2062.120 Safari/537.36"
179.209.188.19 - - [24/Sep/2014:14:55:40 -0300] "GET /js/extjs/resources/css/ext-all.css HTTP/1.1" 304 - "http://sgws11.hospedagemdesites.ws/backend_dev.php/projeto" "Mozilla/5.0 (Windows NT 6.3; WOW64) AppleWebKit/537.36 (KHTML, like Gecko) Chrome/37.0.2062.120 Safari/537.36"
179.209.188.19 - - [24/Sep/2014:14:55:40 -0300] "GET /css/cupertino/jquery-ui-1.8.1.custom.css HTTP/1.1" 304 - "http://sgws11.hospedagemdesites.ws/backend_dev.php/projeto" "Mozilla/5.0 (Windows NT 6.3; WOW64) AppleWebKit/537.36 (KHTML, like Gecko) Chrome/37.0.2062.120 Safari/537.36"
179.209.188.19 - - [24/Sep/2014:14:55:40 -0300] "GET /images/logo_cte.png HTTP/1.1" 304 - "http://sgws11.hospedagemdesites.ws/backend_dev.php/projeto" "Mozilla/5.0 (Windows NT 6.3; WOW64) AppleWebKit/537.36 (KHTML, like Gecko) Chrome/37.0.2062.120 Safari/537.36"
179.209.188.19 - - [24/Sep/2014:14:55:40 -0300] "GET /uploads/users/med_4_andrea.jpg HTTP/1.1" 200 3936 "http://sgws11.hospedagemdesites.ws/backend_dev.php/projeto" "Mozilla/5.0 (Windows NT 6.3; WOW64) AppleWebKit/537.36 (KHTML, like Gecko) Chrome/37.0.2062.120 Safari/537.36"
179.209.188.19 - - [24/Sep/2014:14:55:40 -0300] "GET /images/icons/mas_info.png HTTP/1.1" 304 - "http://sgws11.hospedagemdesites.ws/backend_dev.php/projeto" "Mozilla/5.0 (Windows NT 6.3; WOW64) AppleWebKit/537.36 (KHTML, like Gecko) Chrome/37.0.2062.120 Safari/537.36"
179.209.188.19 - - [24/Sep/2014:14:55:40 -0300] "GET /images/icons/icon_tarefa_mini.png HTTP/1.1" 200 52667 "http://sgws11.hospedagemdesites.ws/backend_dev.php/projeto" "Mozilla/5.0 (Windows NT 6.3; WOW64) AppleWebKit/537.36 (KHTML, like Gecko) Chrome/37.0.2062.120 Safari/537.36"
179.209.188.19 - - [24/Sep/2014:14:55:40 -0300] "GET /images/icons/neg_1.png HTTP/1.1" 200 2143 "http://sgws11.hospedagemdesites.ws/backend_dev.php/projeto" "Mozilla/5.0 (Windows NT 6.3; WOW64) AppleWebKit/537.36 (KHTML, like Gecko) Chrome/37.0.2062.120 Safari/537.36"
179.209.188.19 - - [24/Sep/2014:14:55:40 -0300] "GET /images/icons/financeiro.png HTTP/1.1" 200 1999 "http://sgws11.hospedagemdesites.ws/backend_dev.php/projeto" "Mozilla/5.0 (Windows NT 6.3; WOW64) AppleWebKit/537.36 (KHTML, like Gecko) Chrome/37.0.2062.120 Safari/537.36"
179.209.188.19 - - [24/Sep/2014:14:55:40 -0300] "GET /images/icons/status_pagamento.png HTTP/1.1" 200 1526 "http://sgws11.hospedagemdesites.ws/backend_dev.php/projeto" "Mozilla/5.0 (Windows NT 6.3; WOW64) AppleWebKit/537.36 (KHTML, like Gecko) Chrome/37.0.2062.120 Safari/537.36"
179.209.188.19 - - [24/Sep/2014:14:55:40 -0300] "GET /images/icons/tipo_despesa.png HTTP/1.1" 200 2154 "http://sgws11.hospedagemdesites.ws/backend_dev.php/projeto" "Mozilla/5.0 (Windows NT 6.3; WOW64) AppleWebKit/537.36 (KHTML, like Gecko) Chrome/37.0.2062.120 Safari/537.36"
179.209.188.19 - - [24/Sep/2014:14:55:40 -0300] "GET /images/icons/rate.png HTTP/1.1" 200 2495 "http://sgws11.hospedagemdesites.ws/backend_dev.php/projeto" "Mozilla/5.0 (Windows NT 6.3; WOW64) AppleWebKit/537.36 (KHTML, like Gecko) Chrome/37.0.2062.120 Safari/537.36"
179.209.188.19 - - [24/Sep/2014:14:55:40 -0300] "GET /sf/sf_web_debug/images/sf.png HTTP/1.1" 404 1356 "http://sgws11.hospedagemdesites.ws/backend_dev.php/projeto" "Mozilla/5.0 (Windows NT 6.3; WOW64) AppleWebKit/537.36 (KHTML, like Gecko) Chrome/37.0.2062.120 Safari/537.36"
179.209.188.19 - - [24/Sep/2014:14:55:40 -0300] "GET /sf/sf_web_debug/images/view.png HTTP/1.1" 404 1356 "http://sgws11.hospedagemdesites.ws/backend_dev.php/projeto" "Mozilla/5.0 (Windows NT 6.3; WOW64) AppleWebKit/537.36 (KHTML, like Gecko) Chrome/37.0.2062.120 Safari/537.36"
179.209.188.19 - - [24/Sep/2014:14:55:40 -0300] "GET /sf/sf_web_debug/images/config.png HTTP/1.1" 404 1356 "http://sgws11.hospedagemdesites.ws/backend_dev.php/projeto" "Mozilla/5.0 (Windows NT 6.3; WOW64) AppleWebKit/537.36 (KHTML, like Gecko) Chrome/37.0.2062.120 Safari/537.36"
179.209.188.19 - - [24/Sep/2014:14:55:40 -0300] "GET /sf/sf_web_debug/images/log.png HTTP/1.1" 404 1356 "http://sgws11.hospedagemdesites.ws/backend_dev.php/projeto" "Mozilla/5.0 (Windows NT 6.3; WOW64) AppleWebKit/537.36 (KHTML, like Gecko) Chrome/37.0.2062.120 Safari/537.36"
179.209.188.19 - - [24/Sep/2014:14:55:40 -0300] "GET /sf/sf_web_debug/images/memory.png HTTP/1.1" 404 1356 "http://sgws11.hospedagemdesites.ws/backend_dev.php/projeto" "Mozilla/5.0 (Windows NT 6.3; WOW64) AppleWebKit/537.36 (KHTML, like Gecko) Chrome/37.0.2062.120 Safari/537.36"
179.209.188.19 - - [24/Sep/2014:14:55:40 -0300] "GET /sf/sf_web_debug/images/time.png HTTP/1.1" 404 1356 "http://sgws11.hospedagemdesites.ws/backend_dev.php/projeto" "Mozilla/5.0 (Windows NT 6.3; WOW64) AppleWebKit/537.36 (KHTML, like Gecko) Chrome/37.0.2062.120 Safari/537.36"
179.209.188.19 - - [24/Sep/2014:14:55:40 -0300] "GET /sf/sf_web_debug/images/close.png HTTP/1.1" 404 1356 "http://sgws11.hospedagemdesites.ws/backend_dev.php/projeto" "Mozilla/5.0 (Windows NT 6.3; WOW64) AppleWebKit/537.36 (KHTML, like Gecko) Chrome/37.0.2062.120 Safari/537.36"
179.209.188.19 - - [24/Sep/2014:14:55:40 -0300] "GET /sf/sf_web_debug/images/database.png HTTP/1.1" 404 1356 "http://sgws11.hospedagemdesites.ws/backend_dev.php/projeto" "Mozilla/5.0 (Windows NT 6.3; WOW64) AppleWebKit/537.36 (KHTML, like Gecko) Chrome/37.0.2062.120 Safari/537.36"
179.209.188.19 - - [24/Sep/2014:14:55:40 -0300] "GET /sf/sf_web_debug/images/info.png HTTP/1.1" 404 1356 "http://sgws11.hospedagemdesites.ws/backend_dev.php/projeto" "Mozilla/5.0 (Windows NT 6.3; WOW64) AppleWebKit/537.36 (KHTML, like Gecko) Chrome/37.0.2062.120 Safari/537.36"
179.209.188.19 - - [24/Sep/2014:14:55:40 -0300] "GET /sf/sf_web_debug/images/toggle.gif HTTP/1.1" 404 1356 "http://sgws11.hospedagemdesites.ws/backend_dev.php/projeto" "Mozilla/5.0 (Windows NT 6.3; WOW64) AppleWebKit/537.36 (KHTML, like Gecko) Chrome/37.0.2062.120 Safari/537.36"
179.209.188.19 - - [24/Sep/2014:14:55:40 -0300] "GET /sf/sf_web_debug/images/warning.png HTTP/1.1" 404 1356 "http://sgws11.hospedagemdesites.ws/backend_dev.php/projeto" "Mozilla/5.0 (Windows NT 6.3; WOW64) AppleWebKit/537.36 (KHTML, like Gecko) Chrome/37.0.2062.120 Safari/537.36"
179.209.188.19 - - [24/Sep/2014:14:55:40 -0300] "GET /sf/sf_web_debug/images/error.png HTTP/1.1" 404 1356 "http://sgws11.hospedagemdesites.ws/backend_dev.php/projeto" "Mozilla/5.0 (Windows NT 6.3; WOW64) AppleWebKit/537.36 (KHTML, like Gecko) Chrome/37.0.2062.120 Safari/537.36"
186.90.56.7 - - [24/Sep/2014:14:55:40 -0300] "GET /backend_dev.php/projeto/edit/codigo_proposta/1/id_analisis/1 HTTP/1.1" 200 176514 "-" "Mozilla/5.0 (X11; Linux x86_64) AppleWebKit/537.36 (KHTML, like Gecko) Chrome/36.0.1985.125 Safari/537.36"
186.90.56.7 - - [24/Sep/2014:14:55:47 -0300] "GET /sf/sf_web_debug/images/info.png HTTP/1.1" 404 1422 "http://sgws11.hospedagemdesites.ws/backend_dev.php/projeto/edit/codigo_proposta/1/id_analisis/1" "Mozilla/5.0 (X11; Linux x86_64) AppleWebKit/537.36 (KHTML, like Gecko) Chrome/36.0.1985.125 Safari/537.36"
179.209.188.19 - - [24/Sep/2014:14:55:56 -0300] "GET /backend_dev.php/projeto/listaAnalisis HTTP/1.1" 200 107535 "http://sgws11.hospedagemdesites.ws/backend_dev.php/projeto/listaAnalisis" "Mozilla/5.0 (Windows NT 6.3; WOW64; rv:32.0) Gecko/20100101 Firefox/32.0"
179.209.188.19 - - [24/Sep/2014:14:55:59 -0300] "GET /uploads/users/med_120_mariafernanda.jpg HTTP/1.1" 304 - "http://sgws11.hospedagemdesites.ws/backend_dev.php/projeto/listaAnalisis" "Mozilla/5.0 (Windows NT 6.3; WOW64; rv:32.0) Gecko/20100101 Firefox/32.0"
179.209.188.19 - - [24/Sep/2014:14:55:59 -0300] "GET /images/1.png HTTP/1.1" 304 - "http://sgws11.hospedagemdesites.ws/backend_dev.php/projeto/listaAnalisis" "Mozilla/5.0 (Windows NT 6.3; WOW64; rv:32.0) Gecko/20100101 Firefox/32.0"
179.209.188.19 - - [24/Sep/2014:14:55:59 -0300] "GET /images/bck_top.png HTTP/1.1" 200 181 "http://sgws11.hospedagemdesites.ws/css/main.css" "Mozilla/5.0 (Windows NT 6.3; WOW64; rv:32.0) Gecko/20100101 Firefox/32.0"
179.209.188.19 - - [24/Sep/2014:14:55:59 -0300] "GET /images/icons/plus.png HTTP/1.1" 200 681 "http://sgws11.hospedagemdesites.ws/css/main.css" "Mozilla/5.0 (Windows NT 6.3; WOW64; rv:32.0) Gecko/20100101 Firefox/32.0"
179.209.188.19 - - [24/Sep/2014:14:55:59 -0300] "GET /images/magnifier.png HTTP/1.1" 304 - "http://sgws11.hospedagemdesites.ws/css/main.css" "Mozilla/5.0 (Windows NT 6.3; WOW64; rv:32.0) Gecko/20100101 Firefox/32.0"
179.209.188.19 - - [24/Sep/2014:14:55:59 -0300] "GET /images/icons/icon_projeto.png HTTP/1.1" 304 - "http://sgws11.hospedagemdesites.ws/css/main.css" "Mozilla/5.0 (Windows NT 6.3; WOW64; rv:32.0) Gecko/20100101 Firefox/32.0"
179.209.188.19 - - [24/Sep/2014:14:55:59 -0300] "GET /images/bck_menu_top.png HTTP/1.1" 200 125 "http://sgws11.hospedagemdesites.ws/css/main.css" "Mozilla/5.0 (Windows NT 6.3; WOW64; rv:32.0) Gecko/20100101 Firefox/32.0"
179.209.188.19 - - [24/Sep/2014:14:56:00 -0300] "GET /images/bck_footer.png HTTP/1.1" 200 178 "http://sgws11.hospedagemdesites.ws/css/main.css" "Mozilla/5.0 (Windows NT 6.3; WOW64; rv:32.0) Gecko/20100101 Firefox/32.0"
186.90.56.7 - - [24/Sep/2014:14:56:04 -0300] "GET /backend_dev.php/projeto/edit/codigo_proposta/2/id_analisis/2 HTTP/1.1" 200 176546 "http://sgws11.hospedagemdesites.ws/backend_dev.php/projeto?q=prop" "Mozilla/5.0 (X11; Linux x86_64) AppleWebKit/537.36 (KHTML, like Gecko) Chrome/36.0.1985.125 Safari/537.36"
179.209.188.19 - - [24/Sep/2014:14:56:05 -0300] "GET /js/fancybox/fancybox_sprite.png HTTP/1.1" 200 1362 "http://sgws11.hospedagemdesites.ws/js/fancybox/jquery.fancybox.css" "Mozilla/5.0 (Windows NT 6.3; WOW64; rv:32.0) Gecko/20100101 Firefox/32.0"
179.209.188.19 - - [24/Sep/2014:14:56:05 -0300] "GET /js/fancybox/fancybox_loading.gif HTTP/1.1" 200 6567 "http://sgws11.hospedagemdesites.ws/js/fancybox/jquery.fancybox.css" "Mozilla/5.0 (Windows NT 6.3; WOW64; rv:32.0) Gecko/20100101 Firefox/32.0"
179.209.188.19 - - [24/Sep/2014:14:56:05 -0300] "GET /js/fancybox/fancybox_overlay.png HTTP/1.1" 200 1003 "http://sgws11.hospedagemdesites.ws/js/fancybox/jquery.fancybox.css" "Mozilla/5.0 (Windows NT 6.3; WOW64; rv:32.0) Gecko/20100101 Firefox/32.0"
179.209.188.19 - - [24/Sep/2014:14:56:05 -0300] "GET /backend_dev.php/projeto/editAnalisisCritico/id_analisis/1 HTTP/1.1" 200 205081 "http://sgws11.hospedagemdesites.ws/backend_dev.php/projeto/listaAnalisis" "Mozilla/5.0 (Windows NT 6.3; WOW64; rv:32.0) Gecko/20100101 Firefox/32.0"
179.209.188.19 - - [24/Sep/2014:14:56:06 -0300] "GET /js/jq/jq.ajaxupload.js HTTP/1.1" 304 - "http://sgws11.hospedagemdesites.ws/backend_dev.php/projeto/editAnalisisCritico/id_analisis/1" "Mozilla/5.0 (Windows NT 6.3; WOW64; rv:32.0) Gecko/20100101 Firefox/32.0"
179.209.188.19 - - [24/Sep/2014:14:56:06 -0300] "GET /js/extjs/adapter/ext/ext-base.js HTTP/1.1" 304 - "http://sgws11.hospedagemdesites.ws/backend_dev.php/projeto/editAnalisisCritico/id_analisis/1" "Mozilla/5.0 (Windows NT 6.3; WOW64; rv:32.0) Gecko/20100101 Firefox/32.0"
179.209.188.19 - - [24/Sep/2014:14:56:06 -0300] "GET /js/lynxCms.js HTTP/1.1" 304 - "http://sgws11.hospedagemdesites.ws/backend_dev.php/projeto/editAnalisisCritico/id_analisis/1" "Mozilla/5.0 (Windows NT 6.3; WOW64; rv:32.0) Gecko/20100101 Firefox/32.0"
179.209.188.19 - - [24/Sep/2014:14:56:06 -0300] "GET /js/jq/jquery-ui-1.8.16.custom/development-bundle/ui/i18n/jquery.ui.datepicker-br.js HTTP/1.1" 304 - "http://sgws11.hospedagemdesites.ws/backend_dev.php/projeto/editAnalisisCritico/id_analisis/1" "Mozilla/5.0 (Windows NT 6.3; WOW64; rv:32.0) Gecko/20100101 Firefox/32.0"
179.209.188.19 - - [24/Sep/2014:14:56:16 -0300] "GET /images/bck_button_over.png HTTP/1.1" 304 - "http://sgws11.hospedagemdesites.ws/css/main.css" "Mozilla/5.0 (Windows NT 6.3; WOW64; rv:32.0) Gecko/20100101 Firefox/32.0"
179.209.188.19 - - [24/Sep/2014:14:56:17 -0300] "POST /backend_dev.php/projeto/updateAnalisis/id_analisis/1 HTTP/1.1" 200 51547 "http://sgws11.hospedagemdesites.ws/backend_dev.php/projeto/editAnalisisCritico/id_analisis/1" "Mozilla/5.0 (Windows NT 6.3; WOW64; rv:32.0) Gecko/20100101 Firefox/32.0"
179.209.188.19 - - [24/Sep/2014:14:56:18 -0300] "GET /js/main.js HTTP/1.1" 304 - "http://sgws11.hospedagemdesites.ws/backend_dev.php/projeto/updateAnalisis/id_analisis/1" "Mozilla/5.0 (Windows NT 6.3; WOW64; rv:32.0) Gecko/20100101 Firefox/32.0"
179.209.188.19 - - [24/Sep/2014:14:56:18 -0300] "GET /backend_dev.php/projeto/listaAnalisis HTTP/1.1" 200 108274 "http://sgws11.hospedagemdesites.ws/backend_dev.php/projeto/listaAnalisis" "Mozilla/5.0 (Windows NT 6.3; WOW64; rv:32.0) Gecko/20100101 Firefox/32.0"
179.209.188.19 - - [24/Sep/2014:14:56:19 -0300] "GET /js/fancybox/jquery.fancybox.css HTTP/1.1" 304 - "http://sgws11.hospedagemdesites.ws/backend_dev.php/projeto/listaAnalisis" "Mozilla/5.0 (Windows NT 6.3; WOW64; rv:32.0) Gecko/20100101 Firefox/32.0"
179.209.188.19 - - [24/Sep/2014:14:56:19 -0300] "GET /js/jq/jquery-1.7.1.min.js HTTP/1.1" 304 - "http://sgws11.hospedagemdesites.ws/backend_dev.php/projeto/listaAnalisis" "Mozilla/5.0 (Windows NT 6.3; WOW64; rv:32.0) Gecko/20100101 Firefox/32.0"
179.209.188.19 - - [24/Sep/2014:14:56:19 -0300] "GET /js/jq/jqueryslidemenu.js HTTP/1.1" 304 - "http://sgws11.hospedagemdesites.ws/backend_dev.php/projeto/listaAnalisis" "Mozilla/5.0 (Windows NT 6.3; WOW64; rv:32.0) Gecko/20100101 Firefox/32.0"
179.209.188.19 - - [24/Sep/2014:14:56:19 -0300] "GET /js/extjs/ext-all.js HTTP/1.1" 304 - "http://sgws11.hospedagemdesites.ws/backend_dev.php/projeto/listaAnalisis" "Mozilla/5.0 (Windows NT 6.3; WOW64; rv:32.0) Gecko/20100101 Firefox/32.0"
179.209.188.19 - - [24/Sep/2014:14:56:19 -0300] "GET /js/jq/jquery-ui-1.8.1.custom.min.js HTTP/1.1" 304 - "http://sgws11.hospedagemdesites.ws/backend_dev.php/projeto/listaAnalisis" "Mozilla/5.0 (Windows NT 6.3; WOW64; rv:32.0) Gecko/20100101 Firefox/32.0"
179.209.188.19 - - [24/Sep/2014:14:56:19 -0300] "GET /js/jq/jquery.ui.mouse.js HTTP/1.1" 304 - "http://sgws11.hospedagemdesites.ws/backend_dev.php/projeto/listaAnalisis" "Mozilla/5.0 (Windows NT 6.3; WOW64; rv:32.0) Gecko/20100101 Firefox/32.0"
179.209.188.19 - - [24/Sep/2014:14:56:19 -0300] "GET /js/jq/jquery.ui.widget.js HTTP/1.1" 304 - "http://sgws11.hospedagemdesites.ws/backend_dev.php/projeto/listaAnalisis" "Mozilla/5.0 (Windows NT 6.3; WOW64; rv:32.0) Gecko/20100101 Firefox/32.0"
179.209.188.19 - - [24/Sep/2014:14:56:19 -0300] "GET /js/jq/jquery.validationEngine.js HTTP/1.1" 304 - "http://sgws11.hospedagemdesites.ws/backend_dev.php/projeto/listaAnalisis" "Mozilla/5.0 (Windows NT 6.3; WOW64; rv:32.0) Gecko/20100101 Firefox/32.0"
179.209.188.19 - - [24/Sep/2014:14:56:19 -0300] "GET /js/jq/jquery.ui.sortable.js HTTP/1.1" 304 - "http://sgws11.hospedagemdesites.ws/backend_dev.php/projeto/listaAnalisis" "Mozilla/5.0 (Windows NT 6.3; WOW64; rv:32.0) Gecko/20100101 Firefox/32.0"
179.209.188.19 - - [24/Sep/2014:14:56:19 -0300] "GET /js/jq/jquery.validationEngine-en_US.js HTTP/1.1" 304 - "http://sgws11.hospedagemdesites.ws/backend_dev.php/projeto/listaAnalisis" "Mozilla/5.0 (Windows NT 6.3; WOW64; rv:32.0) Gecko/20100101 Firefox/32.0"
179.209.188.19 - - [24/Sep/2014:14:56:19 -0300] "GET /js/jq/jquery.price_format.1.8.js HTTP/1.1" 304 - "http://sgws11.hospedagemdesites.ws/backend_dev.php/projeto/listaAnalisis" "Mozilla/5.0 (Windows NT 6.3; WOW64; rv:32.0) Gecko/20100101 Firefox/32.0"
179.209.188.19 - - [24/Sep/2014:14:56:30 -0300] "GET /backend_dev.php/projeto?q=prop HTTP/1.1" 200 108788 "http://sgws11.hospedagemdesites.ws/backend_dev.php/projeto/listaAnalisis" "Mozilla/5.0 (Windows NT 6.3; WOW64; rv:32.0) Gecko/20100101 Firefox/32.0"
179.209.188.19 - - [24/Sep/2014:14:56:31 -0300] "GET /css/projetos.css HTTP/1.1" 304 - "http://sgws11.hospedagemdesites.ws/backend_dev.php/projeto?q=prop" "Mozilla/5.0 (Windows NT 6.3; WOW64; rv:32.0) Gecko/20100101 Firefox/32.0"
179.209.188.19 - - [24/Sep/2014:14:56:32 -0300] "GET /images/icons/neg_3.png HTTP/1.1" 304 - "http://sgws11.hospedagemdesites.ws/backend_dev.php/projeto?q=prop" "Mozilla/5.0 (Windows NT 6.3; WOW64; rv:32.0) Gecko/20100101 Firefox/32.0"
186.90.56.7 - - [24/Sep/2014:14:56:37 -0300] "POST /backend_dev.php/ajax/getStatusProjeto HTTP/1.1" 200 162 "http://sgws11.hospedagemdesites.ws/backend_dev.php/projeto/edit/codigo_proposta/2/id_analisis/2" "Mozilla/5.0 (X11; Linux x86_64) AppleWebKit/537.36 (KHTML, like Gecko) Chrome/36.0.1985.125 Safari/537.36"
179.209.188.19 - - [24/Sep/2014:14:56:38 -0300] "GET /backend_dev.php/projeto/listaAnalisis HTTP/1.1" 200 107523 "http://sgws11.hospedagemdesites.ws/backend_dev.php/projeto?q=prop" "Mozilla/5.0 (Windows NT 6.3; WOW64; rv:32.0) Gecko/20100101 Firefox/32.0"
179.209.188.19 - - [24/Sep/2014:14:56:39 -0300] "GET /sf/sf_web_debug/images/memory.png HTTP/1.1" 404 1384 "http://sgws11.hospedagemdesites.ws/backend_dev.php/projeto/listaAnalisis" "Mozilla/5.0 (Windows NT 6.3; WOW64; rv:32.0) Gecko/20100101 Firefox/32.0"
179.209.188.19 - - [24/Sep/2014:14:56:39 -0300] "GET /sf/sf_web_debug/images/log.png HTTP/1.1" 404 1384 "http://sgws11.hospedagemdesites.ws/backend_dev.php/projeto/listaAnalisis" "Mozilla/5.0 (Windows NT 6.3; WOW64; rv:32.0) Gecko/20100101 Firefox/32.0"
179.209.188.19 - - [24/Sep/2014:14:56:39 -0300] "GET /sf/sf_web_debug/images/config.png HTTP/1.1" 404 1384 "http://sgws11.hospedagemdesites.ws/backend_dev.php/projeto/listaAnalisis" "Mozilla/5.0 (Windows NT 6.3; WOW64; rv:32.0) Gecko/20100101 Firefox/32.0"
179.209.188.19 - - [24/Sep/2014:14:56:39 -0300] "GET /sf/sf_web_debug/images/view.png HTTP/1.1" 404 1384 "http://sgws11.hospedagemdesites.ws/backend_dev.php/projeto/listaAnalisis" "Mozilla/5.0 (Windows NT 6.3; WOW64; rv:32.0) Gecko/20100101 Firefox/32.0"
179.209.188.19 - - [24/Sep/2014:14:56:39 -0300] "GET /sf/sf_web_debug/images/sf.png HTTP/1.1" 404 1384 "http://sgws11.hospedagemdesites.ws/backend_dev.php/projeto/listaAnalisis" "Mozilla/5.0 (Windows NT 6.3; WOW64; rv:32.0) Gecko/20100101 Firefox/32.0"
179.209.188.19 - - [24/Sep/2014:14:56:39 -0300] "GET /sf/sf_web_debug/images/time.png HTTP/1.1" 404 1384 "http://sgws11.hospedagemdesites.ws/backend_dev.php/projeto/listaAnalisis" "Mozilla/5.0 (Windows NT 6.3; WOW64; rv:32.0) Gecko/20100101 Firefox/32.0"
179.209.188.19 - - [24/Sep/2014:14:56:39 -0300] "GET /sf/sf_web_debug/images/database.png HTTP/1.1" 404 1384 "http://sgws11.hospedagemdesites.ws/backend_dev.php/projeto/listaAnalisis" "Mozilla/5.0 (Windows NT 6.3; WOW64; rv:32.0) Gecko/20100101 Firefox/32.0"
179.209.188.19 - - [24/Sep/2014:14:56:39 -0300] "GET /sf/sf_web_debug/images/close.png HTTP/1.1" 404 1384 "http://sgws11.hospedagemdesites.ws/backend_dev.php/projeto/listaAnalisis" "Mozilla/5.0 (Windows NT 6.3; WOW64; rv:32.0) Gecko/20100101 Firefox/32.0"
179.209.188.19 - - [24/Sep/2014:14:56:39 -0300] "GET /sf/sf_web_debug/images/toggle.gif HTTP/1.1" 404 1384 "http://sgws11.hospedagemdesites.ws/backend_dev.php/projeto/listaAnalisis" "Mozilla/5.0 (Windows NT 6.3; WOW64; rv:32.0) Gecko/20100101 Firefox/32.0"
179.209.188.19 - - [24/Sep/2014:14:56:39 -0300] "GET /sf/sf_web_debug/images/error.png HTTP/1.1" 404 1384 "http://sgws11.hospedagemdesites.ws/backend_dev.php/projeto/listaAnalisis" "Mozilla/5.0 (Windows NT 6.3; WOW64; rv:32.0) Gecko/20100101 Firefox/32.0"
179.209.188.19 - - [24/Sep/2014:14:56:39 -0300] "GET /sf/sf_web_debug/images/info.png HTTP/1.1" 404 1384 "http://sgws11.hospedagemdesites.ws/backend_dev.php/projeto/listaAnalisis" "Mozilla/5.0 (Windows NT 6.3; WOW64; rv:32.0) Gecko/20100101 Firefox/32.0"
179.209.188.19 - - [24/Sep/2014:14:56:39 -0300] "GET /sf/sf_web_debug/images/warning.png HTTP/1.1" 404 1384 "http://sgws11.hospedagemdesites.ws/backend_dev.php/projeto/listaAnalisis" "Mozilla/5.0 (Windows NT 6.3; WOW64; rv:32.0) Gecko/20100101 Firefox/32.0"
186.90.56.7 - - [24/Sep/2014:14:56:40 -0300] "POST /backend_dev.php/ajax/getStatusProjeto HTTP/1.1" 200 111 "http://sgws11.hospedagemdesites.ws/backend_dev.php/projeto/edit/codigo_proposta/2/id_analisis/2" "Mozilla/5.0 (X11; Linux x86_64) AppleWebKit/537.36 (KHTML, like Gecko) Chrome/36.0.1985.125 Safari/537.36"
179.209.188.19 - - [24/Sep/2014:14:56:41 -0300] "GET /images/bck_button.png HTTP/1.1" 304 - "http://sgws11.hospedagemdesites.ws/css/main.css" "Mozilla/5.0 (Windows NT 6.3; WOW64; rv:32.0) Gecko/20100101 Firefox/32.0"
179.209.188.19 - - [24/Sep/2014:14:56:45 -0300] "GET /backend_dev.php/projeto/editAnalisisCritico/id_analisis/2 HTTP/1.1" 200 205081 "http://sgws11.hospedagemdesites.ws/backend_dev.php/projeto/listaAnalisis" "Mozilla/5.0 (Windows NT 6.3; WOW64; rv:32.0) Gecko/20100101 Firefox/32.0"
179.209.188.19 - - [24/Sep/2014:14:56:48 -0300] "GET /css/cupertino/images/ui-bg_highlight-hard_100_f2f5f7_1x100.png HTTP/1.1" 304 - "http://sgws11.hospedagemdesites.ws/css/cupertino/jquery-ui-1.8.1.custom.css" "Mozilla/5.0 (Windows NT 6.3; WOW64; rv:32.0) Gecko/20100101 Firefox/32.0"
179.209.188.19 - - [24/Sep/2014:14:56:53 -0300] "POST /backend_dev.php/projeto/updateAnalisis/id_analisis/2 HTTP/1.1" 200 51579 "http://sgws11.hospedagemdesites.ws/backend_dev.php/projeto/editAnalisisCritico/id_analisis/2" "Mozilla/5.0 (Windows NT 6.3; WOW64; rv:32.0) Gecko/20100101 Firefox/32.0"
179.209.188.19 - - [24/Sep/2014:14:56:57 -0300] "GET /backend_dev.php/projeto/listaAnalisis HTTP/1.1" 200 108259 "http://sgws11.hospedagemdesites.ws/backend_dev.php/projeto?q=prop" "Mozilla/5.0 (Windows NT 6.3; WOW64; rv:32.0) Gecko/20100101 Firefox/32.0"
179.209.188.19 - - [24/Sep/2014:14:57:01 -0300] "GET /backend_dev.php/projeto/editAnalisisCritico/id_analisis/1 HTTP/1.1" 200 205082 "http://sgws11.hospedagemdesites.ws/backend_dev.php/projeto/listaAnalisis" "Mozilla/5.0 (Windows NT 6.3; WOW64; rv:32.0) Gecko/20100101 Firefox/32.0"
186.90.56.7 - - [24/Sep/2014:14:57:05 -0300] "POST /backend_dev.php/ajax/getStatusProjeto HTTP/1.1" 200 162 "http://sgws11.hospedagemdesites.ws/backend_dev.php/projeto/edit/codigo_proposta/2/id_analisis/2" "Mozilla/5.0 (X11; Linux x86_64) AppleWebKit/537.36 (KHTML, like Gecko) Chrome/36.0.1985.125 Safari/537.36"
186.90.56.7 - - [24/Sep/2014:14:57:07 -0300] "POST /backend_dev.php/ajax/getStatusProjeto HTTP/1.1" 200 111 "http://sgws11.hospedagemdesites.ws/backend_dev.php/projeto/edit/codigo_proposta/2/id_analisis/2" "Mozilla/5.0 (X11; Linux x86_64) AppleWebKit/537.36 (KHTML, like Gecko) Chrome/36.0.1985.125 Safari/537.36"
179.209.188.19 - - [24/Sep/2014:14:57:08 -0300] "POST /backend_dev.php/projeto/updateAnalisis/id_analisis/1 HTTP/1.1" 200 51543 "http://sgws11.hospedagemdesites.ws/backend_dev.php/projeto/editAnalisisCritico/id_analisis/1" "Mozilla/5.0 (Windows NT 6.3; WOW64; rv:32.0) Gecko/20100101 Firefox/32.0"
179.209.188.19 - - [24/Sep/2014:14:57:09 -0300] "GET /backend_dev.php/projeto/listaAnalisis HTTP/1.1" 200 108261 "http://sgws11.hospedagemdesites.ws/backend_dev.php/projeto?q=prop" "Mozilla/5.0 (Windows NT 6.3; WOW64; rv:32.0) Gecko/20100101 Firefox/32.0"
179.209.188.19 - - [24/Sep/2014:14:57:14 -0300] "GET /backend_dev.php/projeto?q=prop HTTP/1.1" 200 108789 "http://sgws11.hospedagemdesites.ws/backend_dev.php/projeto/listaAnalisis" "Mozilla/5.0 (Windows NT 6.3; WOW64; rv:32.0) Gecko/20100101 Firefox/32.0"
186.90.56.7 - - [24/Sep/2014:14:57:21 -0300] "GET /backend_dev.php/projeto/index/q/all HTTP/1.1" 200 109452 "http://sgws11.hospedagemdesites.ws/backend_dev.php/projeto?q=prop" "Mozilla/5.0 (X11; Linux x86_64) AppleWebKit/537.36 (KHTML, like Gecko) Chrome/36.0.1985.125 Safari/537.36"
179.209.188.19 - - [24/Sep/2014:14:57:33 -0300] "GET /backend_dev.php/projeto?q=prop HTTP/1.1" 200 108851 "http://sgws11.hospedagemdesites.ws/backend_dev.php/projeto/listaAnalisis" "Mozilla/5.0 (Windows NT 6.3; WOW64; rv:32.0) Gecko/20100101 Firefox/32.0"
186.90.56.7 - - [24/Sep/2014:14:57:37 -0300] "GET /backend_dev.php/projeto?q=prop HTTP/1.1" 200 108604 "-" "Mozilla/5.0 (X11; Linux x86_64) AppleWebKit/537.36 (KHTML, like Gecko) Chrome/36.0.1985.125 Safari/537.36"
179.209.188.19 - - [24/Sep/2014:14:57:42 -0300] "GET /backend_dev.php/projeto/index/q/all HTTP/1.1" 200 109501 "http://sgws11.hospedagemdesites.ws/backend_dev.php/projeto?q=prop" "Mozilla/5.0 (Windows NT 6.3; WOW64; rv:32.0) Gecko/20100101 Firefox/32.0"
179.209.188.19 - - [24/Sep/2014:14:58:07 -0300] "GET /backend_dev.php/projeto/edit/codigo_proposta/1/id_analisis/1 HTTP/1.1" 200 176707 "http://sgws11.hospedagemdesites.ws/backend_dev.php/projeto/index/q/all" "Mozilla/5.0 (Windows NT 6.3; WOW64; rv:32.0) Gecko/20100101 Firefox/32.0"
179.209.188.19 - - [24/Sep/2014:14:58:24 -0300] "GET /css/cupertino/images/ui-bg_highlight-soft_100_deedf7_1x100.png HTTP/1.1" 304 - "http://sgws11.hospedagemdesites.ws/css/cupertino/jquery-ui-1.8.1.custom.css" "Mozilla/5.0 (Windows NT 6.3; WOW64; rv:32.0) Gecko/20100101 Firefox/32.0"
179.209.188.19 - - [24/Sep/2014:14:58:24 -0300] "GET /css/cupertino/images/ui-bg_glass_100_e4f1fb_1x400.png HTTP/1.1" 304 - "http://sgws11.hospedagemdesites.ws/css/cupertino/jquery-ui-1.8.1.custom.css" "Mozilla/5.0 (Windows NT 6.3; WOW64; rv:32.0) Gecko/20100101 Firefox/32.0"
