189.121.210.226 - - [18/Jun/2014:17:14:41 -0300] "GET /images/icons/list_pessoas.png HTTP/1.1" 200 1535 "http://sgws11.hospedagemdesites.ws/backend.php/contas" "Mozilla/5.0 (Windows NT 6.3; WOW64) AppleWebKit/537.36 (KHTML, like Gecko) Chrome/35.0.1916.153 Safari/537.36"
189.121.210.226 - - [18/Jun/2014:17:14:41 -0300] "GET /images/icons/subtipo_pessoas.png HTTP/1.1" 200 1938 "http://sgws11.hospedagemdesites.ws/backend.php/contas" "Mozilla/5.0 (Windows NT 6.3; WOW64) AppleWebKit/537.36 (KHTML, like Gecko) Chrome/35.0.1916.153 Safari/537.36"
189.121.210.226 - - [18/Jun/2014:17:14:41 -0300] "GET /images/logo_cte.png HTTP/1.1" 200 66396 "http://sgws11.hospedagemdesites.ws/backend.php/contas" "Mozilla/5.0 (Windows NT 6.3; WOW64) AppleWebKit/537.36 (KHTML, like Gecko) Chrome/35.0.1916.153 Safari/537.36"
189.121.210.226 - - [18/Jun/2014:17:14:41 -0300] "GET /images/icons/taks.png HTTP/1.1" 200 5402 "http://sgws11.hospedagemdesites.ws/backend.php/contas" "Mozilla/5.0 (Windows NT 6.3; WOW64) AppleWebKit/537.36 (KHTML, like Gecko) Chrome/35.0.1916.153 Safari/537.36"
189.121.210.226 - - [18/Jun/2014:17:14:41 -0300] "GET /images/folder_sent-48.png HTTP/1.1" 200 1821 "http://sgws11.hospedagemdesites.ws/backend.php/contas" "Mozilla/5.0 (Windows NT 6.3; WOW64) AppleWebKit/537.36 (KHTML, like Gecko) Chrome/35.0.1916.153 Safari/537.36"
189.121.210.226 - - [18/Jun/2014:17:14:41 -0300] "GET /images/icons/contas.png HTTP/1.1" 200 6344 "http://sgws11.hospedagemdesites.ws/backend.php/contas" "Mozilla/5.0 (Windows NT 6.3; WOW64) AppleWebKit/537.36 (KHTML, like Gecko) Chrome/35.0.1916.153 Safari/537.36"
189.121.210.226 - - [18/Jun/2014:17:14:41 -0300] "GET /images/icons/timesheet.png HTTP/1.1" 200 6282 "http://sgws11.hospedagemdesites.ws/backend.php/contas" "Mozilla/5.0 (Windows NT 6.3; WOW64) AppleWebKit/537.36 (KHTML, like Gecko) Chrome/35.0.1916.153 Safari/537.36"
189.121.210.226 - - [18/Jun/2014:17:14:41 -0300] "GET /images/icons/tools-48.png HTTP/1.1" 200 3213 "http://sgws11.hospedagemdesites.ws/backend.php/contas" "Mozilla/5.0 (Windows NT 6.3; WOW64) AppleWebKit/537.36 (KHTML, like Gecko) Chrome/35.0.1916.153 Safari/537.36"
189.121.210.226 - - [18/Jun/2014:17:14:41 -0300] "GET /images/icons/faturamento.png HTTP/1.1" 200 7872 "http://sgws11.hospedagemdesites.ws/backend.php/contas" "Mozilla/5.0 (Windows NT 6.3; WOW64) AppleWebKit/537.36 (KHTML, like Gecko) Chrome/35.0.1916.153 Safari/537.36"
189.121.210.226 - - [18/Jun/2014:17:14:41 -0300] "GET /images/icons/informacoe.png HTTP/1.1" 200 2426 "http://sgws11.hospedagemdesites.ws/backend.php/contas" "Mozilla/5.0 (Windows NT 6.3; WOW64) AppleWebKit/537.36 (KHTML, like Gecko) Chrome/35.0.1916.153 Safari/537.36"
201.211.175.134 - - [18/Jun/2014:17:15:15 -0300] "GET /backend.php/projeto/index/q/pj HTTP/1.1" 200 5081 "http://sgws11.hospedagemdesites.ws/backend.php/projeto" "Mozilla/5.0 (Windows NT 6.1) AppleWebKit/537.36 (KHTML, like Gecko) Chrome/35.0.1916.153 Safari/537.36"
201.211.175.134 - - [18/Jun/2014:17:15:16 -0300] "GET /css/mainLogin.css HTTP/1.1" 200 3281 "http://sgws11.hospedagemdesites.ws/backend.php/projeto/index/q/pj" "Mozilla/5.0 (Windows NT 6.1) AppleWebKit/537.36 (KHTML, like Gecko) Chrome/35.0.1916.153 Safari/537.36"
201.211.175.134 - - [18/Jun/2014:17:15:17 -0300] "GET /images/bck_button.png HTTP/1.1" 200 147 "http://sgws11.hospedagemdesites.ws/backend.php/projeto/index/q/pj" "Mozilla/5.0 (Windows NT 6.1) AppleWebKit/537.36 (KHTML, like Gecko) Chrome/35.0.1916.153 Safari/537.36"
201.211.175.134 - - [18/Jun/2014:17:15:26 -0300] "POST /backend.php/lxlogin HTTP/1.1" 200 5639 "http://sgws11.hospedagemdesites.ws/backend.php/projeto/index/q/pj" "Mozilla/5.0 (Windows NT 6.1) AppleWebKit/537.36 (KHTML, like Gecko) Chrome/35.0.1916.153 Safari/537.36"
201.211.175.134 - - [18/Jun/2014:17:15:35 -0300] "GET /images/bck_button_over.png HTTP/1.1" 200 137 "http://sgws11.hospedagemdesites.ws/backend.php/lxlogin" "Mozilla/5.0 (Windows NT 6.1) AppleWebKit/537.36 (KHTML, like Gecko) Chrome/35.0.1916.153 Safari/537.36"
201.211.175.134 - - [18/Jun/2014:17:15:35 -0300] "POST /backend.php/lxlogin HTTP/1.1" 200 5639 "http://sgws11.hospedagemdesites.ws/backend.php/lxlogin" "Mozilla/5.0 (Windows NT 6.1) AppleWebKit/537.36 (KHTML, like Gecko) Chrome/35.0.1916.153 Safari/537.36"
201.211.175.134 - - [18/Jun/2014:17:15:56 -0300] "POST /backend.php/lxlogin HTTP/1.1" 302 122 "http://sgws11.hospedagemdesites.ws/backend.php/lxlogin" "Mozilla/5.0 (Windows NT 6.1) AppleWebKit/537.36 (KHTML, like Gecko) Chrome/35.0.1916.153 Safari/537.36"
201.211.175.134 - - [18/Jun/2014:17:15:57 -0300] "GET /backend.php/home HTTP/1.1" 200 9887 "http://sgws11.hospedagemdesites.ws/backend.php/lxlogin" "Mozilla/5.0 (Windows NT 6.1) AppleWebKit/537.36 (KHTML, like Gecko) Chrome/35.0.1916.153 Safari/537.36"
201.211.175.134 - - [18/Jun/2014:17:15:59 -0300] "GET /images/bck_top.png HTTP/1.1" 200 181 "http://sgws11.hospedagemdesites.ws/backend.php/home" "Mozilla/5.0 (Windows NT 6.1) AppleWebKit/537.36 (KHTML, like Gecko) Chrome/35.0.1916.153 Safari/537.36"
201.211.175.134 - - [18/Jun/2014:17:15:59 -0300] "GET /images/bck_menu_top.png HTTP/1.1" 200 125 "http://sgws11.hospedagemdesites.ws/backend.php/home" "Mozilla/5.0 (Windows NT 6.1) AppleWebKit/537.36 (KHTML, like Gecko) Chrome/35.0.1916.153 Safari/537.36"
201.211.175.134 - - [18/Jun/2014:17:15:59 -0300] "GET /images/icons/sistema.png HTTP/1.1" 200 1666 "http://sgws11.hospedagemdesites.ws/backend.php/home" "Mozilla/5.0 (Windows NT 6.1) AppleWebKit/537.36 (KHTML, like Gecko) Chrome/35.0.1916.153 Safari/537.36"
201.211.175.134 - - [18/Jun/2014:17:15:59 -0300] "GET /images/icons/plus.png HTTP/1.1" 200 681 "http://sgws11.hospedagemdesites.ws/backend.php/home" "Mozilla/5.0 (Windows NT 6.1) AppleWebKit/537.36 (KHTML, like Gecko) Chrome/35.0.1916.153 Safari/537.36"
201.211.175.134 - - [18/Jun/2014:17:15:59 -0300] "GET /images/icons/home_span_bck.png HTTP/1.1" 200 240 "http://sgws11.hospedagemdesites.ws/backend.php/home" "Mozilla/5.0 (Windows NT 6.1) AppleWebKit/537.36 (KHTML, like Gecko) Chrome/35.0.1916.153 Safari/537.36"
201.211.175.134 - - [18/Jun/2014:17:15:59 -0300] "GET /images/icons/home_icon_horas.png HTTP/1.1" 200 1847 "http://sgws11.hospedagemdesites.ws/backend.php/home" "Mozilla/5.0 (Windows NT 6.1) AppleWebKit/537.36 (KHTML, like Gecko) Chrome/35.0.1916.153 Safari/537.36"
201.211.175.134 - - [18/Jun/2014:17:15:59 -0300] "GET /images/icons/home_icon_despesa.png HTTP/1.1" 200 4579 "http://sgws11.hospedagemdesites.ws/backend.php/home" "Mozilla/5.0 (Windows NT 6.1) AppleWebKit/537.36 (KHTML, like Gecko) Chrome/35.0.1916.153 Safari/537.36"
201.211.175.134 - - [18/Jun/2014:17:16:00 -0300] "GET /images/bck_footer.png HTTP/1.1" 200 178 "http://sgws11.hospedagemdesites.ws/backend.php/home" "Mozilla/5.0 (Windows NT 6.1) AppleWebKit/537.36 (KHTML, like Gecko) Chrome/35.0.1916.153 Safari/537.36"
201.211.175.134 - - [18/Jun/2014:17:16:02 -0300] "GET /backend.php/projeto HTTP/1.1" 200 187210 "http://sgws11.hospedagemdesites.ws/backend.php/home" "Mozilla/5.0 (Windows NT 6.1) AppleWebKit/537.36 (KHTML, like Gecko) Chrome/35.0.1916.153 Safari/537.36"
201.211.175.134 - - [18/Jun/2014:17:16:04 -0300] "GET /css/projetos.css HTTP/1.1" 200 5490 "http://sgws11.hospedagemdesites.ws/backend.php/projeto" "Mozilla/5.0 (Windows NT 6.1) AppleWebKit/537.36 (KHTML, like Gecko) Chrome/35.0.1916.153 Safari/537.36"
201.211.175.134 - - [18/Jun/2014:17:16:05 -0300] "GET /images/legenda-projetos.jpg HTTP/1.1" 200 32162 "http://sgws11.hospedagemdesites.ws/backend.php/projeto" "Mozilla/5.0 (Windows NT 6.1) AppleWebKit/537.36 (KHTML, like Gecko) Chrome/35.0.1916.153 Safari/537.36"
201.211.175.134 - - [18/Jun/2014:17:16:05 -0300] "GET /images/magnifier.png HTTP/1.1" 200 716 "http://sgws11.hospedagemdesites.ws/backend.php/projeto" "Mozilla/5.0 (Windows NT 6.1) AppleWebKit/537.36 (KHTML, like Gecko) Chrome/35.0.1916.153 Safari/537.36"
201.211.175.134 - - [18/Jun/2014:17:16:05 -0300] "GET /images/icons/neg_1.png HTTP/1.1" 200 2143 "http://sgws11.hospedagemdesites.ws/backend.php/projeto" "Mozilla/5.0 (Windows NT 6.1) AppleWebKit/537.36 (KHTML, like Gecko) Chrome/35.0.1916.153 Safari/537.36"
201.211.175.134 - - [18/Jun/2014:17:16:05 -0300] "GET /images/icons/icon_tarefa_mini.png HTTP/1.1" 200 52667 "http://sgws11.hospedagemdesites.ws/backend.php/projeto" "Mozilla/5.0 (Windows NT 6.1) AppleWebKit/537.36 (KHTML, like Gecko) Chrome/35.0.1916.153 Safari/537.36"
201.211.175.134 - - [18/Jun/2014:17:16:05 -0300] "GET /images/icons/financeiro.png HTTP/1.1" 200 1999 "http://sgws11.hospedagemdesites.ws/backend.php/projeto" "Mozilla/5.0 (Windows NT 6.1) AppleWebKit/537.36 (KHTML, like Gecko) Chrome/35.0.1916.153 Safari/537.36"
201.211.175.134 - - [18/Jun/2014:17:16:05 -0300] "GET /images/icons/tipo_despesa.png HTTP/1.1" 200 2154 "http://sgws11.hospedagemdesites.ws/backend.php/projeto" "Mozilla/5.0 (Windows NT 6.1) AppleWebKit/537.36 (KHTML, like Gecko) Chrome/35.0.1916.153 Safari/537.36"
201.211.175.134 - - [18/Jun/2014:17:16:05 -0300] "GET /images/icons/mas_info.png HTTP/1.1" 200 1223 "http://sgws11.hospedagemdesites.ws/backend.php/projeto" "Mozilla/5.0 (Windows NT 6.1) AppleWebKit/537.36 (KHTML, like Gecko) Chrome/35.0.1916.153 Safari/537.36"
201.211.175.134 - - [18/Jun/2014:17:16:05 -0300] "GET /images/icons/status_pagamento.png HTTP/1.1" 200 1526 "http://sgws11.hospedagemdesites.ws/backend.php/projeto" "Mozilla/5.0 (Windows NT 6.1) AppleWebKit/537.36 (KHTML, like Gecko) Chrome/35.0.1916.153 Safari/537.36"
201.211.175.134 - - [18/Jun/2014:17:16:06 -0300] "GET /images/icons/icon_projeto.png HTTP/1.1" 200 50968 "http://sgws11.hospedagemdesites.ws/backend.php/projeto" "Mozilla/5.0 (Windows NT 6.1) AppleWebKit/537.36 (KHTML, like Gecko) Chrome/35.0.1916.153 Safari/537.36"
201.211.175.134 - - [18/Jun/2014:17:16:06 -0300] "GET /images/icons/reg_activity_2.png HTTP/1.1" 200 1353 "http://sgws11.hospedagemdesites.ws/backend.php/projeto" "Mozilla/5.0 (Windows NT 6.1) AppleWebKit/537.36 (KHTML, like Gecko) Chrome/35.0.1916.153 Safari/537.36"
189.121.210.226 - - [18/Jun/2014:17:16:06 -0300] "GET /backend.php/despesa/index/id_projeto/2055/id_tarefa/1998 HTTP/1.1" 200 11392 "http://sgws11.hospedagemdesites.ws/backend.php/projeto" "Mozilla/5.0 (Windows NT 6.3; WOW64) AppleWebKit/537.36 (KHTML, like Gecko) Chrome/35.0.1916.153 Safari/537.36"
189.121.210.226 - - [18/Jun/2014:17:16:07 -0300] "GET /css/main.css HTTP/1.1" 200 27623 "http://sgws11.hospedagemdesites.ws/backend.php/despesa/index/id_projeto/2055/id_tarefa/1998" "Mozilla/5.0 (Windows NT 6.3; WOW64) AppleWebKit/537.36 (KHTML, like Gecko) Chrome/35.0.1916.153 Safari/537.36"
189.121.210.226 - - [18/Jun/2014:17:16:07 -0300] "GET /css/validationEngineBackend.jquery.css HTTP/1.1" 200 1647 "http://sgws11.hospedagemdesites.ws/backend.php/despesa/index/id_projeto/2055/id_tarefa/1998" "Mozilla/5.0 (Windows NT 6.3; WOW64) AppleWebKit/537.36 (KHTML, like Gecko) Chrome/35.0.1916.153 Safari/537.36"
189.121.210.226 - - [18/Jun/2014:17:16:07 -0300] "GET /css/jq/jqueryslidemenu.css HTTP/1.1" 200 2019 "http://sgws11.hospedagemdesites.ws/backend.php/despesa/index/id_projeto/2055/id_tarefa/1998" "Mozilla/5.0 (Windows NT 6.3; WOW64) AppleWebKit/537.36 (KHTML, like Gecko) Chrome/35.0.1916.153 Safari/537.36"
189.121.210.226 - - [18/Jun/2014:17:16:07 -0300] "GET /js/extjs/resources/css/ext-all.css HTTP/1.1" 200 135390 "http://sgws11.hospedagemdesites.ws/backend.php/despesa/index/id_projeto/2055/id_tarefa/1998" "Mozilla/5.0 (Windows NT 6.3; WOW64) AppleWebKit/537.36 (KHTML, like Gecko) Chrome/35.0.1916.153 Safari/537.36"
189.121.210.226 - - [18/Jun/2014:17:16:07 -0300] "GET /css/cupertino/jquery-ui-1.8.1.custom.css HTTP/1.1" 200 23396 "http://sgws11.hospedagemdesites.ws/backend.php/despesa/index/id_projeto/2055/id_tarefa/1998" "Mozilla/5.0 (Windows NT 6.3; WOW64) AppleWebKit/537.36 (KHTML, like Gecko) Chrome/35.0.1916.153 Safari/537.36"
201.211.175.134 - - [18/Jun/2014:17:16:31 -0300] "GET /backend.php/despesa/index/id_projeto/2055 HTTP/1.1" 200 20327 "http://sgws11.hospedagemdesites.ws/backend.php/projeto" "Mozilla/5.0 (Windows NT 6.1) AppleWebKit/537.36 (KHTML, like Gecko) Chrome/35.0.1916.153 Safari/537.36"
201.211.175.134 - - [18/Jun/2014:17:16:33 -0300] "GET /images/1.png HTTP/1.1" 200 588 "http://sgws11.hospedagemdesites.ws/backend.php/despesa/index/id_projeto/2055" "Mozilla/5.0 (Windows NT 6.1) AppleWebKit/537.36 (KHTML, like Gecko) Chrome/35.0.1916.153 Safari/537.36"
201.211.175.134 - - [18/Jun/2014:17:18:40 -0300] "GET /js/fancybox/fancybox_overlay.png HTTP/1.1" 200 1003 "http://sgws11.hospedagemdesites.ws/backend.php/projeto" "Mozilla/5.0 (Windows NT 6.1) AppleWebKit/537.36 (KHTML, like Gecko) Chrome/35.0.1916.153 Safari/537.36"
201.211.175.134 - - [18/Jun/2014:17:18:40 -0300] "GET /js/fancybox/fancybox_sprite.png HTTP/1.1" 200 1362 "http://sgws11.hospedagemdesites.ws/backend.php/projeto" "Mozilla/5.0 (Windows NT 6.1) AppleWebKit/537.36 (KHTML, like Gecko) Chrome/35.0.1916.153 Safari/537.36"
201.211.175.134 - - [18/Jun/2014:17:18:40 -0300] "GET /js/fancybox/fancybox_loading.gif HTTP/1.1" 200 6567 "http://sgws11.hospedagemdesites.ws/backend.php/projeto" "Mozilla/5.0 (Windows NT 6.1) AppleWebKit/537.36 (KHTML, like Gecko) Chrome/35.0.1916.153 Safari/537.36"
201.211.175.134 - - [18/Jun/2014:17:18:40 -0300] "GET /backend.php/projeto/edit/codigo_proposta/2026 HTTP/1.1" 200 115217 "http://sgws11.hospedagemdesites.ws/backend.php/projeto" "Mozilla/5.0 (Windows NT 6.1) AppleWebKit/537.36 (KHTML, like Gecko) Chrome/35.0.1916.153 Safari/537.36"
201.211.175.134 - - [18/Jun/2014:17:18:43 -0300] "GET /css/cupertino/images/ui-bg_highlight-hard_100_f2f5f7_1x100.png HTTP/1.1" 200 103 "http://sgws11.hospedagemdesites.ws/backend.php/projeto/edit/codigo_proposta/2026" "Mozilla/5.0 (Windows NT 6.1) AppleWebKit/537.36 (KHTML, like Gecko) Chrome/35.0.1916.153 Safari/537.36"
189.121.210.226 - - [18/Jun/2014:17:20:09 -0300] "GET /backend.php/despesa/index/id_projeto/2055/id_tarefa/1998 HTTP/1.1" 200 11392 "http://sgws11.hospedagemdesites.ws/backend.php/projeto" "Mozilla/5.0 (Windows NT 6.3; WOW64) AppleWebKit/537.36 (KHTML, like Gecko) Chrome/35.0.1916.153 Safari/537.36"
189.121.210.226 - - [18/Jun/2014:17:20:10 -0300] "GET /css/main.css HTTP/1.1" 200 27623 "http://sgws11.hospedagemdesites.ws/backend.php/despesa/index/id_projeto/2055/id_tarefa/1998" "Mozilla/5.0 (Windows NT 6.3; WOW64) AppleWebKit/537.36 (KHTML, like Gecko) Chrome/35.0.1916.153 Safari/537.36"
189.121.210.226 - - [18/Jun/2014:17:20:10 -0300] "GET /css/jq/jqueryslidemenu.css HTTP/1.1" 200 2019 "http://sgws11.hospedagemdesites.ws/backend.php/despesa/index/id_projeto/2055/id_tarefa/1998" "Mozilla/5.0 (Windows NT 6.3; WOW64) AppleWebKit/537.36 (KHTML, like Gecko) Chrome/35.0.1916.153 Safari/537.36"
189.121.210.226 - - [18/Jun/2014:17:20:10 -0300] "GET /css/validationEngineBackend.jquery.css HTTP/1.1" 200 1647 "http://sgws11.hospedagemdesites.ws/backend.php/despesa/index/id_projeto/2055/id_tarefa/1998" "Mozilla/5.0 (Windows NT 6.3; WOW64) AppleWebKit/537.36 (KHTML, like Gecko) Chrome/35.0.1916.153 Safari/537.36"
189.121.210.226 - - [18/Jun/2014:17:20:10 -0300] "GET /css/cupertino/jquery-ui-1.8.1.custom.css HTTP/1.1" 200 23396 "http://sgws11.hospedagemdesites.ws/backend.php/despesa/index/id_projeto/2055/id_tarefa/1998" "Mozilla/5.0 (Windows NT 6.3; WOW64) AppleWebKit/537.36 (KHTML, like Gecko) Chrome/35.0.1916.153 Safari/537.36"
189.121.210.226 - - [18/Jun/2014:17:20:10 -0300] "GET /js/extjs/resources/css/ext-all.css HTTP/1.1" 200 135390 "http://sgws11.hospedagemdesites.ws/backend.php/despesa/index/id_projeto/2055/id_tarefa/1998" "Mozilla/5.0 (Windows NT 6.3; WOW64) AppleWebKit/537.36 (KHTML, like Gecko) Chrome/35.0.1916.153 Safari/537.36"
189.121.210.226 - - [18/Jun/2014:17:20:10 -0300] "GET /images/logo_cte.png HTTP/1.1" 200 66396 "http://sgws11.hospedagemdesites.ws/backend.php/despesa/index/id_projeto/2055/id_tarefa/1998" "Mozilla/5.0 (Windows NT 6.3; WOW64) AppleWebKit/537.36 (KHTML, like Gecko) Chrome/35.0.1916.153 Safari/537.36"
189.121.210.226 - - [18/Jun/2014:17:20:10 -0300] "GET /images/user.jpg HTTP/1.1" 200 27172 "http://sgws11.hospedagemdesites.ws/backend.php/despesa/index/id_projeto/2055/id_tarefa/1998" "Mozilla/5.0 (Windows NT 6.3; WOW64) AppleWebKit/537.36 (KHTML, like Gecko) Chrome/35.0.1916.153 Safari/537.36"
189.121.210.226 - - [18/Jun/2014:17:20:10 -0300] "GET /images/icons/list_pessoas.png HTTP/1.1" 200 1535 "http://sgws11.hospedagemdesites.ws/backend.php/despesa/index/id_projeto/2055/id_tarefa/1998" "Mozilla/5.0 (Windows NT 6.3; WOW64) AppleWebKit/537.36 (KHTML, like Gecko) Chrome/35.0.1916.153 Safari/537.36"
189.121.210.226 - - [18/Jun/2014:17:20:10 -0300] "GET /images/icons/subtipo_pessoas.png HTTP/1.1" 200 1938 "http://sgws11.hospedagemdesites.ws/backend.php/despesa/index/id_projeto/2055/id_tarefa/1998" "Mozilla/5.0 (Windows NT 6.3; WOW64) AppleWebKit/537.36 (KHTML, like Gecko) Chrome/35.0.1916.153 Safari/537.36"
189.121.210.226 - - [18/Jun/2014:17:20:10 -0300] "GET /images/folder_sent-48.png HTTP/1.1" 200 1821 "http://sgws11.hospedagemdesites.ws/backend.php/despesa/index/id_projeto/2055/id_tarefa/1998" "Mozilla/5.0 (Windows NT 6.3; WOW64) AppleWebKit/537.36 (KHTML, like Gecko) Chrome/35.0.1916.153 Safari/537.36"
189.121.210.226 - - [18/Jun/2014:17:20:10 -0300] "GET /images/icons/taks.png HTTP/1.1" 200 5402 "http://sgws11.hospedagemdesites.ws/backend.php/despesa/index/id_projeto/2055/id_tarefa/1998" "Mozilla/5.0 (Windows NT 6.3; WOW64) AppleWebKit/537.36 (KHTML, like Gecko) Chrome/35.0.1916.153 Safari/537.36"
189.121.210.226 - - [18/Jun/2014:17:20:10 -0300] "GET /images/icons/contas.png HTTP/1.1" 200 6344 "http://sgws11.hospedagemdesites.ws/backend.php/despesa/index/id_projeto/2055/id_tarefa/1998" "Mozilla/5.0 (Windows NT 6.3; WOW64) AppleWebKit/537.36 (KHTML, like Gecko) Chrome/35.0.1916.153 Safari/537.36"
189.121.210.226 - - [18/Jun/2014:17:20:10 -0300] "GET /images/icons/tools-48.png HTTP/1.1" 200 3213 "http://sgws11.hospedagemdesites.ws/backend.php/despesa/index/id_projeto/2055/id_tarefa/1998" "Mozilla/5.0 (Windows NT 6.3; WOW64) AppleWebKit/537.36 (KHTML, like Gecko) Chrome/35.0.1916.153 Safari/537.36"
189.121.210.226 - - [18/Jun/2014:17:20:10 -0300] "GET /images/icons/timesheet.png HTTP/1.1" 200 6282 "http://sgws11.hospedagemdesites.ws/backend.php/despesa/index/id_projeto/2055/id_tarefa/1998" "Mozilla/5.0 (Windows NT 6.3; WOW64) AppleWebKit/537.36 (KHTML, like Gecko) Chrome/35.0.1916.153 Safari/537.36"
189.121.210.226 - - [18/Jun/2014:17:20:10 -0300] "GET /images/icons/faturamento.png HTTP/1.1" 200 7872 "http://sgws11.hospedagemdesites.ws/backend.php/despesa/index/id_projeto/2055/id_tarefa/1998" "Mozilla/5.0 (Windows NT 6.3; WOW64) AppleWebKit/537.36 (KHTML, like Gecko) Chrome/35.0.1916.153 Safari/537.36"
201.211.175.134 - - [18/Jun/2014:17:20:12 -0300] "GET /backend.php/despesa/index/id_projeto/2055 HTTP/1.1" 200 20327 "http://sgws11.hospedagemdesites.ws/backend.php/projeto" "Mozilla/5.0 (Windows NT 6.1) AppleWebKit/537.36 (KHTML, like Gecko) Chrome/35.0.1916.153 Safari/537.36"
201.211.175.134 - - [18/Jun/2014:17:20:14 -0300] "GET /images/icons/informacoe.png HTTP/1.1" 200 2426 "http://sgws11.hospedagemdesites.ws/backend.php/despesa/index/id_projeto/2055" "Mozilla/5.0 (Windows NT 6.1) AppleWebKit/537.36 (KHTML, like Gecko) Chrome/35.0.1916.153 Safari/537.36"
201.211.175.134 - - [18/Jun/2014:17:20:14 -0300] "GET /images/0.png HTTP/1.1" 200 501 "http://sgws11.hospedagemdesites.ws/backend.php/despesa/index/id_projeto/2055" "Mozilla/5.0 (Windows NT 6.1) AppleWebKit/537.36 (KHTML, like Gecko) Chrome/35.0.1916.153 Safari/537.36"
189.121.210.226 - - [18/Jun/2014:17:20:23 -0300] "GET /backend.php/despesa/index/id_projeto/2055 HTTP/1.1" 200 20327 "http://sgws11.hospedagemdesites.ws/backend.php/projeto" "Mozilla/5.0 (Windows NT 6.3; WOW64) AppleWebKit/537.36 (KHTML, like Gecko) Chrome/35.0.1916.153 Safari/537.36"
189.121.210.226 - - [18/Jun/2014:17:20:37 -0300] "GET /backend.php/despesa/new/id_projeto/2055 HTTP/1.1" 200 15962 "http://sgws11.hospedagemdesites.ws/backend.php/despesa/index/id_projeto/2055" "Mozilla/5.0 (Windows NT 6.3; WOW64) AppleWebKit/537.36 (KHTML, like Gecko) Chrome/35.0.1916.153 Safari/537.36"
189.121.210.226 - - [18/Jun/2014:17:20:38 -0300] "GET /js/jq/jquery.bpopup.min.js HTTP/1.1" 200 5179 "http://sgws11.hospedagemdesites.ws/backend.php/despesa/new/id_projeto/2055" "Mozilla/5.0 (Windows NT 6.3; WOW64) AppleWebKit/537.36 (KHTML, like Gecko) Chrome/35.0.1916.153 Safari/537.36"
189.121.210.226 - - [18/Jun/2014:17:20:38 -0300] "GET /js/jq/jquery-ui-1.8.16.custom/development-bundle/ui/i18n/jquery.ui.datepicker-br.js HTTP/1.1" 200 896 "http://sgws11.hospedagemdesites.ws/backend.php/despesa/new/id_projeto/2055" "Mozilla/5.0 (Windows NT 6.3; WOW64) AppleWebKit/537.36 (KHTML, like Gecko) Chrome/35.0.1916.153 Safari/537.36"
189.121.210.226 - - [18/Jun/2014:17:20:38 -0300] "GET /images/icons/icon_obs.png HTTP/1.1" 200 54384 "http://sgws11.hospedagemdesites.ws/backend.php/despesa/new/id_projeto/2055" "Mozilla/5.0 (Windows NT 6.3; WOW64) AppleWebKit/537.36 (KHTML, like Gecko) Chrome/35.0.1916.153 Safari/537.36"
189.121.210.226 - - [18/Jun/2014:17:20:38 -0300] "GET /images/delete.png HTTP/1.1" 200 794 "http://sgws11.hospedagemdesites.ws/backend.php/despesa/new/id_projeto/2055" "Mozilla/5.0 (Windows NT 6.3; WOW64) AppleWebKit/537.36 (KHTML, like Gecko) Chrome/35.0.1916.153 Safari/537.36"
189.121.210.226 - - [18/Jun/2014:17:20:38 -0300] "POST /backend_dev.php/ajax/getTipos HTTP/1.1" 200 647 "http://sgws11.hospedagemdesites.ws/backend.php/despesa/new/id_projeto/2055" "Mozilla/5.0 (Windows NT 6.3; WOW64) AppleWebKit/537.36 (KHTML, like Gecko) Chrome/35.0.1916.153 Safari/537.36"
201.211.175.134 - - [18/Jun/2014:17:20:41 -0300] "GET /backend.php/despesa/new/id_projeto/2055 HTTP/1.1" 200 15962 "http://sgws11.hospedagemdesites.ws/backend.php/despesa/index/id_projeto/2055" "Mozilla/5.0 (Windows NT 6.1) AppleWebKit/537.36 (KHTML, like Gecko) Chrome/35.0.1916.153 Safari/537.36"
201.211.175.134 - - [18/Jun/2014:17:20:43 -0300] "POST /backend_dev.php/ajax/getTipos HTTP/1.1" 200 647 "http://sgws11.hospedagemdesites.ws/backend.php/despesa/new/id_projeto/2055" "Mozilla/5.0 (Windows NT 6.1) AppleWebKit/537.36 (KHTML, like Gecko) Chrome/35.0.1916.153 Safari/537.36"
201.211.175.134 - - [18/Jun/2014:17:20:51 -0300] "GET /css/cupertino/images/ui-bg_glass_80_d7ebf9_1x400.png HTTP/1.1" 200 124 "http://sgws11.hospedagemdesites.ws/backend.php/despesa/new/id_projeto/2055" "Mozilla/5.0 (Windows NT 6.1) AppleWebKit/537.36 (KHTML, like Gecko) Chrome/35.0.1916.153 Safari/537.36"
201.211.175.134 - - [18/Jun/2014:17:20:51 -0300] "GET /css/cupertino/images/ui-bg_highlight-soft_25_ffef8f_1x100.png HTTP/1.1" 200 153 "http://sgws11.hospedagemdesites.ws/backend.php/despesa/new/id_projeto/2055" "Mozilla/5.0 (Windows NT 6.1) AppleWebKit/537.36 (KHTML, like Gecko) Chrome/35.0.1916.153 Safari/537.36"
201.211.175.134 - - [18/Jun/2014:17:20:51 -0300] "GET /css/cupertino/images/ui-bg_highlight-soft_100_deedf7_1x100.png HTTP/1.1" 200 143 "http://sgws11.hospedagemdesites.ws/backend.php/despesa/new/id_projeto/2055" "Mozilla/5.0 (Windows NT 6.1) AppleWebKit/537.36 (KHTML, like Gecko) Chrome/35.0.1916.153 Safari/537.36"
201.211.175.134 - - [18/Jun/2014:17:20:51 -0300] "GET /css/cupertino/images/ui-icons_72a7cf_256x240.png HTTP/1.1" 200 4369 "http://sgws11.hospedagemdesites.ws/backend.php/despesa/new/id_projeto/2055" "Mozilla/5.0 (Windows NT 6.1) AppleWebKit/537.36 (KHTML, like Gecko) Chrome/35.0.1916.153 Safari/537.36"
201.211.175.134 - - [18/Jun/2014:17:20:51 -0300] "GET /css/cupertino/images/ui-bg_glass_100_e4f1fb_1x400.png HTTP/1.1" 200 119 "http://sgws11.hospedagemdesites.ws/backend.php/despesa/new/id_projeto/2055" "Mozilla/5.0 (Windows NT 6.1) AppleWebKit/537.36 (KHTML, like Gecko) Chrome/35.0.1916.153 Safari/537.36"
201.211.175.134 - - [18/Jun/2014:17:20:55 -0300] "POST /backend_dev.php/ajax/getSubTipos HTTP/1.1" 200 589 "http://sgws11.hospedagemdesites.ws/backend.php/despesa/new/id_projeto/2055" "Mozilla/5.0 (Windows NT 6.1) AppleWebKit/537.36 (KHTML, like Gecko) Chrome/35.0.1916.153 Safari/537.36"
201.211.175.134 - - [18/Jun/2014:17:20:57 -0300] "POST /backend_dev.php/ajax/getEmpresas HTTP/1.1" 200 94 "http://sgws11.hospedagemdesites.ws/backend.php/despesa/new/id_projeto/2055" "Mozilla/5.0 (Windows NT 6.1) AppleWebKit/537.36 (KHTML, like Gecko) Chrome/35.0.1916.153 Safari/537.36"
201.211.175.134 - - [18/Jun/2014:17:21:32 -0300] "GET /images/bck_button_over.png HTTP/1.1" 200 137 "http://sgws11.hospedagemdesites.ws/backend.php/despesa/new/id_projeto/2055" "Mozilla/5.0 (Windows NT 6.1) AppleWebKit/537.36 (KHTML, like Gecko) Chrome/35.0.1916.153 Safari/537.36"
201.211.175.134 - - [18/Jun/2014:17:21:40 -0300] "POST /backend.php/despesa/saveDespesa HTTP/1.1" 302 141 "http://sgws11.hospedagemdesites.ws/backend.php/despesa/new/id_projeto/2055" "Mozilla/5.0 (Windows NT 6.1) AppleWebKit/537.36 (KHTML, like Gecko) Chrome/35.0.1916.153 Safari/537.36"
201.211.175.134 - - [18/Jun/2014:17:21:41 -0300] "GET /backend.php/despesa?id_projeto=2055 HTTP/1.1" 200 23712 "http://sgws11.hospedagemdesites.ws/backend.php/despesa/new/id_projeto/2055" "Mozilla/5.0 (Windows NT 6.1) AppleWebKit/537.36 (KHTML, like Gecko) Chrome/35.0.1916.153 Safari/537.36"
201.211.175.134 - - [18/Jun/2014:17:21:43 -0300] "GET /images/1.png HTTP/1.1" 200 588 "http://sgws11.hospedagemdesites.ws/backend.php/despesa?id_projeto=2055" "Mozilla/5.0 (Windows NT 6.1) AppleWebKit/537.36 (KHTML, like Gecko) Chrome/35.0.1916.153 Safari/537.36"
201.211.175.134 - - [18/Jun/2014:17:22:03 -0300] "GET /backend.php/despesa/editFinanciero/id/48529/id_projeto/2055 HTTP/1.1" 200 44452 "http://sgws11.hospedagemdesites.ws/backend.php/despesa?id_projeto=2055" "Mozilla/5.0 (Windows NT 6.1) AppleWebKit/537.36 (KHTML, like Gecko) Chrome/35.0.1916.153 Safari/537.36"
201.211.175.134 - - [18/Jun/2014:17:22:05 -0300] "GET /images/icons/seguranca.png HTTP/1.1" 200 1380 "http://sgws11.hospedagemdesites.ws/backend.php/despesa/editFinanciero/id/48529/id_projeto/2055" "Mozilla/5.0 (Windows NT 6.1) AppleWebKit/537.36 (KHTML, like Gecko) Chrome/35.0.1916.153 Safari/537.36"
201.211.175.134 - - [18/Jun/2014:17:22:05 -0300] "POST /backend_dev.php/ajax/getEmpresas HTTP/1.1" 200 94 "http://sgws11.hospedagemdesites.ws/backend.php/despesa/editFinanciero/id/48529/id_projeto/2055" "Mozilla/5.0 (Windows NT 6.1) AppleWebKit/537.36 (KHTML, like Gecko) Chrome/35.0.1916.153 Safari/537.36"
201.211.175.134 - - [18/Jun/2014:17:22:05 -0300] "POST /backend_dev.php/ajax/getTipos HTTP/1.1" 200 647 "http://sgws11.hospedagemdesites.ws/backend.php/despesa/editFinanciero/id/48529/id_projeto/2055" "Mozilla/5.0 (Windows NT 6.1) AppleWebKit/537.36 (KHTML, like Gecko) Chrome/35.0.1916.153 Safari/537.36"
201.211.175.134 - - [18/Jun/2014:17:22:05 -0300] "POST /backend_dev.php/ajax/getSubTipos HTTP/1.1" 200 589 "http://sgws11.hospedagemdesites.ws/backend.php/despesa/editFinanciero/id/48529/id_projeto/2055" "Mozilla/5.0 (Windows NT 6.1) AppleWebKit/537.36 (KHTML, like Gecko) Chrome/35.0.1916.153 Safari/537.36"
189.121.210.226 - - [18/Jun/2014:17:22:32 -0300] "POST /backend_dev.php/ajax/getSubTipos HTTP/1.1" 200 204 "http://sgws11.hospedagemdesites.ws/backend.php/despesa/new/id_projeto/2055" "Mozilla/5.0 (Windows NT 6.3; WOW64) AppleWebKit/537.36 (KHTML, like Gecko) Chrome/35.0.1916.153 Safari/537.36"
201.211.175.134 - - [18/Jun/2014:17:22:27 -0300] "GET /backend.php/despesa/index/id_projeto/2055 HTTP/1.1" 200 23712 "http://sgws11.hospedagemdesites.ws/backend.php/despesa/editFinanciero/id/48529/id_projeto/2055" "Mozilla/5.0 (Windows NT 6.1) AppleWebKit/537.36 (KHTML, like Gecko) Chrome/35.0.1916.153 Safari/537.36"
189.121.210.226 - - [18/Jun/2014:17:22:42 -0300] "POST /backend_dev.php/ajax/getSubTipos HTTP/1.1" 200 562 "http://sgws11.hospedagemdesites.ws/backend.php/despesa/new/id_projeto/2055" "Mozilla/5.0 (Windows NT 6.3; WOW64) AppleWebKit/537.36 (KHTML, like Gecko) Chrome/35.0.1916.153 Safari/537.36"
201.211.175.134 - - [18/Jun/2014:17:23:01 -0300] "GET /backend.php/despesa/new/id_projeto/2055 HTTP/1.1" 200 15962 "http://sgws11.hospedagemdesites.ws/backend.php/despesa?id_projeto=2055" "Mozilla/5.0 (Windows NT 6.1) AppleWebKit/537.36 (KHTML, like Gecko) Chrome/35.0.1916.153 Safari/537.36"
201.211.175.134 - - [18/Jun/2014:17:23:10 -0300] "GET /backend.php/despesa/new/id_projeto/2055 HTTP/1.1" 200 15962 "http://sgws11.hospedagemdesites.ws/backend.php/despesa?id_projeto=2055" "Mozilla/5.0 (Windows NT 6.1) AppleWebKit/537.36 (KHTML, like Gecko) Chrome/35.0.1916.153 Safari/537.36"
201.211.175.134 - - [18/Jun/2014:17:23:10 -0300] "GET /backend.php/despesa/new/id_projeto/2055 HTTP/1.1" 200 15962 "http://sgws11.hospedagemdesites.ws/backend.php/despesa?id_projeto=2055" "Mozilla/5.0 (Windows NT 6.1) AppleWebKit/537.36 (KHTML, like Gecko) Chrome/35.0.1916.153 Safari/537.36"
201.211.175.134 - - [18/Jun/2014:17:23:20 -0300] "GET /backend.php/despesa/new/id_projeto/2055 HTTP/1.1" 200 15962 "http://sgws11.hospedagemdesites.ws/backend.php/despesa?id_projeto=2055" "Mozilla/5.0 (Windows NT 6.1) AppleWebKit/537.36 (KHTML, like Gecko) Chrome/35.0.1916.153 Safari/537.36"
201.211.175.134 - - [18/Jun/2014:17:23:26 -0300] "GET /backend.php/despesa/new/id_projeto/2055 HTTP/1.1" 200 15962 "http://sgws11.hospedagemdesites.ws/backend.php/despesa/index/id_projeto/2055" "Mozilla/5.0 (Windows NT 6.1) AppleWebKit/537.36 (KHTML, like Gecko) Chrome/35.0.1916.153 Safari/537.36"
201.211.175.134 - - [18/Jun/2014:17:23:27 -0300] "POST /backend_dev.php/ajax/getSubTipos HTTP/1.1" 200 589 "http://sgws11.hospedagemdesites.ws/backend.php/despesa/editFinanciero/id/48529/id_projeto/2055" "Mozilla/5.0 (Windows NT 6.1) AppleWebKit/537.36 (KHTML, like Gecko) Chrome/35.0.1916.153 Safari/537.36"
201.211.175.134 - - [18/Jun/2014:17:23:27 -0300] "POST /backend_dev.php/ajax/getEmpresas HTTP/1.1" 200 94 "http://sgws11.hospedagemdesites.ws/backend.php/despesa/editFinanciero/id/48529/id_projeto/2055" "Mozilla/5.0 (Windows NT 6.1) AppleWebKit/537.36 (KHTML, like Gecko) Chrome/35.0.1916.153 Safari/537.36"
201.211.175.134 - - [18/Jun/2014:17:23:27 -0300] "POST /backend_dev.php/ajax/getTipos HTTP/1.1" 200 647 "http://sgws11.hospedagemdesites.ws/backend.php/despesa/editFinanciero/id/48529/id_projeto/2055" "Mozilla/5.0 (Windows NT 6.1) AppleWebKit/537.36 (KHTML, like Gecko) Chrome/35.0.1916.153 Safari/537.36"
189.121.210.226 - - [18/Jun/2014:17:23:32 -0300] "POST /backend_dev.php/ajax/getTipos HTTP/1.1" 200 647 "http://sgws11.hospedagemdesites.ws/backend.php/despesa/new/id_projeto/2055" "Mozilla/5.0 (Windows NT 6.3; WOW64) AppleWebKit/537.36 (KHTML, like Gecko) Chrome/35.0.1916.153 Safari/537.36"
201.211.175.134 - - [18/Jun/2014:17:23:31 -0300] "GET /backend.php/despesa/new/id_projeto/2055 HTTP/1.1" 200 15962 "http://sgws11.hospedagemdesites.ws/backend.php/despesa?id_projeto=2055" "Mozilla/5.0 (Windows NT 6.1) AppleWebKit/537.36 (KHTML, like Gecko) Chrome/35.0.1916.153 Safari/537.36"
201.211.175.134 - - [18/Jun/2014:17:23:35 -0300] "GET /css/main.css HTTP/1.1" 200 27623 "http://sgws11.hospedagemdesites.ws/backend.php/despesa/new/id_projeto/2055" "Mozilla/5.0 (Windows NT 6.1) AppleWebKit/537.36 (KHTML, like Gecko) Chrome/35.0.1916.153 Safari/537.36"
201.211.175.134 - - [18/Jun/2014:17:23:35 -0300] "GET /css/jq/jqueryslidemenu.css HTTP/1.1" 200 2019 "http://sgws11.hospedagemdesites.ws/backend.php/despesa/new/id_projeto/2055" "Mozilla/5.0 (Windows NT 6.1) AppleWebKit/537.36 (KHTML, like Gecko) Chrome/35.0.1916.153 Safari/537.36"
201.211.175.134 - - [18/Jun/2014:17:23:35 -0300] "GET /css/validationEngineBackend.jquery.css HTTP/1.1" 200 1647 "http://sgws11.hospedagemdesites.ws/backend.php/despesa/new/id_projeto/2055" "Mozilla/5.0 (Windows NT 6.1) AppleWebKit/537.36 (KHTML, like Gecko) Chrome/35.0.1916.153 Safari/537.36"
201.211.175.134 - - [18/Jun/2014:17:23:35 -0300] "GET /js/extjs/resources/css/ext-all.css HTTP/1.1" 200 135390 "http://sgws11.hospedagemdesites.ws/backend.php/despesa/new/id_projeto/2055" "Mozilla/5.0 (Windows NT 6.1) AppleWebKit/537.36 (KHTML, like Gecko) Chrome/35.0.1916.153 Safari/537.36"
201.211.175.134 - - [18/Jun/2014:17:23:35 -0300] "GET /css/cupertino/jquery-ui-1.8.1.custom.css HTTP/1.1" 200 23396 "http://sgws11.hospedagemdesites.ws/backend.php/despesa/new/id_projeto/2055" "Mozilla/5.0 (Windows NT 6.1) AppleWebKit/537.36 (KHTML, like Gecko) Chrome/35.0.1916.153 Safari/537.36"
201.211.175.134 - - [18/Jun/2014:17:23:35 -0300] "GET /js/jq/jquery-1.7.1.min.js HTTP/1.1" 200 94839 "http://sgws11.hospedagemdesites.ws/backend.php/despesa/new/id_projeto/2055" "Mozilla/5.0 (Windows NT 6.1) AppleWebKit/537.36 (KHTML, like Gecko) Chrome/35.0.1916.153 Safari/537.36"
201.211.175.134 - - [18/Jun/2014:17:23:35 -0300] "GET /js/main.js HTTP/1.1" 200 26682 "http://sgws11.hospedagemdesites.ws/backend.php/despesa/new/id_projeto/2055" "Mozilla/5.0 (Windows NT 6.1) AppleWebKit/537.36 (KHTML, like Gecko) Chrome/35.0.1916.153 Safari/537.36"
201.211.175.134 - - [18/Jun/2014:17:23:35 -0300] "GET /js/jq/jqueryslidemenu.js HTTP/1.1" 200 2646 "http://sgws11.hospedagemdesites.ws/backend.php/despesa/new/id_projeto/2055" "Mozilla/5.0 (Windows NT 6.1) AppleWebKit/537.36 (KHTML, like Gecko) Chrome/35.0.1916.153 Safari/537.36"
201.211.175.134 - - [18/Jun/2014:17:23:35 -0300] "GET /js/jq/jq.ajaxupload.js HTTP/1.1" 200 22985 "http://sgws11.hospedagemdesites.ws/backend.php/despesa/new/id_projeto/2055" "Mozilla/5.0 (Windows NT 6.1) AppleWebKit/537.36 (KHTML, like Gecko) Chrome/35.0.1916.153 Safari/537.36"
201.211.175.134 - - [18/Jun/2014:17:23:35 -0300] "GET /js/lynxCms.js HTTP/1.1" 200 2130 "http://sgws11.hospedagemdesites.ws/backend.php/despesa/new/id_projeto/2055" "Mozilla/5.0 (Windows NT 6.1) AppleWebKit/537.36 (KHTML, like Gecko) Chrome/35.0.1916.153 Safari/537.36"
201.211.175.134 - - [18/Jun/2014:17:23:35 -0300] "GET /js/extjs/adapter/ext/ext-base.js HTTP/1.1" 200 33001 "http://sgws11.hospedagemdesites.ws/backend.php/despesa/new/id_projeto/2055" "Mozilla/5.0 (Windows NT 6.1) AppleWebKit/537.36 (KHTML, like Gecko) Chrome/35.0.1916.153 Safari/537.36"
201.211.175.134 - - [18/Jun/2014:17:23:35 -0300] "GET /js/extjs/ext-all.js HTTP/1.1" 200 677207 "http://sgws11.hospedagemdesites.ws/backend.php/despesa/new/id_projeto/2055" "Mozilla/5.0 (Windows NT 6.1) AppleWebKit/537.36 (KHTML, like Gecko) Chrome/35.0.1916.153 Safari/537.36"
201.211.175.134 - - [18/Jun/2014:17:23:36 -0300] "GET /js/jq/jquery-ui-1.8.1.custom.min.js HTTP/1.1" 200 38056 "http://sgws11.hospedagemdesites.ws/backend.php/despesa/new/id_projeto/2055" "Mozilla/5.0 (Windows NT 6.1) AppleWebKit/537.36 (KHTML, like Gecko) Chrome/35.0.1916.153 Safari/537.36"
201.211.175.134 - - [18/Jun/2014:17:23:36 -0300] "GET /js/jq/jquery.ui.widget.js HTTP/1.1" 200 5984 "http://sgws11.hospedagemdesites.ws/backend.php/despesa/new/id_projeto/2055" "Mozilla/5.0 (Windows NT 6.1) AppleWebKit/537.36 (KHTML, like Gecko) Chrome/35.0.1916.153 Safari/537.36"
201.211.175.134 - - [18/Jun/2014:17:23:36 -0300] "GET /js/jq/jquery.ui.mouse.js HTTP/1.1" 200 4057 "http://sgws11.hospedagemdesites.ws/backend.php/despesa/new/id_projeto/2055" "Mozilla/5.0 (Windows NT 6.1) AppleWebKit/537.36 (KHTML, like Gecko) Chrome/35.0.1916.153 Safari/537.36"
201.211.175.134 - - [18/Jun/2014:17:23:36 -0300] "GET /js/jq/jquery.ui.sortable.js HTTP/1.1" 200 39445 "http://sgws11.hospedagemdesites.ws/backend.php/despesa/new/id_projeto/2055" "Mozilla/5.0 (Windows NT 6.1) AppleWebKit/537.36 (KHTML, like Gecko) Chrome/35.0.1916.153 Safari/537.36"
201.211.175.134 - - [18/Jun/2014:17:23:36 -0300] "GET /js/jq/jquery.validationEngine.js HTTP/1.1" 200 24639 "http://sgws11.hospedagemdesites.ws/backend.php/despesa/new/id_projeto/2055" "Mozilla/5.0 (Windows NT 6.1) AppleWebKit/537.36 (KHTML, like Gecko) Chrome/35.0.1916.153 Safari/537.36"
201.211.175.134 - - [18/Jun/2014:17:23:36 -0300] "GET /js/jq/jquery.validationEngine-en_US.js HTTP/1.1" 200 2409 "http://sgws11.hospedagemdesites.ws/backend.php/despesa/new/id_projeto/2055" "Mozilla/5.0 (Windows NT 6.1) AppleWebKit/537.36 (KHTML, like Gecko) Chrome/35.0.1916.153 Safari/537.36"
201.211.175.134 - - [18/Jun/2014:17:23:36 -0300] "GET /js/jq/jquery.price_format.1.8.js HTTP/1.1" 200 7578 "http://sgws11.hospedagemdesites.ws/backend.php/despesa/new/id_projeto/2055" "Mozilla/5.0 (Windows NT 6.1) AppleWebKit/537.36 (KHTML, like Gecko) Chrome/35.0.1916.153 Safari/537.36"
201.211.175.134 - - [18/Jun/2014:17:23:36 -0300] "POST /backend_dev.php/ajax/getTipos HTTP/1.1" 200 647 "http://sgws11.hospedagemdesites.ws/backend.php/despesa/new/id_projeto/2055" "Mozilla/5.0 (Windows NT 6.1) AppleWebKit/537.36 (KHTML, like Gecko) Chrome/35.0.1916.153 Safari/537.36"
189.121.210.226 - - [18/Jun/2014:17:23:45 -0300] "POST /backend_dev.php/ajax/getSubTipos HTTP/1.1" 200 690 "http://sgws11.hospedagemdesites.ws/backend.php/despesa/new/id_projeto/2055" "Mozilla/5.0 (Windows NT 6.3; WOW64) AppleWebKit/537.36 (KHTML, like Gecko) Chrome/35.0.1916.153 Safari/537.36"
189.121.210.226 - - [18/Jun/2014:17:23:37 -0300] "POST /backend_dev.php/ajax/getSubTipos HTTP/1.1" 200 562 "http://sgws11.hospedagemdesites.ws/backend.php/despesa/new/id_projeto/2055" "Mozilla/5.0 (Windows NT 6.3; WOW64) AppleWebKit/537.36 (KHTML, like Gecko) Chrome/35.0.1916.153 Safari/537.36"
201.211.175.134 - - [18/Jun/2014:17:23:51 -0300] "POST /backend_dev.php/ajax/getSubTipos HTTP/1.1" 200 647 "http://sgws11.hospedagemdesites.ws/backend.php/despesa/new/id_projeto/2055" "Mozilla/5.0 (Windows NT 6.1) AppleWebKit/537.36 (KHTML, like Gecko) Chrome/35.0.1916.153 Safari/537.36"
189.121.210.226 - - [18/Jun/2014:17:23:57 -0300] "POST /backend_dev.php/ajax/getEmpresas HTTP/1.1" 200 377 "http://sgws11.hospedagemdesites.ws/backend.php/despesa/new/id_projeto/2055" "Mozilla/5.0 (Windows NT 6.3; WOW64) AppleWebKit/537.36 (KHTML, like Gecko) Chrome/35.0.1916.153 Safari/537.36"
201.211.175.134 - - [18/Jun/2014:17:24:01 -0300] "POST /backend_dev.php/ajax/getEmpresas HTTP/1.1" 200 1293 "http://sgws11.hospedagemdesites.ws/backend.php/despesa/new/id_projeto/2055" "Mozilla/5.0 (Windows NT 6.1) AppleWebKit/537.36 (KHTML, like Gecko) Chrome/35.0.1916.153 Safari/537.36"
201.211.175.134 - - [18/Jun/2014:17:24:32 -0300] "POST /backend.php/despesa/saveDespesa HTTP/1.1" 302 141 "http://sgws11.hospedagemdesites.ws/backend.php/despesa/new/id_projeto/2055" "Mozilla/5.0 (Windows NT 6.1) AppleWebKit/537.36 (KHTML, like Gecko) Chrome/35.0.1916.153 Safari/537.36"
201.211.175.134 - - [18/Jun/2014:17:24:33 -0300] "GET /backend.php/despesa?id_projeto=2055 HTTP/1.1" 200 27088 "http://sgws11.hospedagemdesites.ws/backend.php/despesa/new/id_projeto/2055" "Mozilla/5.0 (Windows NT 6.1) AppleWebKit/537.36 (KHTML, like Gecko) Chrome/35.0.1916.153 Safari/537.36"
201.211.175.134 - - [18/Jun/2014:17:25:01 -0300] "GET /backend.php/projeto HTTP/1.1" 200 187210 "http://sgws11.hospedagemdesites.ws/backend.php/despesa?id_projeto=2055" "Mozilla/5.0 (Windows NT 6.1) AppleWebKit/537.36 (KHTML, like Gecko) Chrome/35.0.1916.153 Safari/537.36"
201.211.175.134 - - [18/Jun/2014:17:25:03 -0300] "GET /js/fancybox/jquery.fancybox.css HTTP/1.1" 200 4926 "http://sgws11.hospedagemdesites.ws/backend.php/projeto" "Mozilla/5.0 (Windows NT 6.1) AppleWebKit/537.36 (KHTML, like Gecko) Chrome/35.0.1916.153 Safari/537.36"
201.211.175.134 - - [18/Jun/2014:17:25:03 -0300] "GET /css/projetos.css HTTP/1.1" 200 5490 "http://sgws11.hospedagemdesites.ws/backend.php/projeto" "Mozilla/5.0 (Windows NT 6.1) AppleWebKit/537.36 (KHTML, like Gecko) Chrome/35.0.1916.153 Safari/537.36"
201.211.175.134 - - [18/Jun/2014:17:25:04 -0300] "GET /js/fancybox/jquery.fancybox.js HTTP/1.1" 200 48746 "http://sgws11.hospedagemdesites.ws/backend.php/projeto" "Mozilla/5.0 (Windows NT 6.1) AppleWebKit/537.36 (KHTML, like Gecko) Chrome/35.0.1916.153 Safari/537.36"
201.211.175.134 - - [18/Jun/2014:17:25:04 -0300] "GET /js/jq/accordionmenu.js HTTP/1.1" 200 8993 "http://sgws11.hospedagemdesites.ws/backend.php/projeto" "Mozilla/5.0 (Windows NT 6.1) AppleWebKit/537.36 (KHTML, like Gecko) Chrome/35.0.1916.153 Safari/537.36"
201.211.175.134 - - [18/Jun/2014:17:25:05 -0300] "GET /images/icons/icon_tarefa_mini.png HTTP/1.1" 200 52667 "http://sgws11.hospedagemdesites.ws/backend.php/projeto" "Mozilla/5.0 (Windows NT 6.1) AppleWebKit/537.36 (KHTML, like Gecko) Chrome/35.0.1916.153 Safari/537.36"
201.211.175.134 - - [18/Jun/2014:17:25:05 -0300] "GET /images/icons/mas_info.png HTTP/1.1" 200 1223 "http://sgws11.hospedagemdesites.ws/backend.php/projeto" "Mozilla/5.0 (Windows NT 6.1) AppleWebKit/537.36 (KHTML, like Gecko) Chrome/35.0.1916.153 Safari/537.36"
201.211.175.134 - - [18/Jun/2014:17:25:05 -0300] "GET /images/icons/financeiro.png HTTP/1.1" 200 1999 "http://sgws11.hospedagemdesites.ws/backend.php/projeto" "Mozilla/5.0 (Windows NT 6.1) AppleWebKit/537.36 (KHTML, like Gecko) Chrome/35.0.1916.153 Safari/537.36"
201.211.175.134 - - [18/Jun/2014:17:25:05 -0300] "GET /images/icons/tipo_despesa.png HTTP/1.1" 200 2154 "http://sgws11.hospedagemdesites.ws/backend.php/projeto" "Mozilla/5.0 (Windows NT 6.1) AppleWebKit/537.36 (KHTML, like Gecko) Chrome/35.0.1916.153 Safari/537.36"
201.211.175.134 - - [18/Jun/2014:17:25:05 -0300] "GET /images/icons/status_pagamento.png HTTP/1.1" 200 1526 "http://sgws11.hospedagemdesites.ws/backend.php/projeto" "Mozilla/5.0 (Windows NT 6.1) AppleWebKit/537.36 (KHTML, like Gecko) Chrome/35.0.1916.153 Safari/537.36"
201.211.175.134 - - [18/Jun/2014:17:25:05 -0300] "GET /images/legenda-projetos.jpg HTTP/1.1" 200 32162 "http://sgws11.hospedagemdesites.ws/backend.php/projeto" "Mozilla/5.0 (Windows NT 6.1) AppleWebKit/537.36 (KHTML, like Gecko) Chrome/35.0.1916.153 Safari/537.36"
201.211.175.134 - - [18/Jun/2014:17:25:05 -0300] "GET /images/icons/neg_1.png HTTP/1.1" 200 2143 "http://sgws11.hospedagemdesites.ws/backend.php/projeto" "Mozilla/5.0 (Windows NT 6.1) AppleWebKit/537.36 (KHTML, like Gecko) Chrome/35.0.1916.153 Safari/537.36"
201.211.175.134 - - [18/Jun/2014:17:25:05 -0300] "GET /images/icons/reg_activity_2.png HTTP/1.1" 200 1353 "http://sgws11.hospedagemdesites.ws/backend.php/projeto" "Mozilla/5.0 (Windows NT 6.1) AppleWebKit/537.36 (KHTML, like Gecko) Chrome/35.0.1916.153 Safari/537.36"
201.211.175.134 - - [18/Jun/2014:17:25:06 -0300] "GET /backend.php/contas HTTP/1.1" 200 31367 "http://sgws11.hospedagemdesites.ws/backend.php/projeto" "Mozilla/5.0 (Windows NT 6.1) AppleWebKit/537.36 (KHTML, like Gecko) Chrome/35.0.1916.153 Safari/537.36"
201.211.175.134 - - [18/Jun/2014:17:25:08 -0300] "GET /js/jq/jQuery.print.js HTTP/1.1" 200 2324 "http://sgws11.hospedagemdesites.ws/backend.php/contas" "Mozilla/5.0 (Windows NT 6.1) AppleWebKit/537.36 (KHTML, like Gecko) Chrome/35.0.1916.153 Safari/537.36"
189.121.210.226 - - [18/Jun/2014:17:25:08 -0300] "GET /backend.php/contas HTTP/1.1" 200 31367 "http://sgws11.hospedagemdesites.ws/backend.php/despesa/index/id_projeto/2055" "Mozilla/5.0 (Windows NT 6.3; WOW64) AppleWebKit/537.36 (KHTML, like Gecko) Chrome/35.0.1916.153 Safari/537.36"
201.211.175.134 - - [18/Jun/2014:17:27:39 -0300] "GET /backend.php/despesa/edit/id/48530 HTTP/1.1" 200 31485 "http://sgws11.hospedagemdesites.ws/backend.php/contas" "Mozilla/5.0 (Windows NT 6.1) AppleWebKit/537.36 (KHTML, like Gecko) Chrome/35.0.1916.153 Safari/537.36"
201.211.175.134 - - [18/Jun/2014:17:27:40 -0300] "GET /css/main.css HTTP/1.1" 200 27623 "http://sgws11.hospedagemdesites.ws/backend.php/despesa/edit/id/48530" "Mozilla/5.0 (Windows NT 6.1) AppleWebKit/537.36 (KHTML, like Gecko) Chrome/35.0.1916.153 Safari/537.36"
201.211.175.134 - - [18/Jun/2014:17:27:40 -0300] "GET /css/jq/jqueryslidemenu.css HTTP/1.1" 200 2019 "http://sgws11.hospedagemdesites.ws/backend.php/despesa/edit/id/48530" "Mozilla/5.0 (Windows NT 6.1) AppleWebKit/537.36 (KHTML, like Gecko) Chrome/35.0.1916.153 Safari/537.36"
201.211.175.134 - - [18/Jun/2014:17:27:40 -0300] "GET /css/validationEngineBackend.jquery.css HTTP/1.1" 200 1647 "http://sgws11.hospedagemdesites.ws/backend.php/despesa/edit/id/48530" "Mozilla/5.0 (Windows NT 6.1) AppleWebKit/537.36 (KHTML, like Gecko) Chrome/35.0.1916.153 Safari/537.36"
201.211.175.134 - - [18/Jun/2014:17:27:40 -0300] "GET /js/extjs/resources/css/ext-all.css HTTP/1.1" 200 135390 "http://sgws11.hospedagemdesites.ws/backend.php/despesa/edit/id/48530" "Mozilla/5.0 (Windows NT 6.1) AppleWebKit/537.36 (KHTML, like Gecko) Chrome/35.0.1916.153 Safari/537.36"
201.211.175.134 - - [18/Jun/2014:17:27:41 -0300] "GET /css/cupertino/jquery-ui-1.8.1.custom.css HTTP/1.1" 200 23396 "http://sgws11.hospedagemdesites.ws/backend.php/despesa/edit/id/48530" "Mozilla/5.0 (Windows NT 6.1) AppleWebKit/537.36 (KHTML, like Gecko) Chrome/35.0.1916.153 Safari/537.36"
201.211.175.134 - - [18/Jun/2014:17:27:42 -0300] "GET /images/logo_cte.png HTTP/1.1" 200 66396 "http://sgws11.hospedagemdesites.ws/backend.php/despesa/edit/id/48530" "Mozilla/5.0 (Windows NT 6.1) AppleWebKit/537.36 (KHTML, like Gecko) Chrome/35.0.1916.153 Safari/537.36"
201.211.175.134 - - [18/Jun/2014:17:27:42 -0300] "GET /images/user.jpg HTTP/1.1" 200 27172 "http://sgws11.hospedagemdesites.ws/backend.php/despesa/edit/id/48530" "Mozilla/5.0 (Windows NT 6.1) AppleWebKit/537.36 (KHTML, like Gecko) Chrome/35.0.1916.153 Safari/537.36"
201.211.175.134 - - [18/Jun/2014:17:27:42 -0300] "POST /backend_dev.php/ajax/getEmpresas HTTP/1.1" 200 1293 "http://sgws11.hospedagemdesites.ws/backend.php/despesa/edit/id/48530" "Mozilla/5.0 (Windows NT 6.1) AppleWebKit/537.36 (KHTML, like Gecko) Chrome/35.0.1916.153 Safari/537.36"
201.211.175.134 - - [18/Jun/2014:17:27:42 -0300] "POST /backend_dev.php/ajax/getTipos HTTP/1.1" 200 647 "http://sgws11.hospedagemdesites.ws/backend.php/despesa/edit/id/48530" "Mozilla/5.0 (Windows NT 6.1) AppleWebKit/537.36 (KHTML, like Gecko) Chrome/35.0.1916.153 Safari/537.36"
201.211.175.134 - - [18/Jun/2014:17:27:42 -0300] "POST /backend_dev.php/ajax/getSubTipos HTTP/1.1" 200 589 "http://sgws11.hospedagemdesites.ws/backend.php/despesa/edit/id/48530" "Mozilla/5.0 (Windows NT 6.1) AppleWebKit/537.36 (KHTML, like Gecko) Chrome/35.0.1916.153 Safari/537.36"
201.211.175.134 - - [18/Jun/2014:17:28:01 -0300] "POST /backend.php/despesa/update/id/48530 HTTP/1.1" 302 125 "http://sgws11.hospedagemdesites.ws/backend.php/despesa/edit/id/48530" "Mozilla/5.0 (Windows NT 6.1) AppleWebKit/537.36 (KHTML, like Gecko) Chrome/35.0.1916.153 Safari/537.36"
189.121.210.226 - - [18/Jun/2014:17:29:36 -0300] "GET /backend.php/tarefa HTTP/1.1" 200 139411 "http://sgws11.hospedagemdesites.ws/backend.php/contas" "Mozilla/5.0 (Windows NT 6.3; WOW64) AppleWebKit/537.36 (KHTML, like Gecko) Chrome/35.0.1916.153 Safari/537.36"
189.121.210.226 - - [18/Jun/2014:17:29:36 -0300] "GET /js/fancybox/jquery.fancybox.css HTTP/1.1" 200 4926 "http://sgws11.hospedagemdesites.ws/backend.php/tarefa" "Mozilla/5.0 (Windows NT 6.3; WOW64) AppleWebKit/537.36 (KHTML, like Gecko) Chrome/35.0.1916.153 Safari/537.36"
189.121.210.226 - - [18/Jun/2014:17:29:37 -0300] "GET /images/icons/list_pessoas.png HTTP/1.1" 200 1535 "http://sgws11.hospedagemdesites.ws/backend.php/tarefa" "Mozilla/5.0 (Windows NT 6.3; WOW64) AppleWebKit/537.36 (KHTML, like Gecko) Chrome/35.0.1916.153 Safari/537.36"
189.121.210.226 - - [18/Jun/2014:17:29:37 -0300] "GET /images/icons/subtipo_pessoas.png HTTP/1.1" 200 1938 "http://sgws11.hospedagemdesites.ws/backend.php/tarefa" "Mozilla/5.0 (Windows NT 6.3; WOW64) AppleWebKit/537.36 (KHTML, like Gecko) Chrome/35.0.1916.153 Safari/537.36"
189.121.210.226 - - [18/Jun/2014:17:29:37 -0300] "GET /images/folder_sent-48.png HTTP/1.1" 200 1821 "http://sgws11.hospedagemdesites.ws/backend.php/tarefa" "Mozilla/5.0 (Windows NT 6.3; WOW64) AppleWebKit/537.36 (KHTML, like Gecko) Chrome/35.0.1916.153 Safari/537.36"
189.121.210.226 - - [18/Jun/2014:17:29:37 -0300] "GET /images/icons/taks.png HTTP/1.1" 200 5402 "http://sgws11.hospedagemdesites.ws/backend.php/tarefa" "Mozilla/5.0 (Windows NT 6.3; WOW64) AppleWebKit/537.36 (KHTML, like Gecko) Chrome/35.0.1916.153 Safari/537.36"
189.121.210.226 - - [18/Jun/2014:17:29:37 -0300] "GET /images/icons/contas.png HTTP/1.1" 200 6344 "http://sgws11.hospedagemdesites.ws/backend.php/tarefa" "Mozilla/5.0 (Windows NT 6.3; WOW64) AppleWebKit/537.36 (KHTML, like Gecko) Chrome/35.0.1916.153 Safari/537.36"
189.121.210.226 - - [18/Jun/2014:17:29:37 -0300] "GET /images/icons/timesheet.png HTTP/1.1" 200 6282 "http://sgws11.hospedagemdesites.ws/backend.php/tarefa" "Mozilla/5.0 (Windows NT 6.3; WOW64) AppleWebKit/537.36 (KHTML, like Gecko) Chrome/35.0.1916.153 Safari/537.36"
189.121.210.226 - - [18/Jun/2014:17:29:37 -0300] "GET /images/icons/faturamento.png HTTP/1.1" 200 7872 "http://sgws11.hospedagemdesites.ws/backend.php/tarefa" "Mozilla/5.0 (Windows NT 6.3; WOW64) AppleWebKit/537.36 (KHTML, like Gecko) Chrome/35.0.1916.153 Safari/537.36"
189.121.210.226 - - [18/Jun/2014:17:29:37 -0300] "GET /images/icons/tools-48.png HTTP/1.1" 200 3213 "http://sgws11.hospedagemdesites.ws/backend.php/tarefa" "Mozilla/5.0 (Windows NT 6.3; WOW64) AppleWebKit/537.36 (KHTML, like Gecko) Chrome/35.0.1916.153 Safari/537.36"
189.121.210.226 - - [18/Jun/2014:17:31:11 -0300] "GET /backend.php/relatorio/wip HTTP/1.1" 200 330172 "http://sgws11.hospedagemdesites.ws/backend.php/tarefa" "Mozilla/5.0 (Windows NT 6.3; WOW64) AppleWebKit/537.36 (KHTML, like Gecko) Chrome/35.0.1916.153 Safari/537.36"
189.121.210.226 - - [18/Jun/2014:17:31:16 -0300] "GET /backend.php/projeto HTTP/1.1" 200 187210 "http://sgws11.hospedagemdesites.ws/backend.php/tarefa" "Mozilla/5.0 (Windows NT 6.3; WOW64) AppleWebKit/537.36 (KHTML, like Gecko) Chrome/35.0.1916.153 Safari/537.36"
189.121.210.226 - - [18/Jun/2014:17:31:23 -0300] "GET /backend.php/projeto HTTP/1.1" 200 187210 "http://sgws11.hospedagemdesites.ws/backend.php/tarefa" "Mozilla/5.0 (Windows NT 6.3; WOW64) AppleWebKit/537.36 (KHTML, like Gecko) Chrome/35.0.1916.153 Safari/537.36"
