179.153.46.45 - - [01/Sep/2014:12:10:48 -0300] "GET /images/magnifier.png HTTP/1.1" 200 716 "http://sgws11.hospedagemdesites.ws/backend_dev.php/projeto" "Mozilla/5.0 (Windows NT 6.3; WOW64) AppleWebKit/537.36 (KHTML, like Gecko) Chrome/36.0.1985.143 Safari/537.36"
179.153.46.45 - - [01/Sep/2014:12:10:48 -0300] "GET /images/icons/perm_1.png HTTP/1.1" 304 - "http://sgws11.hospedagemdesites.ws/backend_dev.php/projeto" "Mozilla/5.0 (Windows NT 6.3; WOW64) AppleWebKit/537.36 (KHTML, like Gecko) Chrome/36.0.1985.143 Safari/537.36"
190.200.155.201 - - [01/Sep/2014:12:11:00 -0300] "GET /backend_dev.php/projeto HTTP/1.1" 200 559971 "-" "Mozilla/5.0 (X11; Linux x86_64) AppleWebKit/537.36 (KHTML, like Gecko) Chrome/36.0.1985.125 Safari/537.36"
190.200.155.201 - - [01/Sep/2014:12:11:03 -0300] "GET /css/projetos.css HTTP/1.1" 304 - "http://sgws11.hospedagemdesites.ws/backend_dev.php/projeto" "Mozilla/5.0 (X11; Linux x86_64) AppleWebKit/537.36 (KHTML, like Gecko) Chrome/36.0.1985.125 Safari/537.36"
179.153.46.45 - - [01/Sep/2014:12:11:24 -0300] "GET /backend_dev.php/despesa/index/id_projeto/2105/id_tarefa/2039 HTTP/1.1" 200 102666 "http://sgws11.hospedagemdesites.ws/backend_dev.php/projeto" "Mozilla/5.0 (Windows NT 6.3; WOW64) AppleWebKit/537.36 (KHTML, like Gecko) Chrome/36.0.1985.143 Safari/537.36"
190.200.155.201 - - [01/Sep/2014:12:11:30 -0300] "GET /backend_dev.php/despesa/index/id_projeto/2105/id_tarefa/2039 HTTP/1.1" 200 102482 "http://sgws11.hospedagemdesites.ws/backend_dev.php/projeto" "Mozilla/5.0 (X11; Linux x86_64) AppleWebKit/537.36 (KHTML, like Gecko) Chrome/36.0.1985.125 Safari/537.36"
179.153.46.45 - - [01/Sep/2014:12:11:32 -0300] "GET /backend_dev.php/despesa/index/id_projeto/2105 HTTP/1.1" 200 100809 "http://sgws11.hospedagemdesites.ws/backend_dev.php/projeto" "Mozilla/5.0 (Windows NT 6.3; WOW64) AppleWebKit/537.36 (KHTML, like Gecko) Chrome/36.0.1985.143 Safari/537.36"
179.153.46.45 - - [01/Sep/2014:12:11:40 -0300] "GET /backend_dev.php/despesa/index/id_projeto/2105/id_tarefa/2039 HTTP/1.1" 200 102635 "http://sgws11.hospedagemdesites.ws/backend_dev.php/projeto" "Mozilla/5.0 (Windows NT 6.3; WOW64) AppleWebKit/537.36 (KHTML, like Gecko) Chrome/36.0.1985.143 Safari/537.36"
179.153.46.45 - - [01/Sep/2014:12:11:41 -0300] "GET /css/validationEngineBackend.jquery.css HTTP/1.1" 304 - "http://sgws11.hospedagemdesites.ws/backend_dev.php/despesa/index/id_projeto/2105/id_tarefa/2039" "Mozilla/5.0 (Windows NT 6.3; WOW64) AppleWebKit/537.36 (KHTML, like Gecko) Chrome/36.0.1985.143 Safari/537.36"
179.153.46.45 - - [01/Sep/2014:12:11:41 -0300] "GET /css/jq/jqueryslidemenu.css HTTP/1.1" 304 - "http://sgws11.hospedagemdesites.ws/backend_dev.php/despesa/index/id_projeto/2105/id_tarefa/2039" "Mozilla/5.0 (Windows NT 6.3; WOW64) AppleWebKit/537.36 (KHTML, like Gecko) Chrome/36.0.1985.143 Safari/537.36"
179.153.46.45 - - [01/Sep/2014:12:11:41 -0300] "GET /css/main.css HTTP/1.1" 304 - "http://sgws11.hospedagemdesites.ws/backend_dev.php/despesa/index/id_projeto/2105/id_tarefa/2039" "Mozilla/5.0 (Windows NT 6.3; WOW64) AppleWebKit/537.36 (KHTML, like Gecko) Chrome/36.0.1985.143 Safari/537.36"
179.153.46.45 - - [01/Sep/2014:12:11:41 -0300] "GET /js/extjs/resources/css/ext-all.css HTTP/1.1" 304 - "http://sgws11.hospedagemdesites.ws/backend_dev.php/despesa/index/id_projeto/2105/id_tarefa/2039" "Mozilla/5.0 (Windows NT 6.3; WOW64) AppleWebKit/537.36 (KHTML, like Gecko) Chrome/36.0.1985.143 Safari/537.36"
179.153.46.45 - - [01/Sep/2014:12:11:41 -0300] "GET /css/cupertino/jquery-ui-1.8.1.custom.css HTTP/1.1" 304 - "http://sgws11.hospedagemdesites.ws/backend_dev.php/despesa/index/id_projeto/2105/id_tarefa/2039" "Mozilla/5.0 (Windows NT 6.3; WOW64) AppleWebKit/537.36 (KHTML, like Gecko) Chrome/36.0.1985.143 Safari/537.36"
179.153.46.45 - - [01/Sep/2014:12:11:45 -0300] "GET /backend_dev.php/despesa/new/id_projeto/2105/id_tarefa/2039 HTTP/1.1" 200 101802 "http://sgws11.hospedagemdesites.ws/backend_dev.php/despesa/index/id_projeto/2105/id_tarefa/2039" "Mozilla/5.0 (Windows NT 6.3; WOW64) AppleWebKit/537.36 (KHTML, like Gecko) Chrome/36.0.1985.143 Safari/537.36"
179.153.46.45 - - [01/Sep/2014:12:11:47 -0300] "GET /css/cupertino/images/ui-bg_highlight-hard_100_f2f5f7_1x100.png HTTP/1.1" 200 103 "http://sgws11.hospedagemdesites.ws/backend_dev.php/despesa/new/id_projeto/2105/id_tarefa/2039" "Mozilla/5.0 (Windows NT 6.3; WOW64) AppleWebKit/537.36 (KHTML, like Gecko) Chrome/36.0.1985.143 Safari/537.36"
179.153.46.45 - - [01/Sep/2014:12:11:47 -0300] "POST /backend_dev.php/ajax/getTipos HTTP/1.1" 200 647 "http://sgws11.hospedagemdesites.ws/backend_dev.php/despesa/new/id_projeto/2105/id_tarefa/2039" "Mozilla/5.0 (Windows NT 6.3; WOW64) AppleWebKit/537.36 (KHTML, like Gecko) Chrome/36.0.1985.143 Safari/537.36"
179.153.46.45 - - [01/Sep/2014:12:11:49 -0300] "GET /images/bck_button_over.png HTTP/1.1" 200 137 "http://sgws11.hospedagemdesites.ws/backend_dev.php/despesa/new/id_projeto/2105/id_tarefa/2039" "Mozilla/5.0 (Windows NT 6.3; WOW64) AppleWebKit/537.36 (KHTML, like Gecko) Chrome/36.0.1985.143 Safari/537.36"
179.153.46.45 - - [01/Sep/2014:12:11:49 -0300] "GET /css/cupertino/images/ui-bg_highlight-soft_25_ffef8f_1x100.png HTTP/1.1" 200 153 "http://sgws11.hospedagemdesites.ws/backend_dev.php/despesa/new/id_projeto/2105/id_tarefa/2039" "Mozilla/5.0 (Windows NT 6.3; WOW64) AppleWebKit/537.36 (KHTML, like Gecko) Chrome/36.0.1985.143 Safari/537.36"
179.153.46.45 - - [01/Sep/2014:12:11:49 -0300] "GET /css/cupertino/images/ui-bg_highlight-soft_100_deedf7_1x100.png HTTP/1.1" 200 143 "http://sgws11.hospedagemdesites.ws/backend_dev.php/despesa/new/id_projeto/2105/id_tarefa/2039" "Mozilla/5.0 (Windows NT 6.3; WOW64) AppleWebKit/537.36 (KHTML, like Gecko) Chrome/36.0.1985.143 Safari/537.36"
179.153.46.45 - - [01/Sep/2014:12:11:49 -0300] "GET /css/cupertino/images/ui-bg_glass_80_d7ebf9_1x400.png HTTP/1.1" 200 124 "http://sgws11.hospedagemdesites.ws/backend_dev.php/despesa/new/id_projeto/2105/id_tarefa/2039" "Mozilla/5.0 (Windows NT 6.3; WOW64) AppleWebKit/537.36 (KHTML, like Gecko) Chrome/36.0.1985.143 Safari/537.36"
179.153.46.45 - - [01/Sep/2014:12:11:49 -0300] "GET /css/cupertino/images/ui-icons_72a7cf_256x240.png HTTP/1.1" 200 4369 "http://sgws11.hospedagemdesites.ws/backend_dev.php/despesa/new/id_projeto/2105/id_tarefa/2039" "Mozilla/5.0 (Windows NT 6.3; WOW64) AppleWebKit/537.36 (KHTML, like Gecko) Chrome/36.0.1985.143 Safari/537.36"
179.153.46.45 - - [01/Sep/2014:12:11:49 -0300] "GET /css/cupertino/images/ui-bg_glass_100_e4f1fb_1x400.png HTTP/1.1" 200 119 "http://sgws11.hospedagemdesites.ws/backend_dev.php/despesa/new/id_projeto/2105/id_tarefa/2039" "Mozilla/5.0 (Windows NT 6.3; WOW64) AppleWebKit/537.36 (KHTML, like Gecko) Chrome/36.0.1985.143 Safari/537.36"
190.200.155.201 - - [01/Sep/2014:12:12:16 -0300] "GET /backend_dev.php/despesa/index/id_projeto/2105/id_tarefa/2039 HTTP/1.1" 200 102483 "http://sgws11.hospedagemdesites.ws/backend_dev.php/projeto" "Mozilla/5.0 (X11; Linux x86_64) AppleWebKit/537.36 (KHTML, like Gecko) Chrome/36.0.1985.125 Safari/537.36"
179.153.46.45 - - [01/Sep/2014:12:12:20 -0300] "GET /backend_dev.php/despesa/index/id_projeto/2105/id_tarefa/2039 HTTP/1.1" 200 102639 "http://sgws11.hospedagemdesites.ws/backend_dev.php/projeto" "Mozilla/5.0 (Windows NT 6.3; WOW64) AppleWebKit/537.36 (KHTML, like Gecko) Chrome/36.0.1985.143 Safari/537.36"
190.200.155.201 - - [01/Sep/2014:12:12:22 -0300] "GET /backend_dev.php/despesa/new/id_projeto/2105/id_tarefa/2039 HTTP/1.1" 200 101642 "http://sgws11.hospedagemdesites.ws/backend_dev.php/despesa/index/id_projeto/2105/id_tarefa/2039" "Mozilla/5.0 (X11; Linux x86_64) AppleWebKit/537.36 (KHTML, like Gecko) Chrome/36.0.1985.125 Safari/537.36"
179.153.46.45 - - [01/Sep/2014:12:12:24 -0300] "GET /backend_dev.php/despesa/new/id_projeto/2105/id_tarefa/2039 HTTP/1.1" 200 101798 "http://sgws11.hospedagemdesites.ws/backend_dev.php/despesa/index/id_projeto/2105/id_tarefa/2039" "Mozilla/5.0 (Windows NT 6.3; WOW64) AppleWebKit/537.36 (KHTML, like Gecko) Chrome/36.0.1985.143 Safari/537.36"
190.200.155.201 - - [01/Sep/2014:12:12:25 -0300] "POST /backend_dev.php/ajax/getTipos HTTP/1.1" 200 647 "http://sgws11.hospedagemdesites.ws/backend_dev.php/despesa/new/id_projeto/2105/id_tarefa/2039" "Mozilla/5.0 (X11; Linux x86_64) AppleWebKit/537.36 (KHTML, like Gecko) Chrome/36.0.1985.125 Safari/537.36"
179.153.46.45 - - [01/Sep/2014:12:12:25 -0300] "POST /backend_dev.php/ajax/getTipos HTTP/1.1" 200 647 "http://sgws11.hospedagemdesites.ws/backend_dev.php/despesa/new/id_projeto/2105/id_tarefa/2039" "Mozilla/5.0 (Windows NT 6.3; WOW64) AppleWebKit/537.36 (KHTML, like Gecko) Chrome/36.0.1985.143 Safari/537.36"
179.153.46.45 - - [01/Sep/2014:12:12:31 -0300] "POST /backend_dev.php/ajax/getSubTipos HTTP/1.1" 200 589 "http://sgws11.hospedagemdesites.ws/backend_dev.php/despesa/new/id_projeto/2105/id_tarefa/2039" "Mozilla/5.0 (Windows NT 6.3; WOW64) AppleWebKit/537.36 (KHTML, like Gecko) Chrome/36.0.1985.143 Safari/537.36"
179.153.46.45 - - [01/Sep/2014:12:12:34 -0300] "POST /backend_dev.php/ajax/getEmpresas HTTP/1.1" 200 833 "http://sgws11.hospedagemdesites.ws/backend_dev.php/despesa/new/id_projeto/2105/id_tarefa/2039" "Mozilla/5.0 (Windows NT 6.3; WOW64) AppleWebKit/537.36 (KHTML, like Gecko) Chrome/36.0.1985.143 Safari/537.36"
179.153.46.45 - - [01/Sep/2014:12:12:47 -0300] "POST /backend_dev.php/despesa/saveDespesa HTTP/1.1" 302 164 "http://sgws11.hospedagemdesites.ws/backend_dev.php/despesa/new/id_projeto/2105/id_tarefa/2039" "Mozilla/5.0 (Windows NT 6.3; WOW64) AppleWebKit/537.36 (KHTML, like Gecko) Chrome/36.0.1985.143 Safari/537.36"
179.153.46.45 - - [01/Sep/2014:12:12:48 -0300] "GET /backend_dev.php/despesa?id_projeto=2105&id_tarefa=2039 HTTP/1.1" 200 102491 "http://sgws11.hospedagemdesites.ws/backend_dev.php/despesa/new/id_projeto/2105/id_tarefa/2039" "Mozilla/5.0 (Windows NT 6.3; WOW64) AppleWebKit/537.36 (KHTML, like Gecko) Chrome/36.0.1985.143 Safari/537.36"
179.153.46.45 - - [01/Sep/2014:12:13:02 -0300] "GET /backend_dev.php/despesa?id_projeto=2105&id_tarefa=2039 HTTP/1.1" 200 102487 "http://sgws11.hospedagemdesites.ws/backend_dev.php/despesa/new/id_projeto/2105/id_tarefa/2039" "Mozilla/5.0 (Windows NT 6.3; WOW64) AppleWebKit/537.36 (KHTML, like Gecko) Chrome/36.0.1985.143 Safari/537.36"
190.200.155.201 - - [01/Sep/2014:12:13:04 -0300] "GET /backend_dev.php/projeto HTTP/1.1" 200 559972 "-" "Mozilla/5.0 (X11; Linux x86_64) AppleWebKit/537.36 (KHTML, like Gecko) Chrome/36.0.1985.125 Safari/537.36"
190.200.155.201 - - [01/Sep/2014:12:13:06 -0300] "GET /js/fancybox/jquery.fancybox.css HTTP/1.1" 304 - "http://sgws11.hospedagemdesites.ws/backend_dev.php/projeto" "Mozilla/5.0 (X11; Linux x86_64) AppleWebKit/537.36 (KHTML, like Gecko) Chrome/36.0.1985.125 Safari/537.36"
190.200.155.201 - - [01/Sep/2014:12:13:07 -0300] "GET /sf/sf_web_debug/images/sf.png HTTP/1.1" 404 1348 "http://sgws11.hospedagemdesites.ws/backend_dev.php/projeto" "Mozilla/5.0 (X11; Linux x86_64) AppleWebKit/537.36 (KHTML, like Gecko) Chrome/36.0.1985.125 Safari/537.36"
190.200.155.201 - - [01/Sep/2014:12:13:07 -0300] "GET /sf/sf_web_debug/images/database.png HTTP/1.1" 404 1348 "http://sgws11.hospedagemdesites.ws/backend_dev.php/projeto" "Mozilla/5.0 (X11; Linux x86_64) AppleWebKit/537.36 (KHTML, like Gecko) Chrome/36.0.1985.125 Safari/537.36"
190.200.155.201 - - [01/Sep/2014:12:13:08 -0300] "GET /sf/sf_web_debug/images/view.png HTTP/1.1" 404 1348 "http://sgws11.hospedagemdesites.ws/backend_dev.php/projeto" "Mozilla/5.0 (X11; Linux x86_64) AppleWebKit/537.36 (KHTML, like Gecko) Chrome/36.0.1985.125 Safari/537.36"
190.200.155.201 - - [01/Sep/2014:12:13:08 -0300] "GET /sf/sf_web_debug/images/memory.png HTTP/1.1" 404 1348 "http://sgws11.hospedagemdesites.ws/backend_dev.php/projeto" "Mozilla/5.0 (X11; Linux x86_64) AppleWebKit/537.36 (KHTML, like Gecko) Chrome/36.0.1985.125 Safari/537.36"
190.200.155.201 - - [01/Sep/2014:12:13:08 -0300] "GET /sf/sf_web_debug/images/config.png HTTP/1.1" 404 1348 "http://sgws11.hospedagemdesites.ws/backend_dev.php/projeto" "Mozilla/5.0 (X11; Linux x86_64) AppleWebKit/537.36 (KHTML, like Gecko) Chrome/36.0.1985.125 Safari/537.36"
190.200.155.201 - - [01/Sep/2014:12:13:08 -0300] "GET /sf/sf_web_debug/images/close.png HTTP/1.1" 404 1348 "http://sgws11.hospedagemdesites.ws/backend_dev.php/projeto" "Mozilla/5.0 (X11; Linux x86_64) AppleWebKit/537.36 (KHTML, like Gecko) Chrome/36.0.1985.125 Safari/537.36"
190.200.155.201 - - [01/Sep/2014:12:13:08 -0300] "GET /sf/sf_web_debug/images/time.png HTTP/1.1" 404 1348 "http://sgws11.hospedagemdesites.ws/backend_dev.php/projeto" "Mozilla/5.0 (X11; Linux x86_64) AppleWebKit/537.36 (KHTML, like Gecko) Chrome/36.0.1985.125 Safari/537.36"
190.200.155.201 - - [01/Sep/2014:12:13:08 -0300] "GET /sf/sf_web_debug/images/log.png HTTP/1.1" 404 1348 "http://sgws11.hospedagemdesites.ws/backend_dev.php/projeto" "Mozilla/5.0 (X11; Linux x86_64) AppleWebKit/537.36 (KHTML, like Gecko) Chrome/36.0.1985.125 Safari/537.36"
190.200.155.201 - - [01/Sep/2014:12:13:09 -0300] "GET /sf/sf_web_debug/images/toggle.gif HTTP/1.1" 404 1348 "http://sgws11.hospedagemdesites.ws/backend_dev.php/projeto" "Mozilla/5.0 (X11; Linux x86_64) AppleWebKit/537.36 (KHTML, like Gecko) Chrome/36.0.1985.125 Safari/537.36"
190.200.155.201 - - [01/Sep/2014:12:13:09 -0300] "GET /sf/sf_web_debug/images/info.png HTTP/1.1" 404 1348 "http://sgws11.hospedagemdesites.ws/backend_dev.php/projeto" "Mozilla/5.0 (X11; Linux x86_64) AppleWebKit/537.36 (KHTML, like Gecko) Chrome/36.0.1985.125 Safari/537.36"
190.200.155.201 - - [01/Sep/2014:12:13:09 -0300] "GET /sf/sf_web_debug/images/warning.png HTTP/1.1" 404 1348 "http://sgws11.hospedagemdesites.ws/backend_dev.php/projeto" "Mozilla/5.0 (X11; Linux x86_64) AppleWebKit/537.36 (KHTML, like Gecko) Chrome/36.0.1985.125 Safari/537.36"
190.200.155.201 - - [01/Sep/2014:12:13:09 -0300] "GET /sf/sf_web_debug/images/error.png HTTP/1.1" 404 1348 "http://sgws11.hospedagemdesites.ws/backend_dev.php/projeto" "Mozilla/5.0 (X11; Linux x86_64) AppleWebKit/537.36 (KHTML, like Gecko) Chrome/36.0.1985.125 Safari/537.36"
179.153.46.45 - - [01/Sep/2014:12:13:15 -0300] "POST /backend_dev.php/ajax/getTipos HTTP/1.1" 200 647 "http://sgws11.hospedagemdesites.ws/backend_dev.php/despesa/new/id_projeto/2105/id_tarefa/2039" "Mozilla/5.0 (Windows NT 6.3; WOW64) AppleWebKit/537.36 (KHTML, like Gecko) Chrome/36.0.1985.143 Safari/537.36"
190.200.155.201 - - [01/Sep/2014:12:13:19 -0300] "GET /backend_dev.php/despesa/index/id_projeto/2105 HTTP/1.1" 200 100549 "-" "Mozilla/5.0 (X11; Linux x86_64) AppleWebKit/537.36 (KHTML, like Gecko) Chrome/36.0.1985.125 Safari/537.36"
190.200.155.201 - - [01/Sep/2014:12:13:22 -0300] "GET /uploads/users/med_4_logoecusbrface.jpg HTTP/1.1" 404 1392 "http://sgws11.hospedagemdesites.ws/backend_dev.php/despesa/index/id_projeto/2105" "Mozilla/5.0 (X11; Linux x86_64) AppleWebKit/537.36 (KHTML, like Gecko) Chrome/36.0.1985.125 Safari/537.36"
179.153.46.45 - - [01/Sep/2014:12:13:30 -0300] "GET /backend_dev.php/despesa/index/id_projeto/2105 HTTP/1.1" 200 100811 "http://sgws11.hospedagemdesites.ws/backend_dev.php/projeto" "Mozilla/5.0 (Windows NT 6.3; WOW64) AppleWebKit/537.36 (KHTML, like Gecko) Chrome/36.0.1985.143 Safari/537.36"
190.200.155.201 - - [01/Sep/2014:12:13:35 -0300] "GET /backend_dev.php/despesa/index/id_projeto/2105 HTTP/1.1" 200 100656 "http://sgws11.hospedagemdesites.ws/backend_dev.php/projeto" "Mozilla/5.0 (X11; Linux x86_64) AppleWebKit/537.36 (KHTML, like Gecko) Chrome/36.0.1985.125 Safari/537.36"
179.153.46.45 - - [01/Sep/2014:12:13:49 -0300] "GET /backend_dev.php/despesa/index/id_projeto/2106 HTTP/1.1" 200 123935 "http://sgws11.hospedagemdesites.ws/backend_dev.php/projeto" "Mozilla/5.0 (Windows NT 6.3; WOW64) AppleWebKit/537.36 (KHTML, like Gecko) Chrome/36.0.1985.143 Safari/537.36"
179.153.46.45 - - [01/Sep/2014:12:13:51 -0300] "GET /images/icons/informacoe.png HTTP/1.1" 304 - "http://sgws11.hospedagemdesites.ws/backend_dev.php/despesa/index/id_projeto/2106" "Mozilla/5.0 (Windows NT 6.3; WOW64) AppleWebKit/537.36 (KHTML, like Gecko) Chrome/36.0.1985.143 Safari/537.36"
179.153.46.45 - - [01/Sep/2014:12:13:51 -0300] "GET /images/0.png HTTP/1.1" 304 - "http://sgws11.hospedagemdesites.ws/backend_dev.php/despesa/index/id_projeto/2106" "Mozilla/5.0 (Windows NT 6.3; WOW64) AppleWebKit/537.36 (KHTML, like Gecko) Chrome/36.0.1985.143 Safari/537.36"
179.153.46.45 - - [01/Sep/2014:12:13:56 -0300] "GET /backend_dev.php/despesa/index/id_projeto/2105 HTTP/1.1" 200 100813 "http://sgws11.hospedagemdesites.ws/backend_dev.php/projeto" "Mozilla/5.0 (Windows NT 6.3; WOW64) AppleWebKit/537.36 (KHTML, like Gecko) Chrome/36.0.1985.143 Safari/537.36"
179.153.46.45 - - [01/Sep/2014:12:16:24 -0300] "GET /backend_dev.php/projeto HTTP/1.1" 200 560263 "http://sgws11.hospedagemdesites.ws/backend_dev.php/home" "Mozilla/5.0 (Windows NT 6.3; WOW64) AppleWebKit/537.36 (KHTML, like Gecko) Chrome/36.0.1985.143 Safari/537.36"
179.153.46.45 - - [01/Sep/2014:12:16:27 -0300] "GET /css/main.css HTTP/1.1" 304 - "http://sgws11.hospedagemdesites.ws/backend_dev.php/projeto" "Mozilla/5.0 (Windows NT 6.3; WOW64) AppleWebKit/537.36 (KHTML, like Gecko) Chrome/36.0.1985.143 Safari/537.36"
179.153.46.45 - - [01/Sep/2014:12:16:27 -0300] "GET /css/jq/jqueryslidemenu.css HTTP/1.1" 304 - "http://sgws11.hospedagemdesites.ws/backend_dev.php/projeto" "Mozilla/5.0 (Windows NT 6.3; WOW64) AppleWebKit/537.36 (KHTML, like Gecko) Chrome/36.0.1985.143 Safari/537.36"
179.153.46.45 - - [01/Sep/2014:12:16:27 -0300] "GET /css/validationEngineBackend.jquery.css HTTP/1.1" 304 - "http://sgws11.hospedagemdesites.ws/backend_dev.php/projeto" "Mozilla/5.0 (Windows NT 6.3; WOW64) AppleWebKit/537.36 (KHTML, like Gecko) Chrome/36.0.1985.143 Safari/537.36"
179.153.46.45 - - [01/Sep/2014:12:16:27 -0300] "GET /js/extjs/resources/css/ext-all.css HTTP/1.1" 304 - "http://sgws11.hospedagemdesites.ws/backend_dev.php/projeto" "Mozilla/5.0 (Windows NT 6.3; WOW64) AppleWebKit/537.36 (KHTML, like Gecko) Chrome/36.0.1985.143 Safari/537.36"
179.153.46.45 - - [01/Sep/2014:12:16:27 -0300] "GET /css/cupertino/jquery-ui-1.8.1.custom.css HTTP/1.1" 304 - "http://sgws11.hospedagemdesites.ws/backend_dev.php/projeto" "Mozilla/5.0 (Windows NT 6.3; WOW64) AppleWebKit/537.36 (KHTML, like Gecko) Chrome/36.0.1985.143 Safari/537.36"
179.153.46.45 - - [01/Sep/2014:12:16:27 -0300] "GET /js/fancybox/jquery.fancybox.css HTTP/1.1" 304 - "http://sgws11.hospedagemdesites.ws/backend_dev.php/projeto" "Mozilla/5.0 (Windows NT 6.3; WOW64) AppleWebKit/537.36 (KHTML, like Gecko) Chrome/36.0.1985.143 Safari/537.36"
179.153.46.45 - - [01/Sep/2014:12:16:27 -0300] "GET /css/projetos.css HTTP/1.1" 304 - "http://sgws11.hospedagemdesites.ws/backend_dev.php/projeto" "Mozilla/5.0 (Windows NT 6.3; WOW64) AppleWebKit/537.36 (KHTML, like Gecko) Chrome/36.0.1985.143 Safari/537.36"
179.153.46.45 - - [01/Sep/2014:12:16:27 -0300] "GET /js/jq/accordionmenu.js HTTP/1.1" 304 - "http://sgws11.hospedagemdesites.ws/backend_dev.php/projeto" "Mozilla/5.0 (Windows NT 6.3; WOW64) AppleWebKit/537.36 (KHTML, like Gecko) Chrome/36.0.1985.143 Safari/537.36"
179.153.46.45 - - [01/Sep/2014:12:16:27 -0300] "GET /images/logo_cte.png HTTP/1.1" 304 - "http://sgws11.hospedagemdesites.ws/backend_dev.php/projeto" "Mozilla/5.0 (Windows NT 6.3; WOW64) AppleWebKit/537.36 (KHTML, like Gecko) Chrome/36.0.1985.143 Safari/537.36"
179.153.46.45 - - [01/Sep/2014:12:16:27 -0300] "GET /images/icons/bell.png HTTP/1.1" 304 - "http://sgws11.hospedagemdesites.ws/backend_dev.php/projeto" "Mozilla/5.0 (Windows NT 6.3; WOW64) AppleWebKit/537.36 (KHTML, like Gecko) Chrome/36.0.1985.143 Safari/537.36"
179.153.46.45 - - [01/Sep/2014:12:16:27 -0300] "GET /uploads/users/med_4_logoecusbrface.jpg HTTP/1.1" 404 1356 "http://sgws11.hospedagemdesites.ws/backend_dev.php/projeto" "Mozilla/5.0 (Windows NT 6.3; WOW64) AppleWebKit/537.36 (KHTML, like Gecko) Chrome/36.0.1985.143 Safari/537.36"
179.153.46.45 - - [01/Sep/2014:12:16:27 -0300] "GET /images/icons/list_pessoas.png HTTP/1.1" 304 - "http://sgws11.hospedagemdesites.ws/backend_dev.php/projeto" "Mozilla/5.0 (Windows NT 6.3; WOW64) AppleWebKit/537.36 (KHTML, like Gecko) Chrome/36.0.1985.143 Safari/537.36"
179.153.46.45 - - [01/Sep/2014:12:16:27 -0300] "GET /images/icons/subtipo_pessoas.png HTTP/1.1" 304 - "http://sgws11.hospedagemdesites.ws/backend_dev.php/projeto" "Mozilla/5.0 (Windows NT 6.3; WOW64) AppleWebKit/537.36 (KHTML, like Gecko) Chrome/36.0.1985.143 Safari/537.36"
179.153.46.45 - - [01/Sep/2014:12:16:27 -0300] "GET /images/folder_sent-48.png HTTP/1.1" 304 - "http://sgws11.hospedagemdesites.ws/backend_dev.php/projeto" "Mozilla/5.0 (Windows NT 6.3; WOW64) AppleWebKit/537.36 (KHTML, like Gecko) Chrome/36.0.1985.143 Safari/537.36"
179.153.46.45 - - [01/Sep/2014:12:16:27 -0300] "GET /images/icons/taks.png HTTP/1.1" 304 - "http://sgws11.hospedagemdesites.ws/backend_dev.php/projeto" "Mozilla/5.0 (Windows NT 6.3; WOW64) AppleWebKit/537.36 (KHTML, like Gecko) Chrome/36.0.1985.143 Safari/537.36"
179.153.46.45 - - [01/Sep/2014:12:16:27 -0300] "GET /images/icons/timesheet.png HTTP/1.1" 304 - "http://sgws11.hospedagemdesites.ws/backend_dev.php/projeto" "Mozilla/5.0 (Windows NT 6.3; WOW64) AppleWebKit/537.36 (KHTML, like Gecko) Chrome/36.0.1985.143 Safari/537.36"
179.153.46.45 - - [01/Sep/2014:12:16:27 -0300] "GET /images/icons/contas.png HTTP/1.1" 304 - "http://sgws11.hospedagemdesites.ws/backend_dev.php/projeto" "Mozilla/5.0 (Windows NT 6.3; WOW64) AppleWebKit/537.36 (KHTML, like Gecko) Chrome/36.0.1985.143 Safari/537.36"
179.153.46.45 - - [01/Sep/2014:12:16:27 -0300] "GET /images/icons/tools-48.png HTTP/1.1" 304 - "http://sgws11.hospedagemdesites.ws/backend_dev.php/projeto" "Mozilla/5.0 (Windows NT 6.3; WOW64) AppleWebKit/537.36 (KHTML, like Gecko) Chrome/36.0.1985.143 Safari/537.36"
179.153.46.45 - - [01/Sep/2014:12:16:27 -0300] "GET /images/icons/faturamento.png HTTP/1.1" 304 - "http://sgws11.hospedagemdesites.ws/backend_dev.php/projeto" "Mozilla/5.0 (Windows NT 6.3; WOW64) AppleWebKit/537.36 (KHTML, like Gecko) Chrome/36.0.1985.143 Safari/537.36"
179.153.46.45 - - [01/Sep/2014:12:16:27 -0300] "GET /images/icons/financeiro.png HTTP/1.1" 304 - "http://sgws11.hospedagemdesites.ws/backend_dev.php/projeto" "Mozilla/5.0 (Windows NT 6.3; WOW64) AppleWebKit/537.36 (KHTML, like Gecko) Chrome/36.0.1985.143 Safari/537.36"
179.153.46.45 - - [01/Sep/2014:12:16:27 -0300] "GET /images/icons/icon_tarefa_mini.png HTTP/1.1" 304 - "http://sgws11.hospedagemdesites.ws/backend_dev.php/projeto" "Mozilla/5.0 (Windows NT 6.3; WOW64) AppleWebKit/537.36 (KHTML, like Gecko) Chrome/36.0.1985.143 Safari/537.36"
179.153.46.45 - - [01/Sep/2014:12:16:27 -0300] "GET /images/legenda-projetos.jpg HTTP/1.1" 304 - "http://sgws11.hospedagemdesites.ws/backend_dev.php/projeto" "Mozilla/5.0 (Windows NT 6.3; WOW64) AppleWebKit/537.36 (KHTML, like Gecko) Chrome/36.0.1985.143 Safari/537.36"
179.153.46.45 - - [01/Sep/2014:12:16:27 -0300] "GET /images/icons/mas_info.png HTTP/1.1" 304 - "http://sgws11.hospedagemdesites.ws/backend_dev.php/projeto" "Mozilla/5.0 (Windows NT 6.3; WOW64) AppleWebKit/537.36 (KHTML, like Gecko) Chrome/36.0.1985.143 Safari/537.36"
179.153.46.45 - - [01/Sep/2014:12:16:27 -0300] "GET /images/icons/neg_1.png HTTP/1.1" 304 - "http://sgws11.hospedagemdesites.ws/backend_dev.php/projeto" "Mozilla/5.0 (Windows NT 6.3; WOW64) AppleWebKit/537.36 (KHTML, like Gecko) Chrome/36.0.1985.143 Safari/537.36"
179.153.46.45 - - [01/Sep/2014:12:16:27 -0300] "GET /images/icons/status_pagamento.png HTTP/1.1" 304 - "http://sgws11.hospedagemdesites.ws/backend_dev.php/projeto" "Mozilla/5.0 (Windows NT 6.3; WOW64) AppleWebKit/537.36 (KHTML, like Gecko) Chrome/36.0.1985.143 Safari/537.36"
179.153.46.45 - - [01/Sep/2014:12:16:27 -0300] "GET /images/icons/rate.png HTTP/1.1" 304 - "http://sgws11.hospedagemdesites.ws/backend_dev.php/projeto" "Mozilla/5.0 (Windows NT 6.3; WOW64) AppleWebKit/537.36 (KHTML, like Gecko) Chrome/36.0.1985.143 Safari/537.36"
179.153.46.45 - - [01/Sep/2014:12:16:27 -0300] "GET /images/icons/tipo_despesa.png HTTP/1.1" 304 - "http://sgws11.hospedagemdesites.ws/backend_dev.php/projeto" "Mozilla/5.0 (Windows NT 6.3; WOW64) AppleWebKit/537.36 (KHTML, like Gecko) Chrome/36.0.1985.143 Safari/537.36"
179.153.46.45 - - [01/Sep/2014:12:16:27 -0300] "GET /images/icons/perm_1.png HTTP/1.1" 304 - "http://sgws11.hospedagemdesites.ws/backend_dev.php/projeto" "Mozilla/5.0 (Windows NT 6.3; WOW64) AppleWebKit/537.36 (KHTML, like Gecko) Chrome/36.0.1985.143 Safari/537.36"
179.153.46.45 - - [01/Sep/2014:12:16:27 -0300] "GET /images/icons/reg_activity_2.png HTTP/1.1" 304 - "http://sgws11.hospedagemdesites.ws/backend_dev.php/projeto" "Mozilla/5.0 (Windows NT 6.3; WOW64) AppleWebKit/537.36 (KHTML, like Gecko) Chrome/36.0.1985.143 Safari/537.36"
179.153.46.45 - - [01/Sep/2014:12:16:27 -0300] "GET /sf/sf_web_debug/images/sf.png HTTP/1.1" 404 1356 "http://sgws11.hospedagemdesites.ws/backend_dev.php/projeto" "Mozilla/5.0 (Windows NT 6.3; WOW64) AppleWebKit/537.36 (KHTML, like Gecko) Chrome/36.0.1985.143 Safari/537.36"
179.153.46.45 - - [01/Sep/2014:12:16:27 -0300] "GET /sf/sf_web_debug/images/log.png HTTP/1.1" 404 1356 "http://sgws11.hospedagemdesites.ws/backend_dev.php/projeto" "Mozilla/5.0 (Windows NT 6.3; WOW64) AppleWebKit/537.36 (KHTML, like Gecko) Chrome/36.0.1985.143 Safari/537.36"
179.153.46.45 - - [01/Sep/2014:12:16:27 -0300] "GET /sf/sf_web_debug/images/view.png HTTP/1.1" 404 1356 "http://sgws11.hospedagemdesites.ws/backend_dev.php/projeto" "Mozilla/5.0 (Windows NT 6.3; WOW64) AppleWebKit/537.36 (KHTML, like Gecko) Chrome/36.0.1985.143 Safari/537.36"
179.153.46.45 - - [01/Sep/2014:12:16:27 -0300] "GET /sf/sf_web_debug/images/memory.png HTTP/1.1" 404 1356 "http://sgws11.hospedagemdesites.ws/backend_dev.php/projeto" "Mozilla/5.0 (Windows NT 6.3; WOW64) AppleWebKit/537.36 (KHTML, like Gecko) Chrome/36.0.1985.143 Safari/537.36"
179.153.46.45 - - [01/Sep/2014:12:16:27 -0300] "GET /sf/sf_web_debug/images/config.png HTTP/1.1" 404 1356 "http://sgws11.hospedagemdesites.ws/backend_dev.php/projeto" "Mozilla/5.0 (Windows NT 6.3; WOW64) AppleWebKit/537.36 (KHTML, like Gecko) Chrome/36.0.1985.143 Safari/537.36"
179.153.46.45 - - [01/Sep/2014:12:16:27 -0300] "GET /sf/sf_web_debug/images/time.png HTTP/1.1" 404 1356 "http://sgws11.hospedagemdesites.ws/backend_dev.php/projeto" "Mozilla/5.0 (Windows NT 6.3; WOW64) AppleWebKit/537.36 (KHTML, like Gecko) Chrome/36.0.1985.143 Safari/537.36"
179.153.46.45 - - [01/Sep/2014:12:16:27 -0300] "GET /sf/sf_web_debug/images/database.png HTTP/1.1" 404 1356 "http://sgws11.hospedagemdesites.ws/backend_dev.php/projeto" "Mozilla/5.0 (Windows NT 6.3; WOW64) AppleWebKit/537.36 (KHTML, like Gecko) Chrome/36.0.1985.143 Safari/537.36"
179.153.46.45 - - [01/Sep/2014:12:16:27 -0300] "GET /sf/sf_web_debug/images/close.png HTTP/1.1" 404 1356 "http://sgws11.hospedagemdesites.ws/backend_dev.php/projeto" "Mozilla/5.0 (Windows NT 6.3; WOW64) AppleWebKit/537.36 (KHTML, like Gecko) Chrome/36.0.1985.143 Safari/537.36"
179.153.46.45 - - [01/Sep/2014:12:16:27 -0300] "GET /sf/sf_web_debug/images/toggle.gif HTTP/1.1" 404 1356 "http://sgws11.hospedagemdesites.ws/backend_dev.php/projeto" "Mozilla/5.0 (Windows NT 6.3; WOW64) AppleWebKit/537.36 (KHTML, like Gecko) Chrome/36.0.1985.143 Safari/537.36"
179.153.46.45 - - [01/Sep/2014:12:16:27 -0300] "GET /sf/sf_web_debug/images/info.png HTTP/1.1" 404 1356 "http://sgws11.hospedagemdesites.ws/backend_dev.php/projeto" "Mozilla/5.0 (Windows NT 6.3; WOW64) AppleWebKit/537.36 (KHTML, like Gecko) Chrome/36.0.1985.143 Safari/537.36"
179.153.46.45 - - [01/Sep/2014:12:16:27 -0300] "GET /sf/sf_web_debug/images/error.png HTTP/1.1" 404 1356 "http://sgws11.hospedagemdesites.ws/backend_dev.php/projeto" "Mozilla/5.0 (Windows NT 6.3; WOW64) AppleWebKit/537.36 (KHTML, like Gecko) Chrome/36.0.1985.143 Safari/537.36"
179.153.46.45 - - [01/Sep/2014:12:16:27 -0300] "GET /sf/sf_web_debug/images/warning.png HTTP/1.1" 404 1356 "http://sgws11.hospedagemdesites.ws/backend_dev.php/projeto" "Mozilla/5.0 (Windows NT 6.3; WOW64) AppleWebKit/537.36 (KHTML, like Gecko) Chrome/36.0.1985.143 Safari/537.36"
179.153.46.45 - - [01/Sep/2014:12:16:35 -0300] "GET /backend_dev.php/despesa/index/id_projeto/2106 HTTP/1.1" 200 123902 "http://sgws11.hospedagemdesites.ws/backend_dev.php/projeto" "Mozilla/5.0 (Windows NT 6.3; WOW64) AppleWebKit/537.36 (KHTML, like Gecko) Chrome/36.0.1985.143 Safari/537.36"
190.200.155.201 - - [01/Sep/2014:12:16:39 -0300] "GET /backend_dev.php/despesa/index/id_projeto/2106 HTTP/1.1" 200 123747 "http://sgws11.hospedagemdesites.ws/backend_dev.php/projeto" "Mozilla/5.0 (X11; Linux x86_64) AppleWebKit/537.36 (KHTML, like Gecko) Chrome/36.0.1985.125 Safari/537.36"
190.200.155.201 - - [01/Sep/2014:12:16:41 -0300] "GET /images/bck_top.png HTTP/1.1" 304 - "http://sgws11.hospedagemdesites.ws/backend_dev.php/despesa/index/id_projeto/2106" "Mozilla/5.0 (X11; Linux x86_64) AppleWebKit/537.36 (KHTML, like Gecko) Chrome/36.0.1985.125 Safari/537.36"
190.200.155.201 - - [01/Sep/2014:12:16:41 -0300] "GET /images/icons/icon_projeto.png HTTP/1.1" 304 - "http://sgws11.hospedagemdesites.ws/backend_dev.php/despesa/index/id_projeto/2106" "Mozilla/5.0 (X11; Linux x86_64) AppleWebKit/537.36 (KHTML, like Gecko) Chrome/36.0.1985.125 Safari/537.36"
190.200.155.201 - - [01/Sep/2014:12:16:41 -0300] "GET /images/icons/plus.png HTTP/1.1" 304 - "http://sgws11.hospedagemdesites.ws/backend_dev.php/despesa/index/id_projeto/2106" "Mozilla/5.0 (X11; Linux x86_64) AppleWebKit/537.36 (KHTML, like Gecko) Chrome/36.0.1985.125 Safari/537.36"
190.200.155.201 - - [01/Sep/2014:12:16:42 -0300] "GET /images/bck_menu_top.png HTTP/1.1" 304 - "http://sgws11.hospedagemdesites.ws/backend_dev.php/despesa/index/id_projeto/2106" "Mozilla/5.0 (X11; Linux x86_64) AppleWebKit/537.36 (KHTML, like Gecko) Chrome/36.0.1985.125 Safari/537.36"
190.200.155.201 - - [01/Sep/2014:12:16:42 -0300] "GET /images/bck_footer.png HTTP/1.1" 304 - "http://sgws11.hospedagemdesites.ws/backend_dev.php/despesa/index/id_projeto/2106" "Mozilla/5.0 (X11; Linux x86_64) AppleWebKit/537.36 (KHTML, like Gecko) Chrome/36.0.1985.125 Safari/537.36"
179.153.46.45 - - [01/Sep/2014:12:17:17 -0300] "GET /backend_dev.php/contas HTTP/1.1" 200 156222 "http://sgws11.hospedagemdesites.ws/backend_dev.php/despesa/index/id_projeto/2105" "Mozilla/5.0 (Windows NT 6.3; WOW64) AppleWebKit/537.36 (KHTML, like Gecko) Chrome/36.0.1985.143 Safari/537.36"
179.153.46.45 - - [01/Sep/2014:12:17:19 -0300] "GET /js/jq/jQuery.print.js HTTP/1.1" 200 2324 "http://sgws11.hospedagemdesites.ws/backend_dev.php/contas" "Mozilla/5.0 (Windows NT 6.3; WOW64) AppleWebKit/537.36 (KHTML, like Gecko) Chrome/36.0.1985.143 Safari/537.36"
179.153.46.45 - - [01/Sep/2014:12:17:19 -0300] "GET /images/1.png HTTP/1.1" 200 588 "http://sgws11.hospedagemdesites.ws/backend_dev.php/contas" "Mozilla/5.0 (Windows NT 6.3; WOW64) AppleWebKit/537.36 (KHTML, like Gecko) Chrome/36.0.1985.143 Safari/537.36"
179.153.46.45 - - [01/Sep/2014:12:17:36 -0300] "GET /backend_dev.php/despesa/edit/id/48549 HTTP/1.1" 200 98048 "http://sgws11.hospedagemdesites.ws/backend_dev.php/contas" "Mozilla/5.0 (Windows NT 6.3; WOW64) AppleWebKit/537.36 (KHTML, like Gecko) Chrome/36.0.1985.143 Safari/537.36"
179.153.46.45 - - [01/Sep/2014:12:17:47 -0300] "GET /backend_dev.php/despesa/edit/id/48549 HTTP/1.1" 200 98043 "http://sgws11.hospedagemdesites.ws/backend_dev.php/contas" "Mozilla/5.0 (Windows NT 6.3; WOW64) AppleWebKit/537.36 (KHTML, like Gecko) Chrome/36.0.1985.143 Safari/537.36"
179.153.46.45 - - [01/Sep/2014:12:18:05 -0300] "GET /backend_dev.php/despesa/edit/id/47583 HTTP/1.1" 200 98047 "http://sgws11.hospedagemdesites.ws/backend_dev.php/contas" "Mozilla/5.0 (Windows NT 6.3; WOW64) AppleWebKit/537.36 (KHTML, like Gecko) Chrome/36.0.1985.143 Safari/537.36"
179.153.46.45 - - [01/Sep/2014:12:18:34 -0300] "GET /backend_dev.php/despesa/index/id_projeto/2106 HTTP/1.1" 200 123905 "http://sgws11.hospedagemdesites.ws/backend_dev.php/projeto" "Mozilla/5.0 (Windows NT 6.3; WOW64) AppleWebKit/537.36 (KHTML, like Gecko) Chrome/36.0.1985.143 Safari/537.36"
179.153.46.45 - - [01/Sep/2014:12:18:57 -0300] "GET /backend_dev.php/despesa/index HTTP/1.1" 200 106893 "http://sgws11.hospedagemdesites.ws/backend_dev.php/despesa/index/id_projeto/2106" "Mozilla/5.0 (Windows NT 6.3; WOW64) AppleWebKit/537.36 (KHTML, like Gecko) Chrome/36.0.1985.143 Safari/537.36"
179.153.46.45 - - [01/Sep/2014:12:18:58 -0300] "GET /images/icons/print.png HTTP/1.1" 200 9653 "http://sgws11.hospedagemdesites.ws/backend_dev.php/despesa/index" "Mozilla/5.0 (Windows NT 6.3; WOW64) AppleWebKit/537.36 (KHTML, like Gecko) Chrome/36.0.1985.143 Safari/537.36"
179.153.46.45 - - [01/Sep/2014:12:19:06 -0300] "GET /images/bck_button_over.png HTTP/1.1" 304 - "http://sgws11.hospedagemdesites.ws/backend_dev.php/despesa/index" "Mozilla/5.0 (Windows NT 6.3; WOW64) AppleWebKit/537.36 (KHTML, like Gecko) Chrome/36.0.1985.143 Safari/537.36"
179.153.46.45 - - [01/Sep/2014:12:19:07 -0300] "POST /backend_dev.php/despesa/index HTTP/1.1" 200 107735 "http://sgws11.hospedagemdesites.ws/backend_dev.php/despesa/index" "Mozilla/5.0 (Windows NT 6.3; WOW64) AppleWebKit/537.36 (KHTML, like Gecko) Chrome/36.0.1985.143 Safari/537.36"
179.153.46.45 - - [01/Sep/2014:12:19:15 -0300] "POST /backend_dev.php/despesa/index HTTP/1.1" 200 107734 "http://sgws11.hospedagemdesites.ws/backend_dev.php/despesa/index" "Mozilla/5.0 (Windows NT 6.3; WOW64) AppleWebKit/537.36 (KHTML, like Gecko) Chrome/36.0.1985.143 Safari/537.36"
179.153.46.45 - - [01/Sep/2014:12:19:28 -0300] "POST /backend_dev.php/despesa/index HTTP/1.1" 200 107738 "http://sgws11.hospedagemdesites.ws/backend_dev.php/despesa/index" "Mozilla/5.0 (Windows NT 6.3; WOW64) AppleWebKit/537.36 (KHTML, like Gecko) Chrome/36.0.1985.143 Safari/537.36"
179.153.46.45 - - [01/Sep/2014:12:19:29 -0300] "GET /css/jq/jqueryslidemenu.css HTTP/1.1" 304 - "http://sgws11.hospedagemdesites.ws/backend_dev.php/despesa/index" "Mozilla/5.0 (Windows NT 6.3; WOW64) AppleWebKit/537.36 (KHTML, like Gecko) Chrome/36.0.1985.143 Safari/537.36"
179.153.46.45 - - [01/Sep/2014:12:19:29 -0300] "GET /css/main.css HTTP/1.1" 304 - "http://sgws11.hospedagemdesites.ws/backend_dev.php/despesa/index" "Mozilla/5.0 (Windows NT 6.3; WOW64) AppleWebKit/537.36 (KHTML, like Gecko) Chrome/36.0.1985.143 Safari/537.36"
179.153.46.45 - - [01/Sep/2014:12:19:29 -0300] "GET /css/validationEngineBackend.jquery.css HTTP/1.1" 304 - "http://sgws11.hospedagemdesites.ws/backend_dev.php/despesa/index" "Mozilla/5.0 (Windows NT 6.3; WOW64) AppleWebKit/537.36 (KHTML, like Gecko) Chrome/36.0.1985.143 Safari/537.36"
179.153.46.45 - - [01/Sep/2014:12:19:29 -0300] "GET /css/cupertino/jquery-ui-1.8.1.custom.css HTTP/1.1" 304 - "http://sgws11.hospedagemdesites.ws/backend_dev.php/despesa/index" "Mozilla/5.0 (Windows NT 6.3; WOW64) AppleWebKit/537.36 (KHTML, like Gecko) Chrome/36.0.1985.143 Safari/537.36"
179.153.46.45 - - [01/Sep/2014:12:19:29 -0300] "GET /js/extjs/resources/css/ext-all.css HTTP/1.1" 304 - "http://sgws11.hospedagemdesites.ws/backend_dev.php/despesa/index" "Mozilla/5.0 (Windows NT 6.3; WOW64) AppleWebKit/537.36 (KHTML, like Gecko) Chrome/36.0.1985.143 Safari/537.36"
179.153.46.45 - - [01/Sep/2014:12:19:29 -0300] "GET /js/fancybox/jquery.fancybox.css HTTP/1.1" 304 - "http://sgws11.hospedagemdesites.ws/backend_dev.php/despesa/index" "Mozilla/5.0 (Windows NT 6.3; WOW64) AppleWebKit/537.36 (KHTML, like Gecko) Chrome/36.0.1985.143 Safari/537.36"
179.153.46.45 - - [01/Sep/2014:12:19:31 -0300] "GET /backend_dev.php/despesa HTTP/1.1" 200 106787 "http://sgws11.hospedagemdesites.ws/backend_dev.php/despesa/index" "Mozilla/5.0 (Windows NT 6.3; WOW64) AppleWebKit/537.36 (KHTML, like Gecko) Chrome/36.0.1985.143 Safari/537.36"
179.153.46.45 - - [01/Sep/2014:12:19:38 -0300] "GET /backend_dev.php/despesa HTTP/1.1" 200 106849 "http://sgws11.hospedagemdesites.ws/backend_dev.php/despesa/index" "Mozilla/5.0 (Windows NT 6.3; WOW64) AppleWebKit/537.36 (KHTML, like Gecko) Chrome/36.0.1985.143 Safari/537.36"
179.153.46.45 - - [01/Sep/2014:12:19:45 -0300] "GET /backend_dev.php/despesa/index HTTP/1.1" 200 106849 "http://sgws11.hospedagemdesites.ws/backend_dev.php/despesa" "Mozilla/5.0 (Windows NT 6.3; WOW64) AppleWebKit/537.36 (KHTML, like Gecko) Chrome/36.0.1985.143 Safari/537.36"
179.153.46.45 - - [01/Sep/2014:12:19:49 -0300] "GET /backend_dev.php/despesa/index HTTP/1.1" 200 106914 "http://sgws11.hospedagemdesites.ws/backend_dev.php/despesa" "Mozilla/5.0 (Windows NT 6.3; WOW64) AppleWebKit/537.36 (KHTML, like Gecko) Chrome/36.0.1985.143 Safari/537.36"
179.153.46.45 - - [01/Sep/2014:12:19:59 -0300] "GET /backend_dev.php/despesa/faturamento HTTP/1.1" 200 2874332 "http://sgws11.hospedagemdesites.ws/backend_dev.php/despesa/index" "Mozilla/5.0 (Windows NT 6.3; WOW64) AppleWebKit/537.36 (KHTML, like Gecko) Chrome/36.0.1985.143 Safari/537.36"
179.153.46.45 - - [01/Sep/2014:12:20:06 -0300] "GET /images/icons/informacoe.png HTTP/1.1" 304 - "http://sgws11.hospedagemdesites.ws/backend_dev.php/despesa/faturamento" "Mozilla/5.0 (Windows NT 6.3; WOW64) AppleWebKit/537.36 (KHTML, like Gecko) Chrome/36.0.1985.143 Safari/537.36"
179.153.46.45 - - [01/Sep/2014:12:20:33 -0300] "GET /backend_dev.php/despesa/index HTTP/1.1" 200 106873 "http://sgws11.hospedagemdesites.ws/backend_dev.php/despesa/faturamento" "Mozilla/5.0 (Windows NT 6.3; WOW64) AppleWebKit/537.36 (KHTML, like Gecko) Chrome/36.0.1985.143 Safari/537.36"
190.200.155.201 - - [01/Sep/2014:12:20:34 -0300] "GET /backend_dev.php/despesa/index HTTP/1.1" 200 106738 "http://sgws11.hospedagemdesites.ws/backend_dev.php/despesa/index/id_projeto/2106" "Mozilla/5.0 (X11; Linux x86_64) AppleWebKit/537.36 (KHTML, like Gecko) Chrome/36.0.1985.125 Safari/537.36"
190.200.155.201 - - [01/Sep/2014:12:20:37 -0300] "GET /uploads/users/med_4_logoecusbrface.jpg HTTP/1.1" 404 1360 "http://sgws11.hospedagemdesites.ws/backend_dev.php/despesa/index" "Mozilla/5.0 (X11; Linux x86_64) AppleWebKit/537.36 (KHTML, like Gecko) Chrome/36.0.1985.125 Safari/537.36"
190.200.155.201 - - [01/Sep/2014:12:20:37 -0300] "GET /sf/sf_web_debug/images/sf.png HTTP/1.1" 404 1360 "http://sgws11.hospedagemdesites.ws/backend_dev.php/despesa/index" "Mozilla/5.0 (X11; Linux x86_64) AppleWebKit/537.36 (KHTML, like Gecko) Chrome/36.0.1985.125 Safari/537.36"
190.200.155.201 - - [01/Sep/2014:12:20:37 -0300] "GET /sf/sf_web_debug/images/config.png HTTP/1.1" 404 1360 "http://sgws11.hospedagemdesites.ws/backend_dev.php/despesa/index" "Mozilla/5.0 (X11; Linux x86_64) AppleWebKit/537.36 (KHTML, like Gecko) Chrome/36.0.1985.125 Safari/537.36"
190.200.155.201 - - [01/Sep/2014:12:20:37 -0300] "GET /images/magnifier.png HTTP/1.1" 304 - "http://sgws11.hospedagemdesites.ws/backend_dev.php/despesa/index" "Mozilla/5.0 (X11; Linux x86_64) AppleWebKit/537.36 (KHTML, like Gecko) Chrome/36.0.1985.125 Safari/537.36"
190.200.155.201 - - [01/Sep/2014:12:20:37 -0300] "GET /sf/sf_web_debug/images/database.png HTTP/1.1" 404 1360 "http://sgws11.hospedagemdesites.ws/backend_dev.php/despesa/index" "Mozilla/5.0 (X11; Linux x86_64) AppleWebKit/537.36 (KHTML, like Gecko) Chrome/36.0.1985.125 Safari/537.36"
190.200.155.201 - - [01/Sep/2014:12:20:37 -0300] "GET /sf/sf_web_debug/images/view.png HTTP/1.1" 404 1360 "http://sgws11.hospedagemdesites.ws/backend_dev.php/despesa/index" "Mozilla/5.0 (X11; Linux x86_64) AppleWebKit/537.36 (KHTML, like Gecko) Chrome/36.0.1985.125 Safari/537.36"
190.200.155.201 - - [01/Sep/2014:12:20:37 -0300] "GET /sf/sf_web_debug/images/memory.png HTTP/1.1" 404 1360 "http://sgws11.hospedagemdesites.ws/backend_dev.php/despesa/index" "Mozilla/5.0 (X11; Linux x86_64) AppleWebKit/537.36 (KHTML, like Gecko) Chrome/36.0.1985.125 Safari/537.36"
190.200.155.201 - - [01/Sep/2014:12:20:37 -0300] "GET /sf/sf_web_debug/images/close.png HTTP/1.1" 404 1360 "http://sgws11.hospedagemdesites.ws/backend_dev.php/despesa/index" "Mozilla/5.0 (X11; Linux x86_64) AppleWebKit/537.36 (KHTML, like Gecko) Chrome/36.0.1985.125 Safari/537.36"
190.200.155.201 - - [01/Sep/2014:12:20:37 -0300] "GET /sf/sf_web_debug/images/time.png HTTP/1.1" 404 1360 "http://sgws11.hospedagemdesites.ws/backend_dev.php/despesa/index" "Mozilla/5.0 (X11; Linux x86_64) AppleWebKit/537.36 (KHTML, like Gecko) Chrome/36.0.1985.125 Safari/537.36"
190.200.155.201 - - [01/Sep/2014:12:20:38 -0300] "GET /sf/sf_web_debug/images/log.png HTTP/1.1" 404 1360 "http://sgws11.hospedagemdesites.ws/backend_dev.php/despesa/index" "Mozilla/5.0 (X11; Linux x86_64) AppleWebKit/537.36 (KHTML, like Gecko) Chrome/36.0.1985.125 Safari/537.36"
190.200.155.201 - - [01/Sep/2014:12:20:38 -0300] "GET /images/bck_button.png HTTP/1.1" 200 147 "http://sgws11.hospedagemdesites.ws/backend_dev.php/despesa/index" "Mozilla/5.0 (X11; Linux x86_64) AppleWebKit/537.36 (KHTML, like Gecko) Chrome/36.0.1985.125 Safari/537.36"
190.200.155.201 - - [01/Sep/2014:12:20:38 -0300] "GET /sf/sf_web_debug/images/toggle.gif HTTP/1.1" 404 1360 "http://sgws11.hospedagemdesites.ws/backend_dev.php/despesa/index" "Mozilla/5.0 (X11; Linux x86_64) AppleWebKit/537.36 (KHTML, like Gecko) Chrome/36.0.1985.125 Safari/537.36"
190.200.155.201 - - [01/Sep/2014:12:20:38 -0300] "GET /sf/sf_web_debug/images/info.png HTTP/1.1" 404 1360 "http://sgws11.hospedagemdesites.ws/backend_dev.php/despesa/index" "Mozilla/5.0 (X11; Linux x86_64) AppleWebKit/537.36 (KHTML, like Gecko) Chrome/36.0.1985.125 Safari/537.36"
190.200.155.201 - - [01/Sep/2014:12:20:38 -0300] "GET /sf/sf_web_debug/images/warning.png HTTP/1.1" 404 1360 "http://sgws11.hospedagemdesites.ws/backend_dev.php/despesa/index" "Mozilla/5.0 (X11; Linux x86_64) AppleWebKit/537.36 (KHTML, like Gecko) Chrome/36.0.1985.125 Safari/537.36"
190.200.155.201 - - [01/Sep/2014:12:20:38 -0300] "GET /sf/sf_web_debug/images/error.png HTTP/1.1" 404 1360 "http://sgws11.hospedagemdesites.ws/backend_dev.php/despesa/index" "Mozilla/5.0 (X11; Linux x86_64) AppleWebKit/537.36 (KHTML, like Gecko) Chrome/36.0.1985.125 Safari/537.36"
190.200.155.201 - - [01/Sep/2014:12:20:38 -0300] "GET /css/cupertino/images/ui-bg_highlight-hard_100_f2f5f7_1x100.png HTTP/1.1" 304 - "http://sgws11.hospedagemdesites.ws/backend_dev.php/despesa/index" "Mozilla/5.0 (X11; Linux x86_64) AppleWebKit/537.36 (KHTML, like Gecko) Chrome/36.0.1985.125 Safari/537.36"
179.153.46.45 - - [01/Sep/2014:12:20:44 -0300] "POST /backend_dev.php/despesa/index HTTP/1.1" 200 107628 "http://sgws11.hospedagemdesites.ws/backend_dev.php/despesa/index" "Mozilla/5.0 (Windows NT 6.3; WOW64) AppleWebKit/537.36 (KHTML, like Gecko) Chrome/36.0.1985.143 Safari/537.36"
190.200.155.201 - - [01/Sep/2014:12:20:46 -0300] "GET /css/cupertino/images/ui-bg_highlight-soft_25_ffef8f_1x100.png HTTP/1.1" 304 - "http://sgws11.hospedagemdesites.ws/backend_dev.php/despesa/index" "Mozilla/5.0 (X11; Linux x86_64) AppleWebKit/537.36 (KHTML, like Gecko) Chrome/36.0.1985.125 Safari/537.36"
190.200.155.201 - - [01/Sep/2014:12:20:46 -0300] "GET /css/cupertino/images/ui-bg_glass_80_d7ebf9_1x400.png HTTP/1.1" 304 - "http://sgws11.hospedagemdesites.ws/backend_dev.php/despesa/index" "Mozilla/5.0 (X11; Linux x86_64) AppleWebKit/537.36 (KHTML, like Gecko) Chrome/36.0.1985.125 Safari/537.36"
190.200.155.201 - - [01/Sep/2014:12:20:46 -0300] "GET /css/cupertino/images/ui-bg_highlight-soft_100_deedf7_1x100.png HTTP/1.1" 304 - "http://sgws11.hospedagemdesites.ws/backend_dev.php/despesa/index" "Mozilla/5.0 (X11; Linux x86_64) AppleWebKit/537.36 (KHTML, like Gecko) Chrome/36.0.1985.125 Safari/537.36"
190.200.155.201 - - [01/Sep/2014:12:20:46 -0300] "GET /css/cupertino/images/ui-icons_72a7cf_256x240.png HTTP/1.1" 304 - "http://sgws11.hospedagemdesites.ws/backend_dev.php/despesa/index" "Mozilla/5.0 (X11; Linux x86_64) AppleWebKit/537.36 (KHTML, like Gecko) Chrome/36.0.1985.125 Safari/537.36"
190.200.155.201 - - [01/Sep/2014:12:20:51 -0300] "GET /css/cupertino/images/ui-bg_glass_50_3baae3_1x400.png HTTP/1.1" 200 131 "http://sgws11.hospedagemdesites.ws/backend_dev.php/despesa/index" "Mozilla/5.0 (X11; Linux x86_64) AppleWebKit/537.36 (KHTML, like Gecko) Chrome/36.0.1985.125 Safari/537.36"
179.153.46.45 - - [01/Sep/2014:12:20:51 -0300] "POST /backend_dev.php/despesa/index HTTP/1.1" 200 108087 "http://sgws11.hospedagemdesites.ws/backend_dev.php/despesa/index" "Mozilla/5.0 (Windows NT 6.3; WOW64) AppleWebKit/537.36 (KHTML, like Gecko) Chrome/36.0.1985.143 Safari/537.36"
179.153.46.45 - - [01/Sep/2014:12:20:52 -0300] "GET /js/main.js HTTP/1.1" 304 - "http://sgws11.hospedagemdesites.ws/backend_dev.php/despesa/index" "Mozilla/5.0 (Windows NT 6.3; WOW64) AppleWebKit/537.36 (KHTML, like Gecko) Chrome/36.0.1985.143 Safari/537.36"
179.153.46.45 - - [01/Sep/2014:12:20:52 -0300] "GET /js/jq/jquery-1.7.1.min.js HTTP/1.1" 304 - "http://sgws11.hospedagemdesites.ws/backend_dev.php/despesa/index" "Mozilla/5.0 (Windows NT 6.3; WOW64) AppleWebKit/537.36 (KHTML, like Gecko) Chrome/36.0.1985.143 Safari/537.36"
179.153.46.45 - - [01/Sep/2014:12:20:52 -0300] "GET /js/jq/jq.ajaxupload.js HTTP/1.1" 304 - "http://sgws11.hospedagemdesites.ws/backend_dev.php/despesa/index" "Mozilla/5.0 (Windows NT 6.3; WOW64) AppleWebKit/537.36 (KHTML, like Gecko) Chrome/36.0.1985.143 Safari/537.36"
179.153.46.45 - - [01/Sep/2014:12:20:52 -0300] "GET /js/jq/jqueryslidemenu.js HTTP/1.1" 304 - "http://sgws11.hospedagemdesites.ws/backend_dev.php/despesa/index" "Mozilla/5.0 (Windows NT 6.3; WOW64) AppleWebKit/537.36 (KHTML, like Gecko) Chrome/36.0.1985.143 Safari/537.36"
179.153.46.45 - - [01/Sep/2014:12:20:52 -0300] "GET /js/lynxCms.js HTTP/1.1" 304 - "http://sgws11.hospedagemdesites.ws/backend_dev.php/despesa/index" "Mozilla/5.0 (Windows NT 6.3; WOW64) AppleWebKit/537.36 (KHTML, like Gecko) Chrome/36.0.1985.143 Safari/537.36"
179.153.46.45 - - [01/Sep/2014:12:20:52 -0300] "GET /js/extjs/ext-all.js HTTP/1.1" 304 - "http://sgws11.hospedagemdesites.ws/backend_dev.php/despesa/index" "Mozilla/5.0 (Windows NT 6.3; WOW64) AppleWebKit/537.36 (KHTML, like Gecko) Chrome/36.0.1985.143 Safari/537.36"
179.153.46.45 - - [01/Sep/2014:12:20:52 -0300] "GET /js/extjs/adapter/ext/ext-base.js HTTP/1.1" 304 - "http://sgws11.hospedagemdesites.ws/backend_dev.php/despesa/index" "Mozilla/5.0 (Windows NT 6.3; WOW64) AppleWebKit/537.36 (KHTML, like Gecko) Chrome/36.0.1985.143 Safari/537.36"
179.153.46.45 - - [01/Sep/2014:12:20:52 -0300] "GET /js/jq/jquery.ui.widget.js HTTP/1.1" 304 - "http://sgws11.hospedagemdesites.ws/backend_dev.php/despesa/index" "Mozilla/5.0 (Windows NT 6.3; WOW64) AppleWebKit/537.36 (KHTML, like Gecko) Chrome/36.0.1985.143 Safari/537.36"
179.153.46.45 - - [01/Sep/2014:12:20:52 -0300] "GET /js/jq/jquery-ui-1.8.1.custom.min.js HTTP/1.1" 304 - "http://sgws11.hospedagemdesites.ws/backend_dev.php/despesa/index" "Mozilla/5.0 (Windows NT 6.3; WOW64) AppleWebKit/537.36 (KHTML, like Gecko) Chrome/36.0.1985.143 Safari/537.36"
179.153.46.45 - - [01/Sep/2014:12:20:52 -0300] "GET /js/jq/jquery.ui.mouse.js HTTP/1.1" 304 - "http://sgws11.hospedagemdesites.ws/backend_dev.php/despesa/index" "Mozilla/5.0 (Windows NT 6.3; WOW64) AppleWebKit/537.36 (KHTML, like Gecko) Chrome/36.0.1985.143 Safari/537.36"
179.153.46.45 - - [01/Sep/2014:12:20:52 -0300] "GET /js/jq/jquery.ui.sortable.js HTTP/1.1" 304 - "http://sgws11.hospedagemdesites.ws/backend_dev.php/despesa/index" "Mozilla/5.0 (Windows NT 6.3; WOW64) AppleWebKit/537.36 (KHTML, like Gecko) Chrome/36.0.1985.143 Safari/537.36"
179.153.46.45 - - [01/Sep/2014:12:20:52 -0300] "GET /js/jq/jquery.validationEngine.js HTTP/1.1" 304 - "http://sgws11.hospedagemdesites.ws/backend_dev.php/despesa/index" "Mozilla/5.0 (Windows NT 6.3; WOW64) AppleWebKit/537.36 (KHTML, like Gecko) Chrome/36.0.1985.143 Safari/537.36"
179.153.46.45 - - [01/Sep/2014:12:20:52 -0300] "GET /js/jq/jquery.validationEngine-en_US.js HTTP/1.1" 304 - "http://sgws11.hospedagemdesites.ws/backend_dev.php/despesa/index" "Mozilla/5.0 (Windows NT 6.3; WOW64) AppleWebKit/537.36 (KHTML, like Gecko) Chrome/36.0.1985.143 Safari/537.36"
179.153.46.45 - - [01/Sep/2014:12:20:52 -0300] "GET /js/fancybox/jquery.fancybox.js HTTP/1.1" 304 - "http://sgws11.hospedagemdesites.ws/backend_dev.php/despesa/index" "Mozilla/5.0 (Windows NT 6.3; WOW64) AppleWebKit/537.36 (KHTML, like Gecko) Chrome/36.0.1985.143 Safari/537.36"
179.153.46.45 - - [01/Sep/2014:12:20:52 -0300] "GET /js/jq/jquery.price_format.1.8.js HTTP/1.1" 304 - "http://sgws11.hospedagemdesites.ws/backend_dev.php/despesa/index" "Mozilla/5.0 (Windows NT 6.3; WOW64) AppleWebKit/537.36 (KHTML, like Gecko) Chrome/36.0.1985.143 Safari/537.36"
179.153.46.45 - - [01/Sep/2014:12:20:53 -0300] "POST /backend_dev.php/despesa/index HTTP/1.1" 200 108125 "http://sgws11.hospedagemdesites.ws/backend_dev.php/despesa/index" "Mozilla/5.0 (Windows NT 6.3; WOW64) AppleWebKit/537.36 (KHTML, like Gecko) Chrome/36.0.1985.143 Safari/537.36"
190.200.155.201 - - [01/Sep/2014:12:20:59 -0300] "GET /backend_dev.php/despesa/index HTTP/1.1" 200 106588 "-" "Mozilla/5.0 (X11; Linux x86_64) AppleWebKit/537.36 (KHTML, like Gecko) Chrome/36.0.1985.125 Safari/537.36"
179.153.46.45 - - [01/Sep/2014:12:21:01 -0300] "POST /backend_dev.php/despesa/index HTTP/1.1" 200 107595 "http://sgws11.hospedagemdesites.ws/backend_dev.php/despesa/index" "Mozilla/5.0 (Windows NT 6.3; WOW64) AppleWebKit/537.36 (KHTML, like Gecko) Chrome/36.0.1985.143 Safari/537.36"
179.153.46.45 - - [01/Sep/2014:12:21:03 -0300] "POST /backend_dev.php/despesa/index HTTP/1.1" 200 108088 "http://sgws11.hospedagemdesites.ws/backend_dev.php/despesa/index" "Mozilla/5.0 (Windows NT 6.3; WOW64) AppleWebKit/537.36 (KHTML, like Gecko) Chrome/36.0.1985.143 Safari/537.36"
179.153.46.45 - - [01/Sep/2014:12:21:03 -0300] "POST /backend_dev.php/despesa/index HTTP/1.1" 200 107593 "http://sgws11.hospedagemdesites.ws/backend_dev.php/despesa/index" "Mozilla/5.0 (Windows NT 6.3; WOW64) AppleWebKit/537.36 (KHTML, like Gecko) Chrome/36.0.1985.143 Safari/537.36"
