190.200.155.201 - - [01/Sep/2014:12:02:00 -0300] "GET /images/icons/plus.png HTTP/1.1" 304 - "http://sgws11.hospedagemdesites.ws/backend_dev.php/despesa/pagamentosEnAtraso" "Mozilla/5.0 (X11; Linux x86_64) AppleWebKit/537.36 (KHTML, like Gecko) Chrome/36.0.1985.125 Safari/537.36"
190.200.155.201 - - [01/Sep/2014:12:02:00 -0300] "GET /sf/sf_web_debug/images/sf.png HTTP/1.1" 404 1386 "http://sgws11.hospedagemdesites.ws/backend_dev.php/despesa/pagamentosEnAtraso" "Mozilla/5.0 (X11; Linux x86_64) AppleWebKit/537.36 (KHTML, like Gecko) Chrome/36.0.1985.125 Safari/537.36"
190.200.155.201 - - [01/Sep/2014:12:02:00 -0300] "GET /sf/sf_web_debug/images/config.png HTTP/1.1" 404 1386 "http://sgws11.hospedagemdesites.ws/backend_dev.php/despesa/pagamentosEnAtraso" "Mozilla/5.0 (X11; Linux x86_64) AppleWebKit/537.36 (KHTML, like Gecko) Chrome/36.0.1985.125 Safari/537.36"
190.200.155.201 - - [01/Sep/2014:12:02:00 -0300] "GET /sf/sf_web_debug/images/view.png HTTP/1.1" 404 1386 "http://sgws11.hospedagemdesites.ws/backend_dev.php/despesa/pagamentosEnAtraso" "Mozilla/5.0 (X11; Linux x86_64) AppleWebKit/537.36 (KHTML, like Gecko) Chrome/36.0.1985.125 Safari/537.36"
190.200.155.201 - - [01/Sep/2014:12:02:01 -0300] "GET /sf/sf_web_debug/images/time.png HTTP/1.1" 404 1386 "http://sgws11.hospedagemdesites.ws/backend_dev.php/despesa/pagamentosEnAtraso" "Mozilla/5.0 (X11; Linux x86_64) AppleWebKit/537.36 (KHTML, like Gecko) Chrome/36.0.1985.125 Safari/537.36"
190.200.155.201 - - [01/Sep/2014:12:02:01 -0300] "GET /sf/sf_web_debug/images/memory.png HTTP/1.1" 404 1386 "http://sgws11.hospedagemdesites.ws/backend_dev.php/despesa/pagamentosEnAtraso" "Mozilla/5.0 (X11; Linux x86_64) AppleWebKit/537.36 (KHTML, like Gecko) Chrome/36.0.1985.125 Safari/537.36"
190.200.155.201 - - [01/Sep/2014:12:02:01 -0300] "GET /sf/sf_web_debug/images/log.png HTTP/1.1" 404 1386 "http://sgws11.hospedagemdesites.ws/backend_dev.php/despesa/pagamentosEnAtraso" "Mozilla/5.0 (X11; Linux x86_64) AppleWebKit/537.36 (KHTML, like Gecko) Chrome/36.0.1985.125 Safari/537.36"
190.200.155.201 - - [01/Sep/2014:12:02:01 -0300] "GET /sf/sf_web_debug/images/close.png HTTP/1.1" 404 1386 "http://sgws11.hospedagemdesites.ws/backend_dev.php/despesa/pagamentosEnAtraso" "Mozilla/5.0 (X11; Linux x86_64) AppleWebKit/537.36 (KHTML, like Gecko) Chrome/36.0.1985.125 Safari/537.36"
190.200.155.201 - - [01/Sep/2014:12:02:01 -0300] "GET /sf/sf_web_debug/images/database.png HTTP/1.1" 404 1386 "http://sgws11.hospedagemdesites.ws/backend_dev.php/despesa/pagamentosEnAtraso" "Mozilla/5.0 (X11; Linux x86_64) AppleWebKit/537.36 (KHTML, like Gecko) Chrome/36.0.1985.125 Safari/537.36"
190.200.155.201 - - [01/Sep/2014:12:02:01 -0300] "GET /sf/sf_web_debug/images/toggle.gif HTTP/1.1" 404 1386 "http://sgws11.hospedagemdesites.ws/backend_dev.php/despesa/pagamentosEnAtraso" "Mozilla/5.0 (X11; Linux x86_64) AppleWebKit/537.36 (KHTML, like Gecko) Chrome/36.0.1985.125 Safari/537.36"
190.200.155.201 - - [01/Sep/2014:12:02:01 -0300] "GET /sf/sf_web_debug/images/info.png HTTP/1.1" 404 1386 "http://sgws11.hospedagemdesites.ws/backend_dev.php/despesa/pagamentosEnAtraso" "Mozilla/5.0 (X11; Linux x86_64) AppleWebKit/537.36 (KHTML, like Gecko) Chrome/36.0.1985.125 Safari/537.36"
190.200.155.201 - - [01/Sep/2014:12:02:01 -0300] "GET /sf/sf_web_debug/images/warning.png HTTP/1.1" 404 1386 "http://sgws11.hospedagemdesites.ws/backend_dev.php/despesa/pagamentosEnAtraso" "Mozilla/5.0 (X11; Linux x86_64) AppleWebKit/537.36 (KHTML, like Gecko) Chrome/36.0.1985.125 Safari/537.36"
190.200.155.201 - - [01/Sep/2014:12:02:01 -0300] "GET /sf/sf_web_debug/images/error.png HTTP/1.1" 404 1386 "http://sgws11.hospedagemdesites.ws/backend_dev.php/despesa/pagamentosEnAtraso" "Mozilla/5.0 (X11; Linux x86_64) AppleWebKit/537.36 (KHTML, like Gecko) Chrome/36.0.1985.125 Safari/537.36"
179.153.46.45 - - [01/Sep/2014:12:02:43 -0300] "POST /backend_dev.php/despesa/pagamentosEnAtraso HTTP/1.1" 200 184294 "http://sgws11.hospedagemdesites.ws/backend_dev.php/despesa/pagamentosEnAtraso" "Mozilla/5.0 (Windows NT 6.3; WOW64) AppleWebKit/537.36 (KHTML, like Gecko) Chrome/36.0.1985.143 Safari/537.36"
190.200.155.201 - - [01/Sep/2014:12:03:20 -0300] "GET /backend_dev.php/despesa/pagamentosEnAtraso HTTP/1.1" 200 541946 "-" "Mozilla/5.0 (X11; Linux x86_64) AppleWebKit/537.36 (KHTML, like Gecko) Chrome/36.0.1985.125 Safari/537.36"
190.200.155.201 - - [01/Sep/2014:12:03:51 -0300] "POST /backend_dev.php/despesa/pagamentosEnAtraso HTTP/1.1" 200 184322 "http://sgws11.hospedagemdesites.ws/backend_dev.php/despesa/pagamentosEnAtraso" "Mozilla/5.0 (X11; Linux x86_64) AppleWebKit/537.36 (KHTML, like Gecko) Chrome/36.0.1985.125 Safari/537.36"
179.153.46.45 - - [01/Sep/2014:12:04:34 -0300] "GET /backend_dev.php/projeto HTTP/1.1" 200 552390 "http://sgws11.hospedagemdesites.ws/backend_dev.php/despesa/pagamentosEnAtraso" "Mozilla/5.0 (Windows NT 6.3; WOW64) AppleWebKit/537.36 (KHTML, like Gecko) Chrome/36.0.1985.143 Safari/537.36"
179.153.46.45 - - [01/Sep/2014:12:04:37 -0300] "GET /backend_dev.php/projeto HTTP/1.1" 200 552388 "http://sgws11.hospedagemdesites.ws/backend_dev.php/despesa/pagamentosEnAtraso" "Mozilla/5.0 (Windows NT 6.3; WOW64) AppleWebKit/537.36 (KHTML, like Gecko) Chrome/36.0.1985.143 Safari/537.36"
179.153.46.45 - - [01/Sep/2014:12:04:39 -0300] "GET /css/projetos.css HTTP/1.1" 304 - "http://sgws11.hospedagemdesites.ws/backend_dev.php/projeto" "Mozilla/5.0 (Windows NT 6.3; WOW64) AppleWebKit/537.36 (KHTML, like Gecko) Chrome/36.0.1985.143 Safari/537.36"
179.153.46.45 - - [01/Sep/2014:12:04:39 -0300] "GET /js/jq/accordionmenu.js HTTP/1.1" 304 - "http://sgws11.hospedagemdesites.ws/backend_dev.php/projeto" "Mozilla/5.0 (Windows NT 6.3; WOW64) AppleWebKit/537.36 (KHTML, like Gecko) Chrome/36.0.1985.143 Safari/537.36"
179.153.46.45 - - [01/Sep/2014:12:04:39 -0300] "GET /images/icons/subtipo_pessoas.png HTTP/1.1" 200 1938 "http://sgws11.hospedagemdesites.ws/backend_dev.php/projeto" "Mozilla/5.0 (Windows NT 6.3; WOW64) AppleWebKit/537.36 (KHTML, like Gecko) Chrome/36.0.1985.143 Safari/537.36"
179.153.46.45 - - [01/Sep/2014:12:04:39 -0300] "GET /images/icons/list_pessoas.png HTTP/1.1" 304 - "http://sgws11.hospedagemdesites.ws/backend_dev.php/projeto" "Mozilla/5.0 (Windows NT 6.3; WOW64) AppleWebKit/537.36 (KHTML, like Gecko) Chrome/36.0.1985.143 Safari/537.36"
179.153.46.45 - - [01/Sep/2014:12:04:39 -0300] "GET /images/folder_sent-48.png HTTP/1.1" 200 1821 "http://sgws11.hospedagemdesites.ws/backend_dev.php/projeto" "Mozilla/5.0 (Windows NT 6.3; WOW64) AppleWebKit/537.36 (KHTML, like Gecko) Chrome/36.0.1985.143 Safari/537.36"
179.153.46.45 - - [01/Sep/2014:12:04:39 -0300] "GET /images/icons/taks.png HTTP/1.1" 200 5402 "http://sgws11.hospedagemdesites.ws/backend_dev.php/projeto" "Mozilla/5.0 (Windows NT 6.3; WOW64) AppleWebKit/537.36 (KHTML, like Gecko) Chrome/36.0.1985.143 Safari/537.36"
179.153.46.45 - - [01/Sep/2014:12:04:39 -0300] "GET /images/icons/contas.png HTTP/1.1" 200 6344 "http://sgws11.hospedagemdesites.ws/backend_dev.php/projeto" "Mozilla/5.0 (Windows NT 6.3; WOW64) AppleWebKit/537.36 (KHTML, like Gecko) Chrome/36.0.1985.143 Safari/537.36"
179.153.46.45 - - [01/Sep/2014:12:04:39 -0300] "GET /images/icons/tools-48.png HTTP/1.1" 200 3213 "http://sgws11.hospedagemdesites.ws/backend_dev.php/projeto" "Mozilla/5.0 (Windows NT 6.3; WOW64) AppleWebKit/537.36 (KHTML, like Gecko) Chrome/36.0.1985.143 Safari/537.36"
179.153.46.45 - - [01/Sep/2014:12:04:39 -0300] "GET /images/icons/timesheet.png HTTP/1.1" 200 6282 "http://sgws11.hospedagemdesites.ws/backend_dev.php/projeto" "Mozilla/5.0 (Windows NT 6.3; WOW64) AppleWebKit/537.36 (KHTML, like Gecko) Chrome/36.0.1985.143 Safari/537.36"
179.153.46.45 - - [01/Sep/2014:12:04:39 -0300] "GET /images/icons/faturamento.png HTTP/1.1" 200 7872 "http://sgws11.hospedagemdesites.ws/backend_dev.php/projeto" "Mozilla/5.0 (Windows NT 6.3; WOW64) AppleWebKit/537.36 (KHTML, like Gecko) Chrome/36.0.1985.143 Safari/537.36"
179.153.46.45 - - [01/Sep/2014:12:04:39 -0300] "GET /images/legenda-projetos.jpg HTTP/1.1" 200 32162 "http://sgws11.hospedagemdesites.ws/backend_dev.php/projeto" "Mozilla/5.0 (Windows NT 6.3; WOW64) AppleWebKit/537.36 (KHTML, like Gecko) Chrome/36.0.1985.143 Safari/537.36"
179.153.46.45 - - [01/Sep/2014:12:04:40 -0300] "GET /images/icons/mas_info.png HTTP/1.1" 200 1223 "http://sgws11.hospedagemdesites.ws/backend_dev.php/projeto" "Mozilla/5.0 (Windows NT 6.3; WOW64) AppleWebKit/537.36 (KHTML, like Gecko) Chrome/36.0.1985.143 Safari/537.36"
179.153.46.45 - - [01/Sep/2014:12:04:40 -0300] "GET /images/icons/financeiro.png HTTP/1.1" 200 1999 "http://sgws11.hospedagemdesites.ws/backend_dev.php/projeto" "Mozilla/5.0 (Windows NT 6.3; WOW64) AppleWebKit/537.36 (KHTML, like Gecko) Chrome/36.0.1985.143 Safari/537.36"
179.153.46.45 - - [01/Sep/2014:12:04:40 -0300] "GET /images/icons/icon_tarefa_mini.png HTTP/1.1" 200 52667 "http://sgws11.hospedagemdesites.ws/backend_dev.php/projeto" "Mozilla/5.0 (Windows NT 6.3; WOW64) AppleWebKit/537.36 (KHTML, like Gecko) Chrome/36.0.1985.143 Safari/537.36"
179.153.46.45 - - [01/Sep/2014:12:04:40 -0300] "GET /images/icons/neg_1.png HTTP/1.1" 200 2143 "http://sgws11.hospedagemdesites.ws/backend_dev.php/projeto" "Mozilla/5.0 (Windows NT 6.3; WOW64) AppleWebKit/537.36 (KHTML, like Gecko) Chrome/36.0.1985.143 Safari/537.36"
179.153.46.45 - - [01/Sep/2014:12:04:40 -0300] "GET /images/icons/status_pagamento.png HTTP/1.1" 200 1526 "http://sgws11.hospedagemdesites.ws/backend_dev.php/projeto" "Mozilla/5.0 (Windows NT 6.3; WOW64) AppleWebKit/537.36 (KHTML, like Gecko) Chrome/36.0.1985.143 Safari/537.36"
179.153.46.45 - - [01/Sep/2014:12:04:40 -0300] "GET /images/icons/tipo_despesa.png HTTP/1.1" 200 2154 "http://sgws11.hospedagemdesites.ws/backend_dev.php/projeto" "Mozilla/5.0 (Windows NT 6.3; WOW64) AppleWebKit/537.36 (KHTML, like Gecko) Chrome/36.0.1985.143 Safari/537.36"
179.153.46.45 - - [01/Sep/2014:12:04:40 -0300] "GET /images/icons/rate.png HTTP/1.1" 200 2495 "http://sgws11.hospedagemdesites.ws/backend_dev.php/projeto" "Mozilla/5.0 (Windows NT 6.3; WOW64) AppleWebKit/537.36 (KHTML, like Gecko) Chrome/36.0.1985.143 Safari/537.36"
179.153.46.45 - - [01/Sep/2014:12:04:40 -0300] "GET /images/icons/perm_1.png HTTP/1.1" 200 1042 "http://sgws11.hospedagemdesites.ws/backend_dev.php/projeto" "Mozilla/5.0 (Windows NT 6.3; WOW64) AppleWebKit/537.36 (KHTML, like Gecko) Chrome/36.0.1985.143 Safari/537.36"
179.153.46.45 - - [01/Sep/2014:12:04:40 -0300] "GET /images/icons/reg_activity_2.png HTTP/1.1" 200 1353 "http://sgws11.hospedagemdesites.ws/backend_dev.php/projeto" "Mozilla/5.0 (Windows NT 6.3; WOW64) AppleWebKit/537.36 (KHTML, like Gecko) Chrome/36.0.1985.143 Safari/537.36"
179.153.46.45 - - [01/Sep/2014:12:04:40 -0300] "GET /sf/sf_web_debug/images/sf.png HTTP/1.1" 404 1356 "http://sgws11.hospedagemdesites.ws/backend_dev.php/projeto" "Mozilla/5.0 (Windows NT 6.3; WOW64) AppleWebKit/537.36 (KHTML, like Gecko) Chrome/36.0.1985.143 Safari/537.36"
179.153.46.45 - - [01/Sep/2014:12:04:40 -0300] "GET /sf/sf_web_debug/images/config.png HTTP/1.1" 404 1356 "http://sgws11.hospedagemdesites.ws/backend_dev.php/projeto" "Mozilla/5.0 (Windows NT 6.3; WOW64) AppleWebKit/537.36 (KHTML, like Gecko) Chrome/36.0.1985.143 Safari/537.36"
179.153.46.45 - - [01/Sep/2014:12:04:40 -0300] "GET /sf/sf_web_debug/images/view.png HTTP/1.1" 404 1356 "http://sgws11.hospedagemdesites.ws/backend_dev.php/projeto" "Mozilla/5.0 (Windows NT 6.3; WOW64) AppleWebKit/537.36 (KHTML, like Gecko) Chrome/36.0.1985.143 Safari/537.36"
179.153.46.45 - - [01/Sep/2014:12:04:40 -0300] "GET /sf/sf_web_debug/images/time.png HTTP/1.1" 404 1356 "http://sgws11.hospedagemdesites.ws/backend_dev.php/projeto" "Mozilla/5.0 (Windows NT 6.3; WOW64) AppleWebKit/537.36 (KHTML, like Gecko) Chrome/36.0.1985.143 Safari/537.36"
179.153.46.45 - - [01/Sep/2014:12:04:40 -0300] "GET /sf/sf_web_debug/images/log.png HTTP/1.1" 404 1356 "http://sgws11.hospedagemdesites.ws/backend_dev.php/projeto" "Mozilla/5.0 (Windows NT 6.3; WOW64) AppleWebKit/537.36 (KHTML, like Gecko) Chrome/36.0.1985.143 Safari/537.36"
179.153.46.45 - - [01/Sep/2014:12:04:40 -0300] "GET /sf/sf_web_debug/images/memory.png HTTP/1.1" 404 1356 "http://sgws11.hospedagemdesites.ws/backend_dev.php/projeto" "Mozilla/5.0 (Windows NT 6.3; WOW64) AppleWebKit/537.36 (KHTML, like Gecko) Chrome/36.0.1985.143 Safari/537.36"
179.153.46.45 - - [01/Sep/2014:12:04:40 -0300] "GET /sf/sf_web_debug/images/database.png HTTP/1.1" 404 1356 "http://sgws11.hospedagemdesites.ws/backend_dev.php/projeto" "Mozilla/5.0 (Windows NT 6.3; WOW64) AppleWebKit/537.36 (KHTML, like Gecko) Chrome/36.0.1985.143 Safari/537.36"
179.153.46.45 - - [01/Sep/2014:12:04:40 -0300] "GET /sf/sf_web_debug/images/close.png HTTP/1.1" 404 1356 "http://sgws11.hospedagemdesites.ws/backend_dev.php/projeto" "Mozilla/5.0 (Windows NT 6.3; WOW64) AppleWebKit/537.36 (KHTML, like Gecko) Chrome/36.0.1985.143 Safari/537.36"
179.153.46.45 - - [01/Sep/2014:12:04:40 -0300] "GET /sf/sf_web_debug/images/toggle.gif HTTP/1.1" 404 1356 "http://sgws11.hospedagemdesites.ws/backend_dev.php/projeto" "Mozilla/5.0 (Windows NT 6.3; WOW64) AppleWebKit/537.36 (KHTML, like Gecko) Chrome/36.0.1985.143 Safari/537.36"
179.153.46.45 - - [01/Sep/2014:12:04:40 -0300] "GET /sf/sf_web_debug/images/error.png HTTP/1.1" 404 1356 "http://sgws11.hospedagemdesites.ws/backend_dev.php/projeto" "Mozilla/5.0 (Windows NT 6.3; WOW64) AppleWebKit/537.36 (KHTML, like Gecko) Chrome/36.0.1985.143 Safari/537.36"
179.153.46.45 - - [01/Sep/2014:12:04:40 -0300] "GET /sf/sf_web_debug/images/info.png HTTP/1.1" 404 1356 "http://sgws11.hospedagemdesites.ws/backend_dev.php/projeto" "Mozilla/5.0 (Windows NT 6.3; WOW64) AppleWebKit/537.36 (KHTML, like Gecko) Chrome/36.0.1985.143 Safari/537.36"
179.153.46.45 - - [01/Sep/2014:12:04:40 -0300] "GET /sf/sf_web_debug/images/warning.png HTTP/1.1" 404 1356 "http://sgws11.hospedagemdesites.ws/backend_dev.php/projeto" "Mozilla/5.0 (Windows NT 6.3; WOW64) AppleWebKit/537.36 (KHTML, like Gecko) Chrome/36.0.1985.143 Safari/537.36"
179.153.46.45 - - [01/Sep/2014:12:04:43 -0300] "GET /backend_dev.php/projeto?q=prop HTTP/1.1" 200 311375 "http://sgws11.hospedagemdesites.ws/backend_dev.php/projeto" "Mozilla/5.0 (Windows NT 6.3; WOW64) AppleWebKit/537.36 (KHTML, like Gecko) Chrome/36.0.1985.143 Safari/537.36"
179.153.46.45 - - [01/Sep/2014:12:04:44 -0300] "GET /images/icons/neg_3.png HTTP/1.1" 200 1680 "http://sgws11.hospedagemdesites.ws/backend_dev.php/projeto?q=prop" "Mozilla/5.0 (Windows NT 6.3; WOW64) AppleWebKit/537.36 (KHTML, like Gecko) Chrome/36.0.1985.143 Safari/537.36"
179.153.46.45 - - [01/Sep/2014:12:04:44 -0300] "GET /images/icons/neg_2.png HTTP/1.1" 200 1919 "http://sgws11.hospedagemdesites.ws/backend_dev.php/projeto?q=prop" "Mozilla/5.0 (Windows NT 6.3; WOW64) AppleWebKit/537.36 (KHTML, like Gecko) Chrome/36.0.1985.143 Safari/537.36"
179.153.46.45 - - [01/Sep/2014:12:05:24 -0300] "GET /backend_dev.php/projeto HTTP/1.1" 200 552417 "http://sgws11.hospedagemdesites.ws/backend_dev.php/projeto?q=prop" "Mozilla/5.0 (Windows NT 6.3; WOW64) AppleWebKit/537.36 (KHTML, like Gecko) Chrome/36.0.1985.143 Safari/537.36"
179.153.46.45 - - [01/Sep/2014:12:05:28 -0300] "GET /css/main.css HTTP/1.1" 304 - "http://sgws11.hospedagemdesites.ws/backend_dev.php/projeto" "Mozilla/5.0 (Windows NT 6.3; WOW64) AppleWebKit/537.36 (KHTML, like Gecko) Chrome/36.0.1985.143 Safari/537.36"
179.153.46.45 - - [01/Sep/2014:12:05:28 -0300] "GET /css/jq/jqueryslidemenu.css HTTP/1.1" 304 - "http://sgws11.hospedagemdesites.ws/backend_dev.php/projeto" "Mozilla/5.0 (Windows NT 6.3; WOW64) AppleWebKit/537.36 (KHTML, like Gecko) Chrome/36.0.1985.143 Safari/537.36"
179.153.46.45 - - [01/Sep/2014:12:05:28 -0300] "GET /css/cupertino/jquery-ui-1.8.1.custom.css HTTP/1.1" 304 - "http://sgws11.hospedagemdesites.ws/backend_dev.php/projeto" "Mozilla/5.0 (Windows NT 6.3; WOW64) AppleWebKit/537.36 (KHTML, like Gecko) Chrome/36.0.1985.143 Safari/537.36"
179.153.46.45 - - [01/Sep/2014:12:05:28 -0300] "GET /css/validationEngineBackend.jquery.css HTTP/1.1" 304 - "http://sgws11.hospedagemdesites.ws/backend_dev.php/projeto" "Mozilla/5.0 (Windows NT 6.3; WOW64) AppleWebKit/537.36 (KHTML, like Gecko) Chrome/36.0.1985.143 Safari/537.36"
179.153.46.45 - - [01/Sep/2014:12:05:28 -0300] "GET /js/extjs/resources/css/ext-all.css HTTP/1.1" 304 - "http://sgws11.hospedagemdesites.ws/backend_dev.php/projeto" "Mozilla/5.0 (Windows NT 6.3; WOW64) AppleWebKit/537.36 (KHTML, like Gecko) Chrome/36.0.1985.143 Safari/537.36"
179.153.46.45 - - [01/Sep/2014:12:05:28 -0300] "GET /js/fancybox/jquery.fancybox.css HTTP/1.1" 304 - "http://sgws11.hospedagemdesites.ws/backend_dev.php/projeto" "Mozilla/5.0 (Windows NT 6.3; WOW64) AppleWebKit/537.36 (KHTML, like Gecko) Chrome/36.0.1985.143 Safari/537.36"
179.153.46.45 - - [01/Sep/2014:12:05:28 -0300] "GET /images/logo_cte.png HTTP/1.1" 304 - "http://sgws11.hospedagemdesites.ws/backend_dev.php/projeto" "Mozilla/5.0 (Windows NT 6.3; WOW64) AppleWebKit/537.36 (KHTML, like Gecko) Chrome/36.0.1985.143 Safari/537.36"
179.153.46.45 - - [01/Sep/2014:12:05:28 -0300] "GET /uploads/users/med_4_logoecusbrface.jpg HTTP/1.1" 404 1356 "http://sgws11.hospedagemdesites.ws/backend_dev.php/projeto" "Mozilla/5.0 (Windows NT 6.3; WOW64) AppleWebKit/537.36 (KHTML, like Gecko) Chrome/36.0.1985.143 Safari/537.36"
179.153.46.45 - - [01/Sep/2014:12:05:28 -0300] "GET /images/icons/bell.png HTTP/1.1" 304 - "http://sgws11.hospedagemdesites.ws/backend_dev.php/projeto" "Mozilla/5.0 (Windows NT 6.3; WOW64) AppleWebKit/537.36 (KHTML, like Gecko) Chrome/36.0.1985.143 Safari/537.36"
190.200.155.201 - - [01/Sep/2014:12:05:27 -0300] "GET /backend_dev.php/projeto HTTP/1.1" 200 552382 "http://sgws11.hospedagemdesites.ws/backend_dev.php/despesa/pagamentosEnAtraso" "Mozilla/5.0 (X11; Linux x86_64) AppleWebKit/537.36 (KHTML, like Gecko) Chrome/36.0.1985.125 Safari/537.36"
179.153.46.45 - - [01/Sep/2014:12:05:47 -0300] "POST /backend_dev.php/projeto HTTP/1.1" 200 648685 "http://sgws11.hospedagemdesites.ws/backend_dev.php/projeto" "Mozilla/5.0 (Windows NT 6.3; WOW64) AppleWebKit/537.36 (KHTML, like Gecko) Chrome/36.0.1985.143 Safari/537.36"
190.200.155.201 - - [01/Sep/2014:12:06:04 -0300] "POST /backend_dev.php/projeto HTTP/1.1" 200 529839 "http://sgws11.hospedagemdesites.ws/backend_dev.php/projeto" "Mozilla/5.0 (X11; Linux x86_64) AppleWebKit/537.36 (KHTML, like Gecko) Chrome/36.0.1985.125 Safari/537.36"
179.153.46.45 - - [01/Sep/2014:12:06:25 -0300] "GET /js/fancybox/fancybox_sprite.png HTTP/1.1" 200 1362 "http://sgws11.hospedagemdesites.ws/backend_dev.php/projeto" "Mozilla/5.0 (Windows NT 6.3; WOW64) AppleWebKit/537.36 (KHTML, like Gecko) Chrome/36.0.1985.143 Safari/537.36"
179.153.46.45 - - [01/Sep/2014:12:06:25 -0300] "GET /js/fancybox/fancybox_loading.gif HTTP/1.1" 200 6567 "http://sgws11.hospedagemdesites.ws/backend_dev.php/projeto" "Mozilla/5.0 (Windows NT 6.3; WOW64) AppleWebKit/537.36 (KHTML, like Gecko) Chrome/36.0.1985.143 Safari/537.36"
179.153.46.45 - - [01/Sep/2014:12:06:25 -0300] "GET /js/fancybox/fancybox_overlay.png HTTP/1.1" 200 1003 "http://sgws11.hospedagemdesites.ws/backend_dev.php/projeto" "Mozilla/5.0 (Windows NT 6.3; WOW64) AppleWebKit/537.36 (KHTML, like Gecko) Chrome/36.0.1985.143 Safari/537.36"
179.153.46.45 - - [01/Sep/2014:12:06:25 -0300] "GET /backend_dev.php/projetoGasto/index/id_projeto/2105 HTTP/1.1" 200 238216 "http://sgws11.hospedagemdesites.ws/backend_dev.php/projeto" "Mozilla/5.0 (Windows NT 6.3; WOW64) AppleWebKit/537.36 (KHTML, like Gecko) Chrome/36.0.1985.143 Safari/537.36"
190.200.155.201 - - [01/Sep/2014:12:06:25 -0300] "GET /backend_dev.php/despesa/index/id_projeto/2106 HTTP/1.1" 200 123870 "http://sgws11.hospedagemdesites.ws/backend_dev.php/projeto" "Mozilla/5.0 (X11; Linux x86_64) AppleWebKit/537.36 (KHTML, like Gecko) Chrome/36.0.1985.125 Safari/537.36"
190.200.155.201 - - [01/Sep/2014:12:06:31 -0300] "GET /images/0.png HTTP/1.1" 200 501 "http://sgws11.hospedagemdesites.ws/backend_dev.php/despesa/index/id_projeto/2106" "Mozilla/5.0 (X11; Linux x86_64) AppleWebKit/537.36 (KHTML, like Gecko) Chrome/36.0.1985.125 Safari/537.36"
190.200.155.201 - - [01/Sep/2014:12:06:31 -0300] "GET /images/icons/informacoe.png HTTP/1.1" 304 - "http://sgws11.hospedagemdesites.ws/backend_dev.php/despesa/index/id_projeto/2106" "Mozilla/5.0 (X11; Linux x86_64) AppleWebKit/537.36 (KHTML, like Gecko) Chrome/36.0.1985.125 Safari/537.36"
179.153.46.45 - - [01/Sep/2014:12:06:40 -0300] "GET /backend_dev.php/despesa/index/id_projeto/2105 HTTP/1.1" 200 100709 "http://sgws11.hospedagemdesites.ws/backend_dev.php/projeto" "Mozilla/5.0 (Windows NT 6.3; WOW64) AppleWebKit/537.36 (KHTML, like Gecko) Chrome/36.0.1985.143 Safari/537.36"
179.153.46.45 - - [01/Sep/2014:12:06:48 -0300] "GET /backend_dev.php/projetoGasto/index/id_projeto/2105 HTTP/1.1" 200 238249 "http://sgws11.hospedagemdesites.ws/backend_dev.php/projeto" "Mozilla/5.0 (Windows NT 6.3; WOW64) AppleWebKit/537.36 (KHTML, like Gecko) Chrome/36.0.1985.143 Safari/537.36"
179.153.46.45 - - [01/Sep/2014:12:07:32 -0300] "POST /backend_dev.php/projetoGasto/index/id_projeto/2105 HTTP/1.1" 200 252387 "http://sgws11.hospedagemdesites.ws/backend_dev.php/projetoGasto/index/id_projeto/2105" "Mozilla/5.0 (Windows NT 6.3; WOW64) AppleWebKit/537.36 (KHTML, like Gecko) Chrome/36.0.1985.143 Safari/537.36"
190.200.155.201 - - [01/Sep/2014:12:07:41 -0300] "GET /backend_dev.php/projetoGasto/index/id_projeto/2106 HTTP/1.1" 200 238214 "http://sgws11.hospedagemdesites.ws/backend_dev.php/projeto" "Mozilla/5.0 (X11; Linux x86_64) AppleWebKit/537.36 (KHTML, like Gecko) Chrome/36.0.1985.125 Safari/537.36"
190.200.155.201 - - [01/Sep/2014:12:07:43 -0300] "GET /sf/sf_web_debug/images/sf.png HTTP/1.1" 404 1402 "http://sgws11.hospedagemdesites.ws/backend_dev.php/projetoGasto/index/id_projeto/2106" "Mozilla/5.0 (X11; Linux x86_64) AppleWebKit/537.36 (KHTML, like Gecko) Chrome/36.0.1985.125 Safari/537.36"
190.200.155.201 - - [01/Sep/2014:12:07:43 -0300] "GET /sf/sf_web_debug/images/config.png HTTP/1.1" 404 1402 "http://sgws11.hospedagemdesites.ws/backend_dev.php/projetoGasto/index/id_projeto/2106" "Mozilla/5.0 (X11; Linux x86_64) AppleWebKit/537.36 (KHTML, like Gecko) Chrome/36.0.1985.125 Safari/537.36"
190.200.155.201 - - [01/Sep/2014:12:07:43 -0300] "GET /sf/sf_web_debug/images/view.png HTTP/1.1" 404 1402 "http://sgws11.hospedagemdesites.ws/backend_dev.php/projetoGasto/index/id_projeto/2106" "Mozilla/5.0 (X11; Linux x86_64) AppleWebKit/537.36 (KHTML, like Gecko) Chrome/36.0.1985.125 Safari/537.36"
190.200.155.201 - - [01/Sep/2014:12:07:43 -0300] "GET /sf/sf_web_debug/images/log.png HTTP/1.1" 404 1402 "http://sgws11.hospedagemdesites.ws/backend_dev.php/projetoGasto/index/id_projeto/2106" "Mozilla/5.0 (X11; Linux x86_64) AppleWebKit/537.36 (KHTML, like Gecko) Chrome/36.0.1985.125 Safari/537.36"
190.200.155.201 - - [01/Sep/2014:12:07:43 -0300] "GET /sf/sf_web_debug/images/memory.png HTTP/1.1" 404 1402 "http://sgws11.hospedagemdesites.ws/backend_dev.php/projetoGasto/index/id_projeto/2106" "Mozilla/5.0 (X11; Linux x86_64) AppleWebKit/537.36 (KHTML, like Gecko) Chrome/36.0.1985.125 Safari/537.36"
190.200.155.201 - - [01/Sep/2014:12:07:44 -0300] "GET /sf/sf_web_debug/images/time.png HTTP/1.1" 404 1402 "http://sgws11.hospedagemdesites.ws/backend_dev.php/projetoGasto/index/id_projeto/2106" "Mozilla/5.0 (X11; Linux x86_64) AppleWebKit/537.36 (KHTML, like Gecko) Chrome/36.0.1985.125 Safari/537.36"
190.200.155.201 - - [01/Sep/2014:12:07:44 -0300] "GET /sf/sf_web_debug/images/database.png HTTP/1.1" 404 1402 "http://sgws11.hospedagemdesites.ws/backend_dev.php/projetoGasto/index/id_projeto/2106" "Mozilla/5.0 (X11; Linux x86_64) AppleWebKit/537.36 (KHTML, like Gecko) Chrome/36.0.1985.125 Safari/537.36"
190.200.155.201 - - [01/Sep/2014:12:07:44 -0300] "GET /sf/sf_web_debug/images/close.png HTTP/1.1" 404 1402 "http://sgws11.hospedagemdesites.ws/backend_dev.php/projetoGasto/index/id_projeto/2106" "Mozilla/5.0 (X11; Linux x86_64) AppleWebKit/537.36 (KHTML, like Gecko) Chrome/36.0.1985.125 Safari/537.36"
190.200.155.201 - - [01/Sep/2014:12:07:44 -0300] "GET /sf/sf_web_debug/images/toggle.gif HTTP/1.1" 404 1402 "http://sgws11.hospedagemdesites.ws/backend_dev.php/projetoGasto/index/id_projeto/2106" "Mozilla/5.0 (X11; Linux x86_64) AppleWebKit/537.36 (KHTML, like Gecko) Chrome/36.0.1985.125 Safari/537.36"
190.200.155.201 - - [01/Sep/2014:12:07:44 -0300] "GET /sf/sf_web_debug/images/info.png HTTP/1.1" 404 1402 "http://sgws11.hospedagemdesites.ws/backend_dev.php/projetoGasto/index/id_projeto/2106" "Mozilla/5.0 (X11; Linux x86_64) AppleWebKit/537.36 (KHTML, like Gecko) Chrome/36.0.1985.125 Safari/537.36"
190.200.155.201 - - [01/Sep/2014:12:07:44 -0300] "GET /sf/sf_web_debug/images/warning.png HTTP/1.1" 404 1402 "http://sgws11.hospedagemdesites.ws/backend_dev.php/projetoGasto/index/id_projeto/2106" "Mozilla/5.0 (X11; Linux x86_64) AppleWebKit/537.36 (KHTML, like Gecko) Chrome/36.0.1985.125 Safari/537.36"
190.200.155.201 - - [01/Sep/2014:12:07:44 -0300] "GET /sf/sf_web_debug/images/error.png HTTP/1.1" 404 1402 "http://sgws11.hospedagemdesites.ws/backend_dev.php/projetoGasto/index/id_projeto/2106" "Mozilla/5.0 (X11; Linux x86_64) AppleWebKit/537.36 (KHTML, like Gecko) Chrome/36.0.1985.125 Safari/537.36"
190.200.155.201 - - [01/Sep/2014:12:07:44 -0300] "GET /images/bck_button.png HTTP/1.1" 200 147 "http://sgws11.hospedagemdesites.ws/backend_dev.php/projetoGasto/index/id_projeto/2106" "Mozilla/5.0 (X11; Linux x86_64) AppleWebKit/537.36 (KHTML, like Gecko) Chrome/36.0.1985.125 Safari/537.36"
179.153.46.45 - - [01/Sep/2014:12:07:45 -0300] "GET /backend_dev.php/despesa/index/id_projeto/2105 HTTP/1.1" 200 100705 "http://sgws11.hospedagemdesites.ws/backend_dev.php/projeto" "Mozilla/5.0 (Windows NT 6.3; WOW64) AppleWebKit/537.36 (KHTML, like Gecko) Chrome/36.0.1985.143 Safari/537.36"
190.200.155.201 - - [01/Sep/2014:12:07:51 -0300] "GET /backend_dev.php/projetoGasto/index/id_projeto/2106 HTTP/1.1" 200 238214 "http://sgws11.hospedagemdesites.ws/backend_dev.php/projeto" "Mozilla/5.0 (X11; Linux x86_64) AppleWebKit/537.36 (KHTML, like Gecko) Chrome/36.0.1985.125 Safari/537.36"
179.153.46.45 - - [01/Sep/2014:12:08:02 -0300] "GET /css/projetos.css HTTP/1.1" 304 - "http://sgws11.hospedagemdesites.ws/backend_dev.php/projeto" "Mozilla/5.0 (Windows NT 6.3; WOW64) AppleWebKit/537.36 (KHTML, like Gecko) Chrome/36.0.1985.143 Safari/537.36"
179.153.46.45 - - [01/Sep/2014:12:08:10 -0300] "GET /backend_dev.php/despesa/index/id_projeto/2105 HTTP/1.1" 200 100705 "http://sgws11.hospedagemdesites.ws/backend_dev.php/projeto" "Mozilla/5.0 (Windows NT 6.3; WOW64) AppleWebKit/537.36 (KHTML, like Gecko) Chrome/36.0.1985.143 Safari/537.36"
190.200.155.201 - - [01/Sep/2014:12:08:14 -0300] "GET /backend_dev.php/despesa/index/id_projeto/2106 HTTP/1.1" 200 123783 "http://sgws11.hospedagemdesites.ws/backend_dev.php/projeto" "Mozilla/5.0 (X11; Linux x86_64) AppleWebKit/537.36 (KHTML, like Gecko) Chrome/36.0.1985.125 Safari/537.36"
190.200.155.201 - - [01/Sep/2014:12:08:16 -0300] "GET /uploads/users/med_4_logoecusbrface.jpg HTTP/1.1" 404 1392 "http://sgws11.hospedagemdesites.ws/backend_dev.php/despesa/index/id_projeto/2106" "Mozilla/5.0 (X11; Linux x86_64) AppleWebKit/537.36 (KHTML, like Gecko) Chrome/36.0.1985.125 Safari/537.36"
179.153.46.45 - - [01/Sep/2014:12:08:19 -0300] "GET /backend_dev.php/projetoGasto/index/id_projeto/2105 HTTP/1.1" 200 238237 "http://sgws11.hospedagemdesites.ws/backend_dev.php/projeto" "Mozilla/5.0 (Windows NT 6.3; WOW64) AppleWebKit/537.36 (KHTML, like Gecko) Chrome/36.0.1985.143 Safari/537.36"
179.153.46.45 - - [01/Sep/2014:12:08:33 -0300] "GET /backend_dev.php/despesa/index/id_projeto/2105 HTTP/1.1" 200 100706 "http://sgws11.hospedagemdesites.ws/backend_dev.php/projeto" "Mozilla/5.0 (Windows NT 6.3; WOW64) AppleWebKit/537.36 (KHTML, like Gecko) Chrome/36.0.1985.143 Safari/537.36"
179.153.46.45 - - [01/Sep/2014:12:08:34 -0300] "GET /css/main.css HTTP/1.1" 304 - "http://sgws11.hospedagemdesites.ws/backend_dev.php/despesa/index/id_projeto/2105" "Mozilla/5.0 (Windows NT 6.3; WOW64) AppleWebKit/537.36 (KHTML, like Gecko) Chrome/36.0.1985.143 Safari/537.36"
179.153.46.45 - - [01/Sep/2014:12:08:34 -0300] "GET /css/validationEngineBackend.jquery.css HTTP/1.1" 304 - "http://sgws11.hospedagemdesites.ws/backend_dev.php/despesa/index/id_projeto/2105" "Mozilla/5.0 (Windows NT 6.3; WOW64) AppleWebKit/537.36 (KHTML, like Gecko) Chrome/36.0.1985.143 Safari/537.36"
179.153.46.45 - - [01/Sep/2014:12:08:34 -0300] "GET /css/jq/jqueryslidemenu.css HTTP/1.1" 304 - "http://sgws11.hospedagemdesites.ws/backend_dev.php/despesa/index/id_projeto/2105" "Mozilla/5.0 (Windows NT 6.3; WOW64) AppleWebKit/537.36 (KHTML, like Gecko) Chrome/36.0.1985.143 Safari/537.36"
179.153.46.45 - - [01/Sep/2014:12:08:34 -0300] "GET /js/extjs/resources/css/ext-all.css HTTP/1.1" 304 - "http://sgws11.hospedagemdesites.ws/backend_dev.php/despesa/index/id_projeto/2105" "Mozilla/5.0 (Windows NT 6.3; WOW64) AppleWebKit/537.36 (KHTML, like Gecko) Chrome/36.0.1985.143 Safari/537.36"
179.153.46.45 - - [01/Sep/2014:12:08:34 -0300] "GET /css/cupertino/jquery-ui-1.8.1.custom.css HTTP/1.1" 304 - "http://sgws11.hospedagemdesites.ws/backend_dev.php/despesa/index/id_projeto/2105" "Mozilla/5.0 (Windows NT 6.3; WOW64) AppleWebKit/537.36 (KHTML, like Gecko) Chrome/36.0.1985.143 Safari/537.36"
190.200.155.201 - - [01/Sep/2014:12:08:40 -0300] "GET /js/fancybox/jquery.fancybox.css HTTP/1.1" 304 - "http://sgws11.hospedagemdesites.ws/backend_dev.php/projeto" "Mozilla/5.0 (X11; Linux x86_64) AppleWebKit/537.36 (KHTML, like Gecko) Chrome/36.0.1985.125 Safari/537.36"
179.153.46.45 - - [01/Sep/2014:12:08:44 -0300] "GET /backend_dev.php/despesa/index/id_projeto/2105 HTTP/1.1" 200 100706 "http://sgws11.hospedagemdesites.ws/backend_dev.php/projeto" "Mozilla/5.0 (Windows NT 6.3; WOW64) AppleWebKit/537.36 (KHTML, like Gecko) Chrome/36.0.1985.143 Safari/537.36"
190.200.155.201 - - [01/Sep/2014:12:08:56 -0300] "GET /backend_dev.php/projeto HTTP/1.1" 200 552250 "-" "Mozilla/5.0 (X11; Linux x86_64) AppleWebKit/537.36 (KHTML, like Gecko) Chrome/36.0.1985.125 Safari/537.36"
179.153.46.45 - - [01/Sep/2014:12:09:06 -0300] "GET /backend_dev.php/projeto/edit/codigo_proposta/2105/id_analisis/847 HTTP/1.1" 200 175898 "http://sgws11.hospedagemdesites.ws/backend_dev.php/projeto" "Mozilla/5.0 (Windows NT 6.3; WOW64) AppleWebKit/537.36 (KHTML, like Gecko) Chrome/36.0.1985.143 Safari/537.36"
179.153.46.45 - - [01/Sep/2014:12:09:07 -0300] "GET /images/icons/plus.png HTTP/1.1" 304 - "http://sgws11.hospedagemdesites.ws/backend_dev.php/projeto/edit/codigo_proposta/2105/id_analisis/847" "Mozilla/5.0 (Windows NT 6.3; WOW64) AppleWebKit/537.36 (KHTML, like Gecko) Chrome/36.0.1985.143 Safari/537.36"
190.200.155.201 - - [01/Sep/2014:12:09:09 -0300] "GET /backend_dev.php/projetoGasto/index/id_projeto/2105 HTTP/1.1" 200 238191 "http://sgws11.hospedagemdesites.ws/backend_dev.php/projeto" "Mozilla/5.0 (X11; Linux x86_64) AppleWebKit/537.36 (KHTML, like Gecko) Chrome/36.0.1985.125 Safari/537.36"
190.200.155.201 - - [01/Sep/2014:12:09:14 -0300] "GET /backend_dev.php/despesa/index/id_projeto/2105 HTTP/1.1" 200 100658 "http://sgws11.hospedagemdesites.ws/backend_dev.php/projeto" "Mozilla/5.0 (X11; Linux x86_64) AppleWebKit/537.36 (KHTML, like Gecko) Chrome/36.0.1985.125 Safari/537.36"
179.153.46.45 - - [01/Sep/2014:12:09:16 -0300] "GET /backend_dev.php/despesa/index/id_projeto/2105 HTTP/1.1" 200 100705 "http://sgws11.hospedagemdesites.ws/backend_dev.php/projeto" "Mozilla/5.0 (Windows NT 6.3; WOW64) AppleWebKit/537.36 (KHTML, like Gecko) Chrome/36.0.1985.143 Safari/537.36"
190.200.155.201 - - [01/Sep/2014:12:09:17 -0300] "GET /images/bck_top.png HTTP/1.1" 200 181 "http://sgws11.hospedagemdesites.ws/backend_dev.php/despesa/index/id_projeto/2105" "Mozilla/5.0 (X11; Linux x86_64) AppleWebKit/537.36 (KHTML, like Gecko) Chrome/36.0.1985.125 Safari/537.36"
190.200.155.201 - - [01/Sep/2014:12:09:17 -0300] "GET /images/icons/icon_projeto.png HTTP/1.1" 200 50968 "http://sgws11.hospedagemdesites.ws/backend_dev.php/despesa/index/id_projeto/2105" "Mozilla/5.0 (X11; Linux x86_64) AppleWebKit/537.36 (KHTML, like Gecko) Chrome/36.0.1985.125 Safari/537.36"
190.200.155.201 - - [01/Sep/2014:12:09:17 -0300] "GET /images/bck_menu_top.png HTTP/1.1" 200 125 "http://sgws11.hospedagemdesites.ws/backend_dev.php/despesa/index/id_projeto/2105" "Mozilla/5.0 (X11; Linux x86_64) AppleWebKit/537.36 (KHTML, like Gecko) Chrome/36.0.1985.125 Safari/537.36"
190.200.155.201 - - [01/Sep/2014:12:09:17 -0300] "GET /images/bck_footer.png HTTP/1.1" 200 178 "http://sgws11.hospedagemdesites.ws/backend_dev.php/despesa/index/id_projeto/2105" "Mozilla/5.0 (X11; Linux x86_64) AppleWebKit/537.36 (KHTML, like Gecko) Chrome/36.0.1985.125 Safari/537.36"
179.153.46.45 - - [01/Sep/2014:12:09:24 -0300] "GET /backend_dev.php/despesa/index/id_projeto/2105 HTTP/1.1" 200 100713 "http://sgws11.hospedagemdesites.ws/backend_dev.php/projeto" "Mozilla/5.0 (Windows NT 6.3; WOW64) AppleWebKit/537.36 (KHTML, like Gecko) Chrome/36.0.1985.143 Safari/537.36"
179.153.46.45 - - [01/Sep/2014:12:09:30 -0300] "GET /backend_dev.php/despesa/index/id_projeto/2105 HTTP/1.1" 200 100711 "http://sgws11.hospedagemdesites.ws/backend_dev.php/projeto" "Mozilla/5.0 (Windows NT 6.3; WOW64) AppleWebKit/537.36 (KHTML, like Gecko) Chrome/36.0.1985.143 Safari/537.36"
179.153.46.45 - - [01/Sep/2014:12:09:43 -0300] "GET /backend_dev.php/despesa/index/id_projeto/2105 HTTP/1.1" 200 100711 "http://sgws11.hospedagemdesites.ws/backend_dev.php/projeto" "Mozilla/5.0 (Windows NT 6.3; WOW64) AppleWebKit/537.36 (KHTML, like Gecko) Chrome/36.0.1985.143 Safari/537.36"
179.153.46.45 - - [01/Sep/2014:12:09:47 -0300] "GET /images/icons/list_pessoas.png HTTP/1.1" 304 - "http://sgws11.hospedagemdesites.ws/backend_dev.php/despesa/index/id_projeto/2105" "Mozilla/5.0 (Windows NT 6.3; WOW64) AppleWebKit/537.36 (KHTML, like Gecko) Chrome/36.0.1985.143 Safari/537.36"
179.153.46.45 - - [01/Sep/2014:12:09:47 -0300] "GET /images/icons/subtipo_pessoas.png HTTP/1.1" 304 - "http://sgws11.hospedagemdesites.ws/backend_dev.php/despesa/index/id_projeto/2105" "Mozilla/5.0 (Windows NT 6.3; WOW64) AppleWebKit/537.36 (KHTML, like Gecko) Chrome/36.0.1985.143 Safari/537.36"
179.153.46.45 - - [01/Sep/2014:12:09:47 -0300] "GET /images/icons/contas.png HTTP/1.1" 304 - "http://sgws11.hospedagemdesites.ws/backend_dev.php/despesa/index/id_projeto/2105" "Mozilla/5.0 (Windows NT 6.3; WOW64) AppleWebKit/537.36 (KHTML, like Gecko) Chrome/36.0.1985.143 Safari/537.36"
179.153.46.45 - - [01/Sep/2014:12:09:47 -0300] "GET /images/icons/tools-48.png HTTP/1.1" 304 - "http://sgws11.hospedagemdesites.ws/backend_dev.php/despesa/index/id_projeto/2105" "Mozilla/5.0 (Windows NT 6.3; WOW64) AppleWebKit/537.36 (KHTML, like Gecko) Chrome/36.0.1985.143 Safari/537.36"
179.153.46.45 - - [01/Sep/2014:12:09:47 -0300] "GET /images/folder_sent-48.png HTTP/1.1" 304 - "http://sgws11.hospedagemdesites.ws/backend_dev.php/despesa/index/id_projeto/2105" "Mozilla/5.0 (Windows NT 6.3; WOW64) AppleWebKit/537.36 (KHTML, like Gecko) Chrome/36.0.1985.143 Safari/537.36"
179.153.46.45 - - [01/Sep/2014:12:09:47 -0300] "GET /images/icons/taks.png HTTP/1.1" 304 - "http://sgws11.hospedagemdesites.ws/backend_dev.php/despesa/index/id_projeto/2105" "Mozilla/5.0 (Windows NT 6.3; WOW64) AppleWebKit/537.36 (KHTML, like Gecko) Chrome/36.0.1985.143 Safari/537.36"
179.153.46.45 - - [01/Sep/2014:12:09:47 -0300] "GET /sf/sf_web_debug/images/sf.png HTTP/1.1" 404 1400 "http://sgws11.hospedagemdesites.ws/backend_dev.php/despesa/index/id_projeto/2105" "Mozilla/5.0 (Windows NT 6.3; WOW64) AppleWebKit/537.36 (KHTML, like Gecko) Chrome/36.0.1985.143 Safari/537.36"
179.153.46.45 - - [01/Sep/2014:12:09:47 -0300] "GET /images/icons/timesheet.png HTTP/1.1" 304 - "http://sgws11.hospedagemdesites.ws/backend_dev.php/despesa/index/id_projeto/2105" "Mozilla/5.0 (Windows NT 6.3; WOW64) AppleWebKit/537.36 (KHTML, like Gecko) Chrome/36.0.1985.143 Safari/537.36"
179.153.46.45 - - [01/Sep/2014:12:09:47 -0300] "GET /images/icons/faturamento.png HTTP/1.1" 304 - "http://sgws11.hospedagemdesites.ws/backend_dev.php/despesa/index/id_projeto/2105" "Mozilla/5.0 (Windows NT 6.3; WOW64) AppleWebKit/537.36 (KHTML, like Gecko) Chrome/36.0.1985.143 Safari/537.36"
179.153.46.45 - - [01/Sep/2014:12:09:47 -0300] "GET /sf/sf_web_debug/images/config.png HTTP/1.1" 404 1400 "http://sgws11.hospedagemdesites.ws/backend_dev.php/despesa/index/id_projeto/2105" "Mozilla/5.0 (Windows NT 6.3; WOW64) AppleWebKit/537.36 (KHTML, like Gecko) Chrome/36.0.1985.143 Safari/537.36"
179.153.46.45 - - [01/Sep/2014:12:09:47 -0300] "GET /sf/sf_web_debug/images/memory.png HTTP/1.1" 404 1400 "http://sgws11.hospedagemdesites.ws/backend_dev.php/despesa/index/id_projeto/2105" "Mozilla/5.0 (Windows NT 6.3; WOW64) AppleWebKit/537.36 (KHTML, like Gecko) Chrome/36.0.1985.143 Safari/537.36"
179.153.46.45 - - [01/Sep/2014:12:09:47 -0300] "GET /sf/sf_web_debug/images/view.png HTTP/1.1" 404 1400 "http://sgws11.hospedagemdesites.ws/backend_dev.php/despesa/index/id_projeto/2105" "Mozilla/5.0 (Windows NT 6.3; WOW64) AppleWebKit/537.36 (KHTML, like Gecko) Chrome/36.0.1985.143 Safari/537.36"
179.153.46.45 - - [01/Sep/2014:12:09:47 -0300] "GET /sf/sf_web_debug/images/time.png HTTP/1.1" 404 1400 "http://sgws11.hospedagemdesites.ws/backend_dev.php/despesa/index/id_projeto/2105" "Mozilla/5.0 (Windows NT 6.3; WOW64) AppleWebKit/537.36 (KHTML, like Gecko) Chrome/36.0.1985.143 Safari/537.36"
179.153.46.45 - - [01/Sep/2014:12:09:47 -0300] "GET /sf/sf_web_debug/images/log.png HTTP/1.1" 404 1400 "http://sgws11.hospedagemdesites.ws/backend_dev.php/despesa/index/id_projeto/2105" "Mozilla/5.0 (Windows NT 6.3; WOW64) AppleWebKit/537.36 (KHTML, like Gecko) Chrome/36.0.1985.143 Safari/537.36"
179.153.46.45 - - [01/Sep/2014:12:09:47 -0300] "GET /sf/sf_web_debug/images/close.png HTTP/1.1" 404 1400 "http://sgws11.hospedagemdesites.ws/backend_dev.php/despesa/index/id_projeto/2105" "Mozilla/5.0 (Windows NT 6.3; WOW64) AppleWebKit/537.36 (KHTML, like Gecko) Chrome/36.0.1985.143 Safari/537.36"
179.153.46.45 - - [01/Sep/2014:12:09:47 -0300] "GET /sf/sf_web_debug/images/database.png HTTP/1.1" 404 1400 "http://sgws11.hospedagemdesites.ws/backend_dev.php/despesa/index/id_projeto/2105" "Mozilla/5.0 (Windows NT 6.3; WOW64) AppleWebKit/537.36 (KHTML, like Gecko) Chrome/36.0.1985.143 Safari/537.36"
179.153.46.45 - - [01/Sep/2014:12:09:47 -0300] "GET /sf/sf_web_debug/images/info.png HTTP/1.1" 404 1400 "http://sgws11.hospedagemdesites.ws/backend_dev.php/despesa/index/id_projeto/2105" "Mozilla/5.0 (Windows NT 6.3; WOW64) AppleWebKit/537.36 (KHTML, like Gecko) Chrome/36.0.1985.143 Safari/537.36"
179.153.46.45 - - [01/Sep/2014:12:09:47 -0300] "GET /sf/sf_web_debug/images/toggle.gif HTTP/1.1" 404 1400 "http://sgws11.hospedagemdesites.ws/backend_dev.php/despesa/index/id_projeto/2105" "Mozilla/5.0 (Windows NT 6.3; WOW64) AppleWebKit/537.36 (KHTML, like Gecko) Chrome/36.0.1985.143 Safari/537.36"
179.153.46.45 - - [01/Sep/2014:12:09:47 -0300] "GET /sf/sf_web_debug/images/error.png HTTP/1.1" 404 1400 "http://sgws11.hospedagemdesites.ws/backend_dev.php/despesa/index/id_projeto/2105" "Mozilla/5.0 (Windows NT 6.3; WOW64) AppleWebKit/537.36 (KHTML, like Gecko) Chrome/36.0.1985.143 Safari/537.36"
179.153.46.45 - - [01/Sep/2014:12:09:47 -0300] "GET /sf/sf_web_debug/images/warning.png HTTP/1.1" 404 1400 "http://sgws11.hospedagemdesites.ws/backend_dev.php/despesa/index/id_projeto/2105" "Mozilla/5.0 (Windows NT 6.3; WOW64) AppleWebKit/537.36 (KHTML, like Gecko) Chrome/36.0.1985.143 Safari/537.36"
179.153.46.45 - - [01/Sep/2014:12:09:53 -0300] "GET /backend_dev.php/despesa/new/id_projeto/2105 HTTP/1.1" 200 100427 "http://sgws11.hospedagemdesites.ws/backend_dev.php/despesa/index/id_projeto/2105" "Mozilla/5.0 (Windows NT 6.3; WOW64) AppleWebKit/537.36 (KHTML, like Gecko) Chrome/36.0.1985.143 Safari/537.36"
179.153.46.45 - - [01/Sep/2014:12:09:54 -0300] "GET /js/jq/jquery.bpopup.min.js HTTP/1.1" 200 5179 "http://sgws11.hospedagemdesites.ws/backend_dev.php/despesa/new/id_projeto/2105" "Mozilla/5.0 (Windows NT 6.3; WOW64) AppleWebKit/537.36 (KHTML, like Gecko) Chrome/36.0.1985.143 Safari/537.36"
179.153.46.45 - - [01/Sep/2014:12:09:54 -0300] "GET /js/jq/jquery-ui-1.8.16.custom/development-bundle/ui/i18n/jquery.ui.datepicker-br.js HTTP/1.1" 200 896 "http://sgws11.hospedagemdesites.ws/backend_dev.php/despesa/new/id_projeto/2105" "Mozilla/5.0 (Windows NT 6.3; WOW64) AppleWebKit/537.36 (KHTML, like Gecko) Chrome/36.0.1985.143 Safari/537.36"
179.153.46.45 - - [01/Sep/2014:12:09:54 -0300] "GET /images/delete.png HTTP/1.1" 200 794 "http://sgws11.hospedagemdesites.ws/backend_dev.php/despesa/new/id_projeto/2105" "Mozilla/5.0 (Windows NT 6.3; WOW64) AppleWebKit/537.36 (KHTML, like Gecko) Chrome/36.0.1985.143 Safari/537.36"
179.153.46.45 - - [01/Sep/2014:12:09:54 -0300] "GET /images/icons/icon_obs.png HTTP/1.1" 200 54384 "http://sgws11.hospedagemdesites.ws/backend_dev.php/despesa/new/id_projeto/2105" "Mozilla/5.0 (Windows NT 6.3; WOW64) AppleWebKit/537.36 (KHTML, like Gecko) Chrome/36.0.1985.143 Safari/537.36"
179.153.46.45 - - [01/Sep/2014:12:09:55 -0300] "POST /backend_dev.php/ajax/getTipos HTTP/1.1" 200 647 "http://sgws11.hospedagemdesites.ws/backend_dev.php/despesa/new/id_projeto/2105" "Mozilla/5.0 (Windows NT 6.3; WOW64) AppleWebKit/537.36 (KHTML, like Gecko) Chrome/36.0.1985.143 Safari/537.36"
179.153.46.45 - - [01/Sep/2014:12:10:08 -0300] "GET /images/legenda-projetos.jpg HTTP/1.1" 304 - "http://sgws11.hospedagemdesites.ws/backend_dev.php/projeto" "Mozilla/5.0 (Windows NT 6.3; WOW64) AppleWebKit/537.36 (KHTML, like Gecko) Chrome/36.0.1985.143 Safari/537.36"
179.153.46.45 - - [01/Sep/2014:12:10:08 -0300] "GET /images/icons/icon_tarefa_mini.png HTTP/1.1" 304 - "http://sgws11.hospedagemdesites.ws/backend_dev.php/projeto" "Mozilla/5.0 (Windows NT 6.3; WOW64) AppleWebKit/537.36 (KHTML, like Gecko) Chrome/36.0.1985.143 Safari/537.36"
179.153.46.45 - - [01/Sep/2014:12:10:08 -0300] "GET /images/icons/mas_info.png HTTP/1.1" 304 - "http://sgws11.hospedagemdesites.ws/backend_dev.php/projeto" "Mozilla/5.0 (Windows NT 6.3; WOW64) AppleWebKit/537.36 (KHTML, like Gecko) Chrome/36.0.1985.143 Safari/537.36"
179.153.46.45 - - [01/Sep/2014:12:10:08 -0300] "GET /images/icons/financeiro.png HTTP/1.1" 304 - "http://sgws11.hospedagemdesites.ws/backend_dev.php/projeto" "Mozilla/5.0 (Windows NT 6.3; WOW64) AppleWebKit/537.36 (KHTML, like Gecko) Chrome/36.0.1985.143 Safari/537.36"
179.153.46.45 - - [01/Sep/2014:12:10:08 -0300] "GET /images/icons/status_pagamento.png HTTP/1.1" 304 - "http://sgws11.hospedagemdesites.ws/backend_dev.php/projeto" "Mozilla/5.0 (Windows NT 6.3; WOW64) AppleWebKit/537.36 (KHTML, like Gecko) Chrome/36.0.1985.143 Safari/537.36"
179.153.46.45 - - [01/Sep/2014:12:10:08 -0300] "GET /images/icons/neg_1.png HTTP/1.1" 304 - "http://sgws11.hospedagemdesites.ws/backend_dev.php/projeto" "Mozilla/5.0 (Windows NT 6.3; WOW64) AppleWebKit/537.36 (KHTML, like Gecko) Chrome/36.0.1985.143 Safari/537.36"
179.153.46.45 - - [01/Sep/2014:12:10:08 -0300] "GET /images/icons/tipo_despesa.png HTTP/1.1" 304 - "http://sgws11.hospedagemdesites.ws/backend_dev.php/projeto" "Mozilla/5.0 (Windows NT 6.3; WOW64) AppleWebKit/537.36 (KHTML, like Gecko) Chrome/36.0.1985.143 Safari/537.36"
179.153.46.45 - - [01/Sep/2014:12:10:08 -0300] "GET /images/icons/rate.png HTTP/1.1" 304 - "http://sgws11.hospedagemdesites.ws/backend_dev.php/projeto" "Mozilla/5.0 (Windows NT 6.3; WOW64) AppleWebKit/537.36 (KHTML, like Gecko) Chrome/36.0.1985.143 Safari/537.36"
179.153.46.45 - - [01/Sep/2014:12:10:08 -0300] "GET /images/icons/reg_activity_2.png HTTP/1.1" 304 - "http://sgws11.hospedagemdesites.ws/backend_dev.php/projeto" "Mozilla/5.0 (Windows NT 6.3; WOW64) AppleWebKit/537.36 (KHTML, like Gecko) Chrome/36.0.1985.143 Safari/537.36"
179.153.46.45 - - [01/Sep/2014:12:10:12 -0300] "GET /backend_dev.php/tarefa/new/codigo_projeto/2105/status_projeto/2 HTTP/1.1" 200 149018 "http://sgws11.hospedagemdesites.ws/backend_dev.php/projeto" "Mozilla/5.0 (Windows NT 6.3; WOW64) AppleWebKit/537.36 (KHTML, like Gecko) Chrome/36.0.1985.143 Safari/537.36"
179.153.46.45 - - [01/Sep/2014:12:10:27 -0300] "GET /css/cupertino/images/ui-icons_2694e8_256x240.png HTTP/1.1" 200 4369 "http://sgws11.hospedagemdesites.ws/backend_dev.php/tarefa/new/codigo_projeto/2105/status_projeto/2" "Mozilla/5.0 (Windows NT 6.3; WOW64) AppleWebKit/537.36 (KHTML, like Gecko) Chrome/36.0.1985.143 Safari/537.36"
179.153.46.45 - - [01/Sep/2014:12:10:43 -0300] "POST /backend_dev.php/tarefa/create HTTP/1.1" 200 150539 "http://sgws11.hospedagemdesites.ws/backend_dev.php/tarefa/new/codigo_projeto/2105/status_projeto/2" "Mozilla/5.0 (Windows NT 6.3; WOW64) AppleWebKit/537.36 (KHTML, like Gecko) Chrome/36.0.1985.143 Safari/537.36"
179.153.46.45 - - [01/Sep/2014:12:10:45 -0300] "GET /backend_dev.php/projeto HTTP/1.1" 200 560914 "http://sgws11.hospedagemdesites.ws/backend_dev.php/projeto" "Mozilla/5.0 (Windows NT 6.3; WOW64) AppleWebKit/537.36 (KHTML, like Gecko) Chrome/36.0.1985.143 Safari/537.36"
179.153.46.45 - - [01/Sep/2014:12:10:47 -0300] "GET /js/jq/jquery-1.7.1.min.js HTTP/1.1" 304 - "http://sgws11.hospedagemdesites.ws/backend_dev.php/projeto" "Mozilla/5.0 (Windows NT 6.3; WOW64) AppleWebKit/537.36 (KHTML, like Gecko) Chrome/36.0.1985.143 Safari/537.36"
179.153.46.45 - - [01/Sep/2014:12:10:47 -0300] "GET /js/main.js HTTP/1.1" 304 - "http://sgws11.hospedagemdesites.ws/backend_dev.php/projeto" "Mozilla/5.0 (Windows NT 6.3; WOW64) AppleWebKit/537.36 (KHTML, like Gecko) Chrome/36.0.1985.143 Safari/537.36"
179.153.46.45 - - [01/Sep/2014:12:10:47 -0300] "GET /js/jq/jq.ajaxupload.js HTTP/1.1" 304 - "http://sgws11.hospedagemdesites.ws/backend_dev.php/projeto" "Mozilla/5.0 (Windows NT 6.3; WOW64) AppleWebKit/537.36 (KHTML, like Gecko) Chrome/36.0.1985.143 Safari/537.36"
179.153.46.45 - - [01/Sep/2014:12:10:47 -0300] "GET /js/jq/jqueryslidemenu.js HTTP/1.1" 304 - "http://sgws11.hospedagemdesites.ws/backend_dev.php/projeto" "Mozilla/5.0 (Windows NT 6.3; WOW64) AppleWebKit/537.36 (KHTML, like Gecko) Chrome/36.0.1985.143 Safari/537.36"
179.153.46.45 - - [01/Sep/2014:12:10:47 -0300] "GET /js/lynxCms.js HTTP/1.1" 304 - "http://sgws11.hospedagemdesites.ws/backend_dev.php/projeto" "Mozilla/5.0 (Windows NT 6.3; WOW64) AppleWebKit/537.36 (KHTML, like Gecko) Chrome/36.0.1985.143 Safari/537.36"
179.153.46.45 - - [01/Sep/2014:12:10:47 -0300] "GET /js/extjs/adapter/ext/ext-base.js HTTP/1.1" 304 - "http://sgws11.hospedagemdesites.ws/backend_dev.php/projeto" "Mozilla/5.0 (Windows NT 6.3; WOW64) AppleWebKit/537.36 (KHTML, like Gecko) Chrome/36.0.1985.143 Safari/537.36"
179.153.46.45 - - [01/Sep/2014:12:10:47 -0300] "GET /js/extjs/ext-all.js HTTP/1.1" 304 - "http://sgws11.hospedagemdesites.ws/backend_dev.php/projeto" "Mozilla/5.0 (Windows NT 6.3; WOW64) AppleWebKit/537.36 (KHTML, like Gecko) Chrome/36.0.1985.143 Safari/537.36"
179.153.46.45 - - [01/Sep/2014:12:10:47 -0300] "GET /js/jq/jquery-ui-1.8.1.custom.min.js HTTP/1.1" 304 - "http://sgws11.hospedagemdesites.ws/backend_dev.php/projeto" "Mozilla/5.0 (Windows NT 6.3; WOW64) AppleWebKit/537.36 (KHTML, like Gecko) Chrome/36.0.1985.143 Safari/537.36"
179.153.46.45 - - [01/Sep/2014:12:10:47 -0300] "GET /js/jq/jquery.ui.widget.js HTTP/1.1" 304 - "http://sgws11.hospedagemdesites.ws/backend_dev.php/projeto" "Mozilla/5.0 (Windows NT 6.3; WOW64) AppleWebKit/537.36 (KHTML, like Gecko) Chrome/36.0.1985.143 Safari/537.36"
179.153.46.45 - - [01/Sep/2014:12:10:47 -0300] "GET /js/jq/jquery.ui.mouse.js HTTP/1.1" 304 - "http://sgws11.hospedagemdesites.ws/backend_dev.php/projeto" "Mozilla/5.0 (Windows NT 6.3; WOW64) AppleWebKit/537.36 (KHTML, like Gecko) Chrome/36.0.1985.143 Safari/537.36"
179.153.46.45 - - [01/Sep/2014:12:10:47 -0300] "GET /js/jq/jquery.ui.sortable.js HTTP/1.1" 304 - "http://sgws11.hospedagemdesites.ws/backend_dev.php/projeto" "Mozilla/5.0 (Windows NT 6.3; WOW64) AppleWebKit/537.36 (KHTML, like Gecko) Chrome/36.0.1985.143 Safari/537.36"
179.153.46.45 - - [01/Sep/2014:12:10:47 -0300] "GET /js/jq/jquery.validationEngine.js HTTP/1.1" 304 - "http://sgws11.hospedagemdesites.ws/backend_dev.php/projeto" "Mozilla/5.0 (Windows NT 6.3; WOW64) AppleWebKit/537.36 (KHTML, like Gecko) Chrome/36.0.1985.143 Safari/537.36"
179.153.46.45 - - [01/Sep/2014:12:10:47 -0300] "GET /js/jq/jquery.validationEngine-en_US.js HTTP/1.1" 304 - "http://sgws11.hospedagemdesites.ws/backend_dev.php/projeto" "Mozilla/5.0 (Windows NT 6.3; WOW64) AppleWebKit/537.36 (KHTML, like Gecko) Chrome/36.0.1985.143 Safari/537.36"
179.153.46.45 - - [01/Sep/2014:12:10:47 -0300] "GET /js/jq/jquery.price_format.1.8.js HTTP/1.1" 304 - "http://sgws11.hospedagemdesites.ws/backend_dev.php/projeto" "Mozilla/5.0 (Windows NT 6.3; WOW64) AppleWebKit/537.36 (KHTML, like Gecko) Chrome/36.0.1985.143 Safari/537.36"
179.153.46.45 - - [01/Sep/2014:12:10:48 -0300] "GET /js/fancybox/jquery.fancybox.js HTTP/1.1" 304 - "http://sgws11.hospedagemdesites.ws/backend_dev.php/projeto" "Mozilla/5.0 (Windows NT 6.3; WOW64) AppleWebKit/537.36 (KHTML, like Gecko) Chrome/36.0.1985.143 Safari/537.36"
179.153.46.45 - - [01/Sep/2014:12:10:48 -0300] "GET /images/logo_cte.png HTTP/1.1" 304 - "http://sgws11.hospedagemdesites.ws/backend_dev.php/projeto" "Mozilla/5.0 (Windows NT 6.3; WOW64) AppleWebKit/537.36 (KHTML, like Gecko) Chrome/36.0.1985.143 Safari/537.36"
179.153.46.45 - - [01/Sep/2014:12:10:48 -0300] "GET /uploads/users/med_4_logoecusbrface.jpg HTTP/1.1" 404 1356 "http://sgws11.hospedagemdesites.ws/backend_dev.php/projeto" "Mozilla/5.0 (Windows NT 6.3; WOW64) AppleWebKit/537.36 (KHTML, like Gecko) Chrome/36.0.1985.143 Safari/537.36"
179.153.46.45 - - [01/Sep/2014:12:10:48 -0300] "GET /images/icons/bell.png HTTP/1.1" 304 - "http://sgws11.hospedagemdesites.ws/backend_dev.php/projeto" "Mozilla/5.0 (Windows NT 6.3; WOW64) AppleWebKit/537.36 (KHTML, like Gecko) Chrome/36.0.1985.143 Safari/537.36"
