179.153.44.123 - - [29/Aug/2014:17:53:48 -0300] "GET /css/jq/jqueryslidemenu.css HTTP/1.1" 200 2019 "http://sgws11.hospedagemdesites.ws/backend_dev.php/despesa/index" "Mozilla/5.0 (Windows NT 6.3; WOW64) AppleWebKit/537.36 (KHTML, like Gecko) Chrome/36.0.1985.143 Safari/537.36"
179.153.44.123 - - [29/Aug/2014:17:53:48 -0300] "GET /js/extjs/resources/css/ext-all.css HTTP/1.1" 200 135390 "http://sgws11.hospedagemdesites.ws/backend_dev.php/despesa/index" "Mozilla/5.0 (Windows NT 6.3; WOW64) AppleWebKit/537.36 (KHTML, like Gecko) Chrome/36.0.1985.143 Safari/537.36"
179.153.44.123 - - [29/Aug/2014:17:53:48 -0300] "GET /css/cupertino/jquery-ui-1.8.1.custom.css HTTP/1.1" 200 23396 "http://sgws11.hospedagemdesites.ws/backend_dev.php/despesa/index" "Mozilla/5.0 (Windows NT 6.3; WOW64) AppleWebKit/537.36 (KHTML, like Gecko) Chrome/36.0.1985.143 Safari/537.36"
179.153.44.123 - - [29/Aug/2014:17:53:48 -0300] "GET /js/fancybox/jquery.fancybox.css HTTP/1.1" 200 4926 "http://sgws11.hospedagemdesites.ws/backend_dev.php/despesa/index" "Mozilla/5.0 (Windows NT 6.3; WOW64) AppleWebKit/537.36 (KHTML, like Gecko) Chrome/36.0.1985.143 Safari/537.36"
179.153.44.123 - - [29/Aug/2014:17:53:48 -0300] "GET /js/jq/jQuery.print.js HTTP/1.1" 304 - "http://sgws11.hospedagemdesites.ws/backend_dev.php/despesa/index" "Mozilla/5.0 (Windows NT 6.3; WOW64) AppleWebKit/537.36 (KHTML, like Gecko) Chrome/36.0.1985.143 Safari/537.36"
179.153.44.123 - - [29/Aug/2014:17:53:48 -0300] "GET /images/logo_cte.png HTTP/1.1" 200 66396 "http://sgws11.hospedagemdesites.ws/backend_dev.php/despesa/index" "Mozilla/5.0 (Windows NT 6.3; WOW64) AppleWebKit/537.36 (KHTML, like Gecko) Chrome/36.0.1985.143 Safari/537.36"
179.153.44.123 - - [29/Aug/2014:17:53:48 -0300] "GET /sf/sf_web_debug/images/config.png HTTP/1.1" 404 1368 "http://sgws11.hospedagemdesites.ws/backend_dev.php/despesa/index" "Mozilla/5.0 (Windows NT 6.3; WOW64) AppleWebKit/537.36 (KHTML, like Gecko) Chrome/36.0.1985.143 Safari/537.36"
179.153.44.123 - - [29/Aug/2014:17:53:48 -0300] "GET /sf/sf_web_debug/images/sf.png HTTP/1.1" 404 1368 "http://sgws11.hospedagemdesites.ws/backend_dev.php/despesa/index" "Mozilla/5.0 (Windows NT 6.3; WOW64) AppleWebKit/537.36 (KHTML, like Gecko) Chrome/36.0.1985.143 Safari/537.36"
179.153.44.123 - - [29/Aug/2014:17:53:48 -0300] "GET /sf/sf_web_debug/images/view.png HTTP/1.1" 404 1368 "http://sgws11.hospedagemdesites.ws/backend_dev.php/despesa/index" "Mozilla/5.0 (Windows NT 6.3; WOW64) AppleWebKit/537.36 (KHTML, like Gecko) Chrome/36.0.1985.143 Safari/537.36"
179.153.44.123 - - [29/Aug/2014:17:53:48 -0300] "GET /images/icons/print.png HTTP/1.1" 200 9653 "http://sgws11.hospedagemdesites.ws/backend_dev.php/despesa/index" "Mozilla/5.0 (Windows NT 6.3; WOW64) AppleWebKit/537.36 (KHTML, like Gecko) Chrome/36.0.1985.143 Safari/537.36"
179.153.44.123 - - [29/Aug/2014:17:53:48 -0300] "GET /uploads/users/med_4_logoecusbrface.jpg HTTP/1.1" 404 1368 "http://sgws11.hospedagemdesites.ws/backend_dev.php/despesa/index" "Mozilla/5.0 (Windows NT 6.3; WOW64) AppleWebKit/537.36 (KHTML, like Gecko) Chrome/36.0.1985.143 Safari/537.36"
179.153.44.123 - - [29/Aug/2014:17:53:48 -0300] "GET /sf/sf_web_debug/images/log.png HTTP/1.1" 404 1368 "http://sgws11.hospedagemdesites.ws/backend_dev.php/despesa/index" "Mozilla/5.0 (Windows NT 6.3; WOW64) AppleWebKit/537.36 (KHTML, like Gecko) Chrome/36.0.1985.143 Safari/537.36"
179.153.44.123 - - [29/Aug/2014:17:53:48 -0300] "GET /sf/sf_web_debug/images/memory.png HTTP/1.1" 404 1368 "http://sgws11.hospedagemdesites.ws/backend_dev.php/despesa/index" "Mozilla/5.0 (Windows NT 6.3; WOW64) AppleWebKit/537.36 (KHTML, like Gecko) Chrome/36.0.1985.143 Safari/537.36"
179.153.44.123 - - [29/Aug/2014:17:53:48 -0300] "GET /sf/sf_web_debug/images/database.png HTTP/1.1" 404 1368 "http://sgws11.hospedagemdesites.ws/backend_dev.php/despesa/index" "Mozilla/5.0 (Windows NT 6.3; WOW64) AppleWebKit/537.36 (KHTML, like Gecko) Chrome/36.0.1985.143 Safari/537.36"
179.153.44.123 - - [29/Aug/2014:17:53:48 -0300] "GET /sf/sf_web_debug/images/time.png HTTP/1.1" 404 1368 "http://sgws11.hospedagemdesites.ws/backend_dev.php/despesa/index" "Mozilla/5.0 (Windows NT 6.3; WOW64) AppleWebKit/537.36 (KHTML, like Gecko) Chrome/36.0.1985.143 Safari/537.36"
179.153.44.123 - - [29/Aug/2014:17:53:48 -0300] "GET /sf/sf_web_debug/images/close.png HTTP/1.1" 404 1368 "http://sgws11.hospedagemdesites.ws/backend_dev.php/despesa/index" "Mozilla/5.0 (Windows NT 6.3; WOW64) AppleWebKit/537.36 (KHTML, like Gecko) Chrome/36.0.1985.143 Safari/537.36"
179.153.44.123 - - [29/Aug/2014:17:53:48 -0300] "GET /sf/sf_web_debug/images/toggle.gif HTTP/1.1" 404 1368 "http://sgws11.hospedagemdesites.ws/backend_dev.php/despesa/index" "Mozilla/5.0 (Windows NT 6.3; WOW64) AppleWebKit/537.36 (KHTML, like Gecko) Chrome/36.0.1985.143 Safari/537.36"
179.153.44.123 - - [29/Aug/2014:17:53:48 -0300] "GET /sf/sf_web_debug/images/info.png HTTP/1.1" 404 1368 "http://sgws11.hospedagemdesites.ws/backend_dev.php/despesa/index" "Mozilla/5.0 (Windows NT 6.3; WOW64) AppleWebKit/537.36 (KHTML, like Gecko) Chrome/36.0.1985.143 Safari/537.36"
179.153.44.123 - - [29/Aug/2014:17:53:48 -0300] "GET /sf/sf_web_debug/images/warning.png HTTP/1.1" 404 1368 "http://sgws11.hospedagemdesites.ws/backend_dev.php/despesa/index" "Mozilla/5.0 (Windows NT 6.3; WOW64) AppleWebKit/537.36 (KHTML, like Gecko) Chrome/36.0.1985.143 Safari/537.36"
179.153.44.123 - - [29/Aug/2014:17:53:48 -0300] "GET /sf/sf_web_debug/images/error.png HTTP/1.1" 404 1368 "http://sgws11.hospedagemdesites.ws/backend_dev.php/despesa/index" "Mozilla/5.0 (Windows NT 6.3; WOW64) AppleWebKit/537.36 (KHTML, like Gecko) Chrome/36.0.1985.143 Safari/537.36"
179.153.44.123 - - [29/Aug/2014:17:54:50 -0300] "GET /backend_dev.php/despesa/faturamento HTTP/1.1" 200 2871322 "http://sgws11.hospedagemdesites.ws/backend_dev.php/despesa/index" "Mozilla/5.0 (Windows NT 6.3; WOW64) AppleWebKit/537.36 (KHTML, like Gecko) Chrome/36.0.1985.143 Safari/537.36"
179.153.44.123 - - [29/Aug/2014:17:54:59 -0300] "GET /images/bck_button_over.png HTTP/1.1" 200 137 "http://sgws11.hospedagemdesites.ws/backend_dev.php/despesa/index" "Mozilla/5.0 (Windows NT 6.3; WOW64) AppleWebKit/537.36 (KHTML, like Gecko) Chrome/36.0.1985.143 Safari/537.36"
179.153.44.123 - - [29/Aug/2014:17:54:56 -0300] "GET /backend_dev.php/despesa/faturamento HTTP/1.1" 200 2871347 "http://sgws11.hospedagemdesites.ws/backend_dev.php/despesa/index" "Mozilla/5.0 (Windows NT 6.3; WOW64) AppleWebKit/537.36 (KHTML, like Gecko) Chrome/36.0.1985.143 Safari/537.36"
179.153.44.123 - - [29/Aug/2014:17:55:00 -0300] "POST /backend_dev.php/despesa/index HTTP/1.1" 200 134324 "http://sgws11.hospedagemdesites.ws/backend_dev.php/despesa/index" "Mozilla/5.0 (Windows NT 6.3; WOW64) AppleWebKit/537.36 (KHTML, like Gecko) Chrome/36.0.1985.143 Safari/537.36"
179.153.44.123 - - [29/Aug/2014:17:55:05 -0300] "GET /images/0.png HTTP/1.1" 200 501 "http://sgws11.hospedagemdesites.ws/backend_dev.php/despesa/index" "Mozilla/5.0 (Windows NT 6.3; WOW64) AppleWebKit/537.36 (KHTML, like Gecko) Chrome/36.0.1985.143 Safari/537.36"
179.153.44.123 - - [29/Aug/2014:17:55:05 -0300] "GET /images/icons/informacoe.png HTTP/1.1" 200 2426 "http://sgws11.hospedagemdesites.ws/backend_dev.php/despesa/index" "Mozilla/5.0 (Windows NT 6.3; WOW64) AppleWebKit/537.36 (KHTML, like Gecko) Chrome/36.0.1985.143 Safari/537.36"
179.153.44.123 - - [29/Aug/2014:17:55:11 -0300] "GET /backend_dev.php/despesa/editFinanciero/id/48547 HTTP/1.1" 200 142902 "http://sgws11.hospedagemdesites.ws/backend_dev.php/despesa/index" "Mozilla/5.0 (Windows NT 6.3; WOW64) AppleWebKit/537.36 (KHTML, like Gecko) Chrome/36.0.1985.143 Safari/537.36"
179.153.44.123 - - [29/Aug/2014:17:55:12 -0300] "GET /js/main.js HTTP/1.1" 304 - "http://sgws11.hospedagemdesites.ws/backend_dev.php/despesa/editFinanciero/id/48547" "Mozilla/5.0 (Windows NT 6.3; WOW64) AppleWebKit/537.36 (KHTML, like Gecko) Chrome/36.0.1985.143 Safari/537.36"
179.153.44.123 - - [29/Aug/2014:17:55:12 -0300] "GET /js/jq/jquery-1.7.1.min.js HTTP/1.1" 304 - "http://sgws11.hospedagemdesites.ws/backend_dev.php/despesa/editFinanciero/id/48547" "Mozilla/5.0 (Windows NT 6.3; WOW64) AppleWebKit/537.36 (KHTML, like Gecko) Chrome/36.0.1985.143 Safari/537.36"
179.153.44.123 - - [29/Aug/2014:17:55:12 -0300] "GET /js/jq/jq.ajaxupload.js HTTP/1.1" 304 - "http://sgws11.hospedagemdesites.ws/backend_dev.php/despesa/editFinanciero/id/48547" "Mozilla/5.0 (Windows NT 6.3; WOW64) AppleWebKit/537.36 (KHTML, like Gecko) Chrome/36.0.1985.143 Safari/537.36"
179.153.44.123 - - [29/Aug/2014:17:55:12 -0300] "GET /js/jq/jqueryslidemenu.js HTTP/1.1" 304 - "http://sgws11.hospedagemdesites.ws/backend_dev.php/despesa/editFinanciero/id/48547" "Mozilla/5.0 (Windows NT 6.3; WOW64) AppleWebKit/537.36 (KHTML, like Gecko) Chrome/36.0.1985.143 Safari/537.36"
179.153.44.123 - - [29/Aug/2014:17:55:12 -0300] "GET /js/lynxCms.js HTTP/1.1" 304 - "http://sgws11.hospedagemdesites.ws/backend_dev.php/despesa/editFinanciero/id/48547" "Mozilla/5.0 (Windows NT 6.3; WOW64) AppleWebKit/537.36 (KHTML, like Gecko) Chrome/36.0.1985.143 Safari/537.36"
179.153.44.123 - - [29/Aug/2014:17:55:12 -0300] "GET /js/extjs/adapter/ext/ext-base.js HTTP/1.1" 304 - "http://sgws11.hospedagemdesites.ws/backend_dev.php/despesa/editFinanciero/id/48547" "Mozilla/5.0 (Windows NT 6.3; WOW64) AppleWebKit/537.36 (KHTML, like Gecko) Chrome/36.0.1985.143 Safari/537.36"
179.153.44.123 - - [29/Aug/2014:17:55:12 -0300] "GET /js/extjs/ext-all.js HTTP/1.1" 304 - "http://sgws11.hospedagemdesites.ws/backend_dev.php/despesa/editFinanciero/id/48547" "Mozilla/5.0 (Windows NT 6.3; WOW64) AppleWebKit/537.36 (KHTML, like Gecko) Chrome/36.0.1985.143 Safari/537.36"
179.153.44.123 - - [29/Aug/2014:17:55:12 -0300] "GET /js/jq/jquery-ui-1.8.1.custom.min.js HTTP/1.1" 304 - "http://sgws11.hospedagemdesites.ws/backend_dev.php/despesa/editFinanciero/id/48547" "Mozilla/5.0 (Windows NT 6.3; WOW64) AppleWebKit/537.36 (KHTML, like Gecko) Chrome/36.0.1985.143 Safari/537.36"
179.153.44.123 - - [29/Aug/2014:17:55:12 -0300] "GET /js/jq/jquery.ui.widget.js HTTP/1.1" 304 - "http://sgws11.hospedagemdesites.ws/backend_dev.php/despesa/editFinanciero/id/48547" "Mozilla/5.0 (Windows NT 6.3; WOW64) AppleWebKit/537.36 (KHTML, like Gecko) Chrome/36.0.1985.143 Safari/537.36"
179.153.44.123 - - [29/Aug/2014:17:55:12 -0300] "GET /js/jq/jquery.ui.mouse.js HTTP/1.1" 304 - "http://sgws11.hospedagemdesites.ws/backend_dev.php/despesa/editFinanciero/id/48547" "Mozilla/5.0 (Windows NT 6.3; WOW64) AppleWebKit/537.36 (KHTML, like Gecko) Chrome/36.0.1985.143 Safari/537.36"
179.153.44.123 - - [29/Aug/2014:17:55:12 -0300] "GET /js/jq/jquery.ui.sortable.js HTTP/1.1" 304 - "http://sgws11.hospedagemdesites.ws/backend_dev.php/despesa/editFinanciero/id/48547" "Mozilla/5.0 (Windows NT 6.3; WOW64) AppleWebKit/537.36 (KHTML, like Gecko) Chrome/36.0.1985.143 Safari/537.36"
179.153.44.123 - - [29/Aug/2014:17:55:12 -0300] "GET /js/jq/jquery.validationEngine.js HTTP/1.1" 304 - "http://sgws11.hospedagemdesites.ws/backend_dev.php/despesa/editFinanciero/id/48547" "Mozilla/5.0 (Windows NT 6.3; WOW64) AppleWebKit/537.36 (KHTML, like Gecko) Chrome/36.0.1985.143 Safari/537.36"
179.153.44.123 - - [29/Aug/2014:17:55:12 -0300] "GET /js/jq/jquery.price_format.1.8.js HTTP/1.1" 304 - "http://sgws11.hospedagemdesites.ws/backend_dev.php/despesa/editFinanciero/id/48547" "Mozilla/5.0 (Windows NT 6.3; WOW64) AppleWebKit/537.36 (KHTML, like Gecko) Chrome/36.0.1985.143 Safari/537.36"
179.153.44.123 - - [29/Aug/2014:17:55:12 -0300] "GET /js/jq/jquery.validationEngine-en_US.js HTTP/1.1" 304 - "http://sgws11.hospedagemdesites.ws/backend_dev.php/despesa/editFinanciero/id/48547" "Mozilla/5.0 (Windows NT 6.3; WOW64) AppleWebKit/537.36 (KHTML, like Gecko) Chrome/36.0.1985.143 Safari/537.36"
179.153.44.123 - - [29/Aug/2014:17:55:12 -0300] "GET /js/jq/jquery-ui-1.8.16.custom/development-bundle/ui/i18n/jquery.ui.datepicker-br.js HTTP/1.1" 304 - "http://sgws11.hospedagemdesites.ws/backend_dev.php/despesa/editFinanciero/id/48547" "Mozilla/5.0 (Windows NT 6.3; WOW64) AppleWebKit/537.36 (KHTML, like Gecko) Chrome/36.0.1985.143 Safari/537.36"
179.153.44.123 - - [29/Aug/2014:17:55:12 -0300] "GET /images/icons/seguranca.png HTTP/1.1" 200 1380 "http://sgws11.hospedagemdesites.ws/backend_dev.php/despesa/editFinanciero/id/48547" "Mozilla/5.0 (Windows NT 6.3; WOW64) AppleWebKit/537.36 (KHTML, like Gecko) Chrome/36.0.1985.143 Safari/537.36"
179.153.44.123 - - [29/Aug/2014:17:55:53 -0300] "GET /js/fancybox/jquery.fancybox.js HTTP/1.1" 304 - "http://sgws11.hospedagemdesites.ws/backend_dev.php/despesa/index" "Mozilla/5.0 (Windows NT 6.3; WOW64) AppleWebKit/537.36 (KHTML, like Gecko) Chrome/36.0.1985.143 Safari/537.36"
179.153.44.123 - - [29/Aug/2014:17:56:01 -0300] "GET /backend_dev.php/despesa/editFinanciero/id/48547 HTTP/1.1" 200 142873 "http://sgws11.hospedagemdesites.ws/backend_dev.php/despesa/index" "Mozilla/5.0 (Windows NT 6.3; WOW64) AppleWebKit/537.36 (KHTML, like Gecko) Chrome/36.0.1985.143 Safari/537.36"
190.200.155.201 - - [29/Aug/2014:17:56:09 -0300] "GET /backend_dev.php/despesa/faturamento HTTP/1.1" 200 2871431 "http://sgws11.hospedagemdesites.ws/backend_dev.php/despesa/index" "Mozilla/5.0 (X11; Linux x86_64) AppleWebKit/537.36 (KHTML, like Gecko) Chrome/36.0.1985.125 Safari/537.36"
190.200.155.201 - - [29/Aug/2014:17:56:18 -0300] "GET /uploads/users/med_4_logoecusbrface.jpg HTTP/1.1" 404 1372 "http://sgws11.hospedagemdesites.ws/backend_dev.php/despesa/faturamento" "Mozilla/5.0 (X11; Linux x86_64) AppleWebKit/537.36 (KHTML, like Gecko) Chrome/36.0.1985.125 Safari/537.36"
190.200.155.201 - - [29/Aug/2014:17:56:18 -0300] "GET /images/icons/icon_projeto.png HTTP/1.1" 200 50968 "http://sgws11.hospedagemdesites.ws/backend_dev.php/despesa/faturamento" "Mozilla/5.0 (X11; Linux x86_64) AppleWebKit/537.36 (KHTML, like Gecko) Chrome/36.0.1985.125 Safari/537.36"
190.200.155.201 - - [29/Aug/2014:17:56:18 -0300] "GET /images/magnifier.png HTTP/1.1" 200 716 "http://sgws11.hospedagemdesites.ws/backend_dev.php/despesa/faturamento" "Mozilla/5.0 (X11; Linux x86_64) AppleWebKit/537.36 (KHTML, like Gecko) Chrome/36.0.1985.125 Safari/537.36"
190.200.155.201 - - [29/Aug/2014:17:56:18 -0300] "GET /images/bck_button.png HTTP/1.1" 200 147 "http://sgws11.hospedagemdesites.ws/backend_dev.php/despesa/faturamento" "Mozilla/5.0 (X11; Linux x86_64) AppleWebKit/537.36 (KHTML, like Gecko) Chrome/36.0.1985.125 Safari/537.36"
190.200.155.201 - - [29/Aug/2014:17:56:20 -0300] "GET /sf/sf_web_debug/images/sf.png HTTP/1.1" 404 1372 "http://sgws11.hospedagemdesites.ws/backend_dev.php/despesa/faturamento" "Mozilla/5.0 (X11; Linux x86_64) AppleWebKit/537.36 (KHTML, like Gecko) Chrome/36.0.1985.125 Safari/537.36"
190.200.155.201 - - [29/Aug/2014:17:56:20 -0300] "GET /sf/sf_web_debug/images/config.png HTTP/1.1" 404 1372 "http://sgws11.hospedagemdesites.ws/backend_dev.php/despesa/faturamento" "Mozilla/5.0 (X11; Linux x86_64) AppleWebKit/537.36 (KHTML, like Gecko) Chrome/36.0.1985.125 Safari/537.36"
190.200.155.201 - - [29/Aug/2014:17:56:20 -0300] "GET /sf/sf_web_debug/images/view.png HTTP/1.1" 404 1372 "http://sgws11.hospedagemdesites.ws/backend_dev.php/despesa/faturamento" "Mozilla/5.0 (X11; Linux x86_64) AppleWebKit/537.36 (KHTML, like Gecko) Chrome/36.0.1985.125 Safari/537.36"
190.200.155.201 - - [29/Aug/2014:17:56:20 -0300] "GET /sf/sf_web_debug/images/log.png HTTP/1.1" 404 1372 "http://sgws11.hospedagemdesites.ws/backend_dev.php/despesa/faturamento" "Mozilla/5.0 (X11; Linux x86_64) AppleWebKit/537.36 (KHTML, like Gecko) Chrome/36.0.1985.125 Safari/537.36"
190.200.155.201 - - [29/Aug/2014:17:56:21 -0300] "GET /sf/sf_web_debug/images/memory.png HTTP/1.1" 404 1372 "http://sgws11.hospedagemdesites.ws/backend_dev.php/despesa/faturamento" "Mozilla/5.0 (X11; Linux x86_64) AppleWebKit/537.36 (KHTML, like Gecko) Chrome/36.0.1985.125 Safari/537.36"
190.200.155.201 - - [29/Aug/2014:17:56:22 -0300] "GET /backend_dev.php/despesa/editFinanciero/id/12065 HTTP/1.1" 200 143369 "http://sgws11.hospedagemdesites.ws/backend_dev.php/despesa/faturamento" "Mozilla/5.0 (X11; Linux x86_64) AppleWebKit/537.36 (KHTML, like Gecko) Chrome/36.0.1985.125 Safari/537.36"
190.200.155.201 - - [29/Aug/2014:17:56:25 -0300] "GET /sf/sf_web_debug/images/database.png HTTP/1.1" 404 1396 "http://sgws11.hospedagemdesites.ws/backend_dev.php/despesa/editFinanciero/id/12065" "Mozilla/5.0 (X11; Linux x86_64) AppleWebKit/537.36 (KHTML, like Gecko) Chrome/36.0.1985.125 Safari/537.36"
190.200.155.201 - - [29/Aug/2014:17:56:25 -0300] "POST /backend_dev.php/ajax/getClientes HTTP/1.1" 200 131 "http://sgws11.hospedagemdesites.ws/backend_dev.php/despesa/editFinanciero/id/12065" "Mozilla/5.0 (X11; Linux x86_64) AppleWebKit/537.36 (KHTML, like Gecko) Chrome/36.0.1985.125 Safari/537.36"
190.200.155.201 - - [29/Aug/2014:17:56:25 -0300] "POST /backend_dev.php/ajax/getFuncionarios HTTP/1.1" 200 3375 "http://sgws11.hospedagemdesites.ws/backend_dev.php/despesa/editFinanciero/id/12065" "Mozilla/5.0 (X11; Linux x86_64) AppleWebKit/537.36 (KHTML, like Gecko) Chrome/36.0.1985.125 Safari/537.36"
190.200.155.201 - - [29/Aug/2014:17:56:25 -0300] "GET /sf/sf_web_debug/images/toggle.gif HTTP/1.1" 404 1396 "http://sgws11.hospedagemdesites.ws/backend_dev.php/despesa/editFinanciero/id/12065" "Mozilla/5.0 (X11; Linux x86_64) AppleWebKit/537.36 (KHTML, like Gecko) Chrome/36.0.1985.125 Safari/537.36"
190.200.155.201 - - [29/Aug/2014:17:56:26 -0300] "GET /sf/sf_web_debug/images/info.png HTTP/1.1" 404 1396 "http://sgws11.hospedagemdesites.ws/backend_dev.php/despesa/editFinanciero/id/12065" "Mozilla/5.0 (X11; Linux x86_64) AppleWebKit/537.36 (KHTML, like Gecko) Chrome/36.0.1985.125 Safari/537.36"
190.200.155.201 - - [29/Aug/2014:17:56:26 -0300] "GET /sf/sf_web_debug/images/warning.png HTTP/1.1" 404 1396 "http://sgws11.hospedagemdesites.ws/backend_dev.php/despesa/editFinanciero/id/12065" "Mozilla/5.0 (X11; Linux x86_64) AppleWebKit/537.36 (KHTML, like Gecko) Chrome/36.0.1985.125 Safari/537.36"
190.200.155.201 - - [29/Aug/2014:17:56:26 -0300] "GET /sf/sf_web_debug/images/error.png HTTP/1.1" 404 1396 "http://sgws11.hospedagemdesites.ws/backend_dev.php/despesa/editFinanciero/id/12065" "Mozilla/5.0 (X11; Linux x86_64) AppleWebKit/537.36 (KHTML, like Gecko) Chrome/36.0.1985.125 Safari/537.36"
190.200.155.201 - - [29/Aug/2014:17:56:26 -0300] "GET /sf/sf_web_debug/images/close.png HTTP/1.1" 404 1396 "http://sgws11.hospedagemdesites.ws/backend_dev.php/despesa/editFinanciero/id/12065" "Mozilla/5.0 (X11; Linux x86_64) AppleWebKit/537.36 (KHTML, like Gecko) Chrome/36.0.1985.125 Safari/537.36"
190.200.155.201 - - [29/Aug/2014:17:56:27 -0300] "GET /sf/sf_web_debug/images/time.png HTTP/1.1" 404 1396 "http://sgws11.hospedagemdesites.ws/backend_dev.php/despesa/editFinanciero/id/12065" "Mozilla/5.0 (X11; Linux x86_64) AppleWebKit/537.36 (KHTML, like Gecko) Chrome/36.0.1985.125 Safari/537.36"
190.200.155.201 - - [29/Aug/2014:17:56:44 -0300] "GET /backend_dev.php/despesa/faturamento HTTP/1.1" 200 2871416 "http://sgws11.hospedagemdesites.ws/backend_dev.php/despesa/editFinanciero/id/12065" "Mozilla/5.0 (X11; Linux x86_64) AppleWebKit/537.36 (KHTML, like Gecko) Chrome/36.0.1985.125 Safari/537.36"
190.200.155.201 - - [29/Aug/2014:17:56:51 -0300] "GET /css/main.css HTTP/1.1" 304 - "http://sgws11.hospedagemdesites.ws/backend_dev.php/despesa/faturamento" "Mozilla/5.0 (X11; Linux x86_64) AppleWebKit/537.36 (KHTML, like Gecko) Chrome/36.0.1985.125 Safari/537.36"
190.200.155.201 - - [29/Aug/2014:17:56:51 -0300] "GET /css/jq/jqueryslidemenu.css HTTP/1.1" 304 - "http://sgws11.hospedagemdesites.ws/backend_dev.php/despesa/faturamento" "Mozilla/5.0 (X11; Linux x86_64) AppleWebKit/537.36 (KHTML, like Gecko) Chrome/36.0.1985.125 Safari/537.36"
190.200.155.201 - - [29/Aug/2014:17:56:51 -0300] "GET /css/validationEngineBackend.jquery.css HTTP/1.1" 304 - "http://sgws11.hospedagemdesites.ws/backend_dev.php/despesa/faturamento" "Mozilla/5.0 (X11; Linux x86_64) AppleWebKit/537.36 (KHTML, like Gecko) Chrome/36.0.1985.125 Safari/537.36"
190.200.155.201 - - [29/Aug/2014:17:56:51 -0300] "GET /js/extjs/resources/css/ext-all.css HTTP/1.1" 304 - "http://sgws11.hospedagemdesites.ws/backend_dev.php/despesa/faturamento" "Mozilla/5.0 (X11; Linux x86_64) AppleWebKit/537.36 (KHTML, like Gecko) Chrome/36.0.1985.125 Safari/537.36"
190.200.155.201 - - [29/Aug/2014:17:56:51 -0300] "GET /css/cupertino/jquery-ui-1.8.1.custom.css HTTP/1.1" 304 - "http://sgws11.hospedagemdesites.ws/backend_dev.php/despesa/faturamento" "Mozilla/5.0 (X11; Linux x86_64) AppleWebKit/537.36 (KHTML, like Gecko) Chrome/36.0.1985.125 Safari/537.36"
190.200.155.201 - - [29/Aug/2014:17:56:51 -0300] "GET /js/fancybox/jquery.fancybox.css HTTP/1.1" 304 - "http://sgws11.hospedagemdesites.ws/backend_dev.php/despesa/faturamento" "Mozilla/5.0 (X11; Linux x86_64) AppleWebKit/537.36 (KHTML, like Gecko) Chrome/36.0.1985.125 Safari/537.36"
190.200.155.201 - - [29/Aug/2014:17:57:01 -0300] "GET /backend_dev.php/despesa/editFinanciero/id/12068 HTTP/1.1" 200 143407 "http://sgws11.hospedagemdesites.ws/backend_dev.php/despesa/faturamento" "Mozilla/5.0 (X11; Linux x86_64) AppleWebKit/537.36 (KHTML, like Gecko) Chrome/36.0.1985.125 Safari/537.36"
179.153.44.123 - - [29/Aug/2014:17:56:58 -0300] "GET /backend_dev.php/despesa/faturamento HTTP/1.1" 200 2871371 "http://sgws11.hospedagemdesites.ws/backend_dev.php/despesa/index" "Mozilla/5.0 (Windows NT 6.3; WOW64) AppleWebKit/537.36 (KHTML, like Gecko) Chrome/36.0.1985.143 Safari/537.36"
190.200.155.201 - - [29/Aug/2014:17:57:05 -0300] "GET /images/bck_top.png HTTP/1.1" 200 181 "http://sgws11.hospedagemdesites.ws/backend_dev.php/despesa/editFinanciero/id/12068" "Mozilla/5.0 (X11; Linux x86_64) AppleWebKit/537.36 (KHTML, like Gecko) Chrome/36.0.1985.125 Safari/537.36"
179.153.44.123 - - [29/Aug/2014:17:57:03 -0300] "GET /backend_dev.php/despesa/editFinanciero/id/48547 HTTP/1.1" 200 142871 "http://sgws11.hospedagemdesites.ws/backend_dev.php/despesa/index" "Mozilla/5.0 (Windows NT 6.3; WOW64) AppleWebKit/537.36 (KHTML, like Gecko) Chrome/36.0.1985.143 Safari/537.36"
190.200.155.201 - - [29/Aug/2014:17:57:05 -0300] "GET /images/bck_menu_top.png HTTP/1.1" 200 125 "http://sgws11.hospedagemdesites.ws/backend_dev.php/despesa/editFinanciero/id/12068" "Mozilla/5.0 (X11; Linux x86_64) AppleWebKit/537.36 (KHTML, like Gecko) Chrome/36.0.1985.125 Safari/537.36"
190.200.155.201 - - [29/Aug/2014:17:57:06 -0300] "GET /images/bck_footer.png HTTP/1.1" 200 178 "http://sgws11.hospedagemdesites.ws/backend_dev.php/despesa/editFinanciero/id/12068" "Mozilla/5.0 (X11; Linux x86_64) AppleWebKit/537.36 (KHTML, like Gecko) Chrome/36.0.1985.125 Safari/537.36"
190.200.155.201 - - [29/Aug/2014:17:57:06 -0300] "GET /css/cupertino/images/ui-bg_highlight-hard_100_f2f5f7_1x100.png HTTP/1.1" 200 103 "http://sgws11.hospedagemdesites.ws/backend_dev.php/despesa/editFinanciero/id/12068" "Mozilla/5.0 (X11; Linux x86_64) AppleWebKit/537.36 (KHTML, like Gecko) Chrome/36.0.1985.125 Safari/537.36"
190.200.155.201 - - [29/Aug/2014:17:57:06 -0300] "POST /backend_dev.php/ajax/getClientes HTTP/1.1" 200 131 "http://sgws11.hospedagemdesites.ws/backend_dev.php/despesa/editFinanciero/id/12068" "Mozilla/5.0 (X11; Linux x86_64) AppleWebKit/537.36 (KHTML, like Gecko) Chrome/36.0.1985.125 Safari/537.36"
190.200.155.201 - - [29/Aug/2014:17:57:06 -0300] "POST /backend_dev.php/ajax/getFuncionarios HTTP/1.1" 200 3375 "http://sgws11.hospedagemdesites.ws/backend_dev.php/despesa/editFinanciero/id/12068" "Mozilla/5.0 (X11; Linux x86_64) AppleWebKit/537.36 (KHTML, like Gecko) Chrome/36.0.1985.125 Safari/537.36"
190.200.155.201 - - [29/Aug/2014:17:58:48 -0300] "GET /backend_dev.php/despesa/index HTTP/1.1" 200 103926 "http://sgws11.hospedagemdesites.ws/backend_dev.php/despesa/faturamento" "Mozilla/5.0 (X11; Linux x86_64) AppleWebKit/537.36 (KHTML, like Gecko) Chrome/36.0.1985.125 Safari/537.36"
190.200.155.201 - - [29/Aug/2014:17:58:50 -0300] "GET /images/logo_cte.png HTTP/1.1" 304 - "http://sgws11.hospedagemdesites.ws/backend_dev.php/despesa/index" "Mozilla/5.0 (X11; Linux x86_64) AppleWebKit/537.36 (KHTML, like Gecko) Chrome/36.0.1985.125 Safari/537.36"
190.200.155.201 - - [29/Aug/2014:17:58:50 -0300] "GET /images/icons/print.png HTTP/1.1" 304 - "http://sgws11.hospedagemdesites.ws/backend_dev.php/despesa/index" "Mozilla/5.0 (X11; Linux x86_64) AppleWebKit/537.36 (KHTML, like Gecko) Chrome/36.0.1985.125 Safari/537.36"
190.200.155.201 - - [29/Aug/2014:17:58:52 -0300] "GET /backend_dev.php/despesa/faturamento HTTP/1.1" 200 2871379 "http://sgws11.hospedagemdesites.ws/backend_dev.php/despesa/index" "Mozilla/5.0 (X11; Linux x86_64) AppleWebKit/537.36 (KHTML, like Gecko) Chrome/36.0.1985.125 Safari/537.36"
179.153.44.123 - - [29/Aug/2014:17:58:59 -0300] "GET /backend_dev.php/despesa/faturamento HTTP/1.1" 200 2871346 "http://sgws11.hospedagemdesites.ws/backend_dev.php/despesa/index" "Mozilla/5.0 (Windows NT 6.3; WOW64) AppleWebKit/537.36 (KHTML, like Gecko) Chrome/36.0.1985.143 Safari/537.36"
179.153.44.123 - - [29/Aug/2014:17:59:07 -0300] "GET /uploads/users/med_4_logoecusbrface.jpg HTTP/1.1" 404 1380 "http://sgws11.hospedagemdesites.ws/backend_dev.php/despesa/faturamento" "Mozilla/5.0 (Windows NT 6.3; WOW64) AppleWebKit/537.36 (KHTML, like Gecko) Chrome/36.0.1985.143 Safari/537.36"
179.153.44.123 - - [29/Aug/2014:17:59:07 -0300] "GET /sf/sf_web_debug/images/config.png HTTP/1.1" 404 1380 "http://sgws11.hospedagemdesites.ws/backend_dev.php/despesa/faturamento" "Mozilla/5.0 (Windows NT 6.3; WOW64) AppleWebKit/537.36 (KHTML, like Gecko) Chrome/36.0.1985.143 Safari/537.36"
179.153.44.123 - - [29/Aug/2014:17:59:07 -0300] "GET /sf/sf_web_debug/images/sf.png HTTP/1.1" 404 1380 "http://sgws11.hospedagemdesites.ws/backend_dev.php/despesa/faturamento" "Mozilla/5.0 (Windows NT 6.3; WOW64) AppleWebKit/537.36 (KHTML, like Gecko) Chrome/36.0.1985.143 Safari/537.36"
179.153.44.123 - - [29/Aug/2014:17:59:07 -0300] "GET /sf/sf_web_debug/images/log.png HTTP/1.1" 404 1380 "http://sgws11.hospedagemdesites.ws/backend_dev.php/despesa/faturamento" "Mozilla/5.0 (Windows NT 6.3; WOW64) AppleWebKit/537.36 (KHTML, like Gecko) Chrome/36.0.1985.143 Safari/537.36"
179.153.44.123 - - [29/Aug/2014:17:59:07 -0300] "GET /sf/sf_web_debug/images/view.png HTTP/1.1" 404 1380 "http://sgws11.hospedagemdesites.ws/backend_dev.php/despesa/faturamento" "Mozilla/5.0 (Windows NT 6.3; WOW64) AppleWebKit/537.36 (KHTML, like Gecko) Chrome/36.0.1985.143 Safari/537.36"
179.153.44.123 - - [29/Aug/2014:17:59:07 -0300] "GET /sf/sf_web_debug/images/memory.png HTTP/1.1" 404 1380 "http://sgws11.hospedagemdesites.ws/backend_dev.php/despesa/faturamento" "Mozilla/5.0 (Windows NT 6.3; WOW64) AppleWebKit/537.36 (KHTML, like Gecko) Chrome/36.0.1985.143 Safari/537.36"
179.153.44.123 - - [29/Aug/2014:17:59:07 -0300] "GET /sf/sf_web_debug/images/time.png HTTP/1.1" 404 1380 "http://sgws11.hospedagemdesites.ws/backend_dev.php/despesa/faturamento" "Mozilla/5.0 (Windows NT 6.3; WOW64) AppleWebKit/537.36 (KHTML, like Gecko) Chrome/36.0.1985.143 Safari/537.36"
179.153.44.123 - - [29/Aug/2014:17:59:07 -0300] "GET /sf/sf_web_debug/images/close.png HTTP/1.1" 404 1380 "http://sgws11.hospedagemdesites.ws/backend_dev.php/despesa/faturamento" "Mozilla/5.0 (Windows NT 6.3; WOW64) AppleWebKit/537.36 (KHTML, like Gecko) Chrome/36.0.1985.143 Safari/537.36"
179.153.44.123 - - [29/Aug/2014:17:59:07 -0300] "GET /sf/sf_web_debug/images/database.png HTTP/1.1" 404 1380 "http://sgws11.hospedagemdesites.ws/backend_dev.php/despesa/faturamento" "Mozilla/5.0 (Windows NT 6.3; WOW64) AppleWebKit/537.36 (KHTML, like Gecko) Chrome/36.0.1985.143 Safari/537.36"
179.153.44.123 - - [29/Aug/2014:17:59:07 -0300] "GET /sf/sf_web_debug/images/toggle.gif HTTP/1.1" 404 1380 "http://sgws11.hospedagemdesites.ws/backend_dev.php/despesa/faturamento" "Mozilla/5.0 (Windows NT 6.3; WOW64) AppleWebKit/537.36 (KHTML, like Gecko) Chrome/36.0.1985.143 Safari/537.36"
179.153.44.123 - - [29/Aug/2014:17:59:07 -0300] "GET /sf/sf_web_debug/images/warning.png HTTP/1.1" 404 1380 "http://sgws11.hospedagemdesites.ws/backend_dev.php/despesa/faturamento" "Mozilla/5.0 (Windows NT 6.3; WOW64) AppleWebKit/537.36 (KHTML, like Gecko) Chrome/36.0.1985.143 Safari/537.36"
179.153.44.123 - - [29/Aug/2014:17:59:07 -0300] "GET /sf/sf_web_debug/images/info.png HTTP/1.1" 404 1380 "http://sgws11.hospedagemdesites.ws/backend_dev.php/despesa/faturamento" "Mozilla/5.0 (Windows NT 6.3; WOW64) AppleWebKit/537.36 (KHTML, like Gecko) Chrome/36.0.1985.143 Safari/537.36"
179.153.44.123 - - [29/Aug/2014:17:59:07 -0300] "GET /sf/sf_web_debug/images/error.png HTTP/1.1" 404 1380 "http://sgws11.hospedagemdesites.ws/backend_dev.php/despesa/faturamento" "Mozilla/5.0 (Windows NT 6.3; WOW64) AppleWebKit/537.36 (KHTML, like Gecko) Chrome/36.0.1985.143 Safari/537.36"
179.153.44.123 - - [29/Aug/2014:17:59:35 -0300] "POST /backend_dev.php/despesa/faturamento HTTP/1.1" 200 1848433 "http://sgws11.hospedagemdesites.ws/backend_dev.php/despesa/faturamento" "Mozilla/5.0 (Windows NT 6.3; WOW64) AppleWebKit/537.36 (KHTML, like Gecko) Chrome/36.0.1985.143 Safari/537.36"
190.200.155.201 - - [29/Aug/2014:17:59:59 -0300] "GET /backend_dev.php/despesa/editFinanciero/id/12065 HTTP/1.1" 200 143370 "http://sgws11.hospedagemdesites.ws/backend_dev.php/despesa/faturamento" "Mozilla/5.0 (X11; Linux x86_64) AppleWebKit/537.36 (KHTML, like Gecko) Chrome/36.0.1985.125 Safari/537.36"
190.200.155.201 - - [29/Aug/2014:18:00:01 -0300] "GET /css/main.css HTTP/1.1" 304 - "http://sgws11.hospedagemdesites.ws/backend_dev.php/despesa/editFinanciero/id/12065" "Mozilla/5.0 (X11; Linux x86_64) AppleWebKit/537.36 (KHTML, like Gecko) Chrome/36.0.1985.125 Safari/537.36"
190.200.155.201 - - [29/Aug/2014:18:00:01 -0300] "GET /css/jq/jqueryslidemenu.css HTTP/1.1" 304 - "http://sgws11.hospedagemdesites.ws/backend_dev.php/despesa/editFinanciero/id/12065" "Mozilla/5.0 (X11; Linux x86_64) AppleWebKit/537.36 (KHTML, like Gecko) Chrome/36.0.1985.125 Safari/537.36"
190.200.155.201 - - [29/Aug/2014:18:00:01 -0300] "GET /js/extjs/resources/css/ext-all.css HTTP/1.1" 304 - "http://sgws11.hospedagemdesites.ws/backend_dev.php/despesa/editFinanciero/id/12065" "Mozilla/5.0 (X11; Linux x86_64) AppleWebKit/537.36 (KHTML, like Gecko) Chrome/36.0.1985.125 Safari/537.36"
190.200.155.201 - - [29/Aug/2014:18:00:01 -0300] "GET /css/validationEngineBackend.jquery.css HTTP/1.1" 304 - "http://sgws11.hospedagemdesites.ws/backend_dev.php/despesa/editFinanciero/id/12065" "Mozilla/5.0 (X11; Linux x86_64) AppleWebKit/537.36 (KHTML, like Gecko) Chrome/36.0.1985.125 Safari/537.36"
190.200.155.201 - - [29/Aug/2014:18:00:01 -0300] "GET /css/cupertino/jquery-ui-1.8.1.custom.css HTTP/1.1" 304 - "http://sgws11.hospedagemdesites.ws/backend_dev.php/despesa/editFinanciero/id/12065" "Mozilla/5.0 (X11; Linux x86_64) AppleWebKit/537.36 (KHTML, like Gecko) Chrome/36.0.1985.125 Safari/537.36"
179.153.44.123 - - [29/Aug/2014:18:00:02 -0300] "GET /backend_dev.php/despesa/editFinanciero/id/12068 HTTP/1.1" 200 143347 "http://sgws11.hospedagemdesites.ws/backend_dev.php/despesa/faturamento" "Mozilla/5.0 (Windows NT 6.3; WOW64) AppleWebKit/537.36 (KHTML, like Gecko) Chrome/36.0.1985.143 Safari/537.36"
179.153.44.123 - - [29/Aug/2014:18:00:03 -0300] "POST /backend_dev.php/ajax/getFuncionarios HTTP/1.1" 200 3375 "http://sgws11.hospedagemdesites.ws/backend_dev.php/despesa/editFinanciero/id/12068" "Mozilla/5.0 (Windows NT 6.3; WOW64) AppleWebKit/537.36 (KHTML, like Gecko) Chrome/36.0.1985.143 Safari/537.36"
190.200.155.201 - - [29/Aug/2014:18:00:04 -0300] "POST /backend_dev.php/ajax/getClientes HTTP/1.1" 200 131 "http://sgws11.hospedagemdesites.ws/backend_dev.php/despesa/editFinanciero/id/12065" "Mozilla/5.0 (X11; Linux x86_64) AppleWebKit/537.36 (KHTML, like Gecko) Chrome/36.0.1985.125 Safari/537.36"
179.153.44.123 - - [29/Aug/2014:18:00:03 -0300] "POST /backend_dev.php/ajax/getClientes HTTP/1.1" 200 131 "http://sgws11.hospedagemdesites.ws/backend_dev.php/despesa/editFinanciero/id/12068" "Mozilla/5.0 (Windows NT 6.3; WOW64) AppleWebKit/537.36 (KHTML, like Gecko) Chrome/36.0.1985.143 Safari/537.36"
190.200.155.201 - - [29/Aug/2014:18:00:04 -0300] "POST /backend_dev.php/ajax/getFuncionarios HTTP/1.1" 200 3375 "http://sgws11.hospedagemdesites.ws/backend_dev.php/despesa/editFinanciero/id/12065" "Mozilla/5.0 (X11; Linux x86_64) AppleWebKit/537.36 (KHTML, like Gecko) Chrome/36.0.1985.125 Safari/537.36"
179.153.44.123 - - [29/Aug/2014:18:00:43 -0300] "GET /js/fancybox/jquery.fancybox.css HTTP/1.1" 304 - "http://sgws11.hospedagemdesites.ws/backend_dev.php/despesa/faturamento" "Mozilla/5.0 (Windows NT 6.3; WOW64) AppleWebKit/537.36 (KHTML, like Gecko) Chrome/36.0.1985.143 Safari/537.36"
179.153.44.123 - - [29/Aug/2014:18:00:43 -0300] "GET /images/icons/informacoe.png HTTP/1.1" 304 - "http://sgws11.hospedagemdesites.ws/backend_dev.php/despesa/faturamento" "Mozilla/5.0 (Windows NT 6.3; WOW64) AppleWebKit/537.36 (KHTML, like Gecko) Chrome/36.0.1985.143 Safari/537.36"
179.153.44.123 - - [29/Aug/2014:18:00:52 -0300] "GET /images/bck_button_over.png HTTP/1.1" 304 - "http://sgws11.hospedagemdesites.ws/backend_dev.php/despesa/faturamento" "Mozilla/5.0 (Windows NT 6.3; WOW64) AppleWebKit/537.36 (KHTML, like Gecko) Chrome/36.0.1985.143 Safari/537.36"
179.153.44.123 - - [29/Aug/2014:18:00:53 -0300] "POST /backend_dev.php/despesa/faturamento HTTP/1.1" 200 1105220 "http://sgws11.hospedagemdesites.ws/backend_dev.php/despesa/faturamento" "Mozilla/5.0 (Windows NT 6.3; WOW64) AppleWebKit/537.36 (KHTML, like Gecko) Chrome/36.0.1985.143 Safari/537.36"
190.200.155.201 - - [29/Aug/2014:18:01:01 -0300] "POST /backend_dev.php/despesa/faturamento HTTP/1.1" 200 1105230 "http://sgws11.hospedagemdesites.ws/backend_dev.php/despesa/faturamento" "Mozilla/5.0 (X11; Linux x86_64) AppleWebKit/537.36 (KHTML, like Gecko) Chrome/36.0.1985.125 Safari/537.36"
190.200.155.201 - - [29/Aug/2014:18:01:07 -0300] "GET /images/icons/plus.png HTTP/1.1" 200 681 "http://sgws11.hospedagemdesites.ws/backend_dev.php/despesa/faturamento" "Mozilla/5.0 (X11; Linux x86_64) AppleWebKit/537.36 (KHTML, like Gecko) Chrome/36.0.1985.125 Safari/537.36"
179.153.44.123 - - [29/Aug/2014:18:01:06 -0300] "POST /backend_dev.php/despesa/faturamento HTTP/1.1" 200 1105169 "http://sgws11.hospedagemdesites.ws/backend_dev.php/despesa/faturamento" "Mozilla/5.0 (Windows NT 6.3; WOW64) AppleWebKit/537.36 (KHTML, like Gecko) Chrome/36.0.1985.143 Safari/537.36"
179.153.44.123 - - [29/Aug/2014:18:01:37 -0300] "GET /backend_dev.php/despesa/index HTTP/1.1" 200 103864 "http://sgws11.hospedagemdesites.ws/backend_dev.php/despesa/faturamento" "Mozilla/5.0 (Windows NT 6.3; WOW64) AppleWebKit/537.36 (KHTML, like Gecko) Chrome/36.0.1985.143 Safari/537.36"
190.200.155.201 - - [29/Aug/2014:18:01:50 -0300] "GET /backend_dev.php/despesa/index HTTP/1.1" 200 103921 "http://sgws11.hospedagemdesites.ws/backend_dev.php/despesa/faturamento" "Mozilla/5.0 (X11; Linux x86_64) AppleWebKit/537.36 (KHTML, like Gecko) Chrome/36.0.1985.125 Safari/537.36"
190.200.155.201 - - [29/Aug/2014:18:01:52 -0300] "GET /uploads/users/med_4_logoecusbrface.jpg HTTP/1.1" 404 1360 "http://sgws11.hospedagemdesites.ws/backend_dev.php/despesa/index" "Mozilla/5.0 (X11; Linux x86_64) AppleWebKit/537.36 (KHTML, like Gecko) Chrome/36.0.1985.125 Safari/537.36"
190.200.155.201 - - [29/Aug/2014:18:01:52 -0300] "GET /sf/sf_web_debug/images/sf.png HTTP/1.1" 404 1360 "http://sgws11.hospedagemdesites.ws/backend_dev.php/despesa/index" "Mozilla/5.0 (X11; Linux x86_64) AppleWebKit/537.36 (KHTML, like Gecko) Chrome/36.0.1985.125 Safari/537.36"
190.200.155.201 - - [29/Aug/2014:18:01:52 -0300] "GET /sf/sf_web_debug/images/config.png HTTP/1.1" 404 1360 "http://sgws11.hospedagemdesites.ws/backend_dev.php/despesa/index" "Mozilla/5.0 (X11; Linux x86_64) AppleWebKit/537.36 (KHTML, like Gecko) Chrome/36.0.1985.125 Safari/537.36"
190.200.155.201 - - [29/Aug/2014:18:01:52 -0300] "GET /sf/sf_web_debug/images/view.png HTTP/1.1" 404 1360 "http://sgws11.hospedagemdesites.ws/backend_dev.php/despesa/index" "Mozilla/5.0 (X11; Linux x86_64) AppleWebKit/537.36 (KHTML, like Gecko) Chrome/36.0.1985.125 Safari/537.36"
190.200.155.201 - - [29/Aug/2014:18:01:52 -0300] "GET /sf/sf_web_debug/images/log.png HTTP/1.1" 404 1360 "http://sgws11.hospedagemdesites.ws/backend_dev.php/despesa/index" "Mozilla/5.0 (X11; Linux x86_64) AppleWebKit/537.36 (KHTML, like Gecko) Chrome/36.0.1985.125 Safari/537.36"
190.200.155.201 - - [29/Aug/2014:18:01:52 -0300] "GET /sf/sf_web_debug/images/memory.png HTTP/1.1" 404 1360 "http://sgws11.hospedagemdesites.ws/backend_dev.php/despesa/index" "Mozilla/5.0 (X11; Linux x86_64) AppleWebKit/537.36 (KHTML, like Gecko) Chrome/36.0.1985.125 Safari/537.36"
190.200.155.201 - - [29/Aug/2014:18:01:52 -0300] "GET /sf/sf_web_debug/images/time.png HTTP/1.1" 404 1360 "http://sgws11.hospedagemdesites.ws/backend_dev.php/despesa/index" "Mozilla/5.0 (X11; Linux x86_64) AppleWebKit/537.36 (KHTML, like Gecko) Chrome/36.0.1985.125 Safari/537.36"
190.200.155.201 - - [29/Aug/2014:18:01:52 -0300] "GET /images/icons/icon_projeto.png HTTP/1.1" 304 - "http://sgws11.hospedagemdesites.ws/backend_dev.php/despesa/index" "Mozilla/5.0 (X11; Linux x86_64) AppleWebKit/537.36 (KHTML, like Gecko) Chrome/36.0.1985.125 Safari/537.36"
190.200.155.201 - - [29/Aug/2014:18:01:53 -0300] "GET /images/magnifier.png HTTP/1.1" 304 - "http://sgws11.hospedagemdesites.ws/backend_dev.php/despesa/index" "Mozilla/5.0 (X11; Linux x86_64) AppleWebKit/537.36 (KHTML, like Gecko) Chrome/36.0.1985.125 Safari/537.36"
190.200.155.201 - - [29/Aug/2014:18:01:53 -0300] "GET /images/bck_button.png HTTP/1.1" 304 - "http://sgws11.hospedagemdesites.ws/backend_dev.php/despesa/index" "Mozilla/5.0 (X11; Linux x86_64) AppleWebKit/537.36 (KHTML, like Gecko) Chrome/36.0.1985.125 Safari/537.36"
190.200.155.201 - - [29/Aug/2014:18:01:53 -0300] "GET /sf/sf_web_debug/images/database.png HTTP/1.1" 404 1360 "http://sgws11.hospedagemdesites.ws/backend_dev.php/despesa/index" "Mozilla/5.0 (X11; Linux x86_64) AppleWebKit/537.36 (KHTML, like Gecko) Chrome/36.0.1985.125 Safari/537.36"
190.200.155.201 - - [29/Aug/2014:18:01:53 -0300] "GET /sf/sf_web_debug/images/close.png HTTP/1.1" 404 1360 "http://sgws11.hospedagemdesites.ws/backend_dev.php/despesa/index" "Mozilla/5.0 (X11; Linux x86_64) AppleWebKit/537.36 (KHTML, like Gecko) Chrome/36.0.1985.125 Safari/537.36"
190.200.155.201 - - [29/Aug/2014:18:01:53 -0300] "GET /sf/sf_web_debug/images/toggle.gif HTTP/1.1" 404 1360 "http://sgws11.hospedagemdesites.ws/backend_dev.php/despesa/index" "Mozilla/5.0 (X11; Linux x86_64) AppleWebKit/537.36 (KHTML, like Gecko) Chrome/36.0.1985.125 Safari/537.36"
190.200.155.201 - - [29/Aug/2014:18:01:53 -0300] "GET /sf/sf_web_debug/images/info.png HTTP/1.1" 404 1360 "http://sgws11.hospedagemdesites.ws/backend_dev.php/despesa/index" "Mozilla/5.0 (X11; Linux x86_64) AppleWebKit/537.36 (KHTML, like Gecko) Chrome/36.0.1985.125 Safari/537.36"
190.200.155.201 - - [29/Aug/2014:18:01:53 -0300] "GET /sf/sf_web_debug/images/warning.png HTTP/1.1" 404 1360 "http://sgws11.hospedagemdesites.ws/backend_dev.php/despesa/index" "Mozilla/5.0 (X11; Linux x86_64) AppleWebKit/537.36 (KHTML, like Gecko) Chrome/36.0.1985.125 Safari/537.36"
190.200.155.201 - - [29/Aug/2014:18:01:53 -0300] "GET /sf/sf_web_debug/images/error.png HTTP/1.1" 404 1360 "http://sgws11.hospedagemdesites.ws/backend_dev.php/despesa/index" "Mozilla/5.0 (X11; Linux x86_64) AppleWebKit/537.36 (KHTML, like Gecko) Chrome/36.0.1985.125 Safari/537.36"
190.200.155.201 - - [29/Aug/2014:18:02:17 -0300] "POST /backend_dev.php/despesa/index HTTP/1.1" 200 134385 "http://sgws11.hospedagemdesites.ws/backend_dev.php/despesa/index" "Mozilla/5.0 (X11; Linux x86_64) AppleWebKit/537.36 (KHTML, like Gecko) Chrome/36.0.1985.125 Safari/537.36"
190.200.155.201 - - [29/Aug/2014:18:02:19 -0300] "GET /images/0.png HTTP/1.1" 304 - "http://sgws11.hospedagemdesites.ws/backend_dev.php/despesa/index" "Mozilla/5.0 (X11; Linux x86_64) AppleWebKit/537.36 (KHTML, like Gecko) Chrome/36.0.1985.125 Safari/537.36"
190.200.155.201 - - [29/Aug/2014:18:02:20 -0300] "GET /images/bck_top.png HTTP/1.1" 304 - "http://sgws11.hospedagemdesites.ws/backend_dev.php/despesa/index" "Mozilla/5.0 (X11; Linux x86_64) AppleWebKit/537.36 (KHTML, like Gecko) Chrome/36.0.1985.125 Safari/537.36"
190.200.155.201 - - [29/Aug/2014:18:02:20 -0300] "GET /images/bck_menu_top.png HTTP/1.1" 304 - "http://sgws11.hospedagemdesites.ws/backend_dev.php/despesa/index" "Mozilla/5.0 (X11; Linux x86_64) AppleWebKit/537.36 (KHTML, like Gecko) Chrome/36.0.1985.125 Safari/537.36"
190.200.155.201 - - [29/Aug/2014:18:02:20 -0300] "GET /images/bck_footer.png HTTP/1.1" 304 - "http://sgws11.hospedagemdesites.ws/backend_dev.php/despesa/index" "Mozilla/5.0 (X11; Linux x86_64) AppleWebKit/537.36 (KHTML, like Gecko) Chrome/36.0.1985.125 Safari/537.36"
179.153.44.123 - - [29/Aug/2014:18:02:34 -0300] "GET /css/cupertino/images/ui-bg_glass_50_3baae3_1x400.png HTTP/1.1" 200 131 "http://sgws11.hospedagemdesites.ws/backend_dev.php/despesa/index" "Mozilla/5.0 (Windows NT 6.3; WOW64) AppleWebKit/537.36 (KHTML, like Gecko) Chrome/36.0.1985.143 Safari/537.36"
179.153.44.123 - - [29/Aug/2014:18:02:34 -0300] "GET /css/cupertino/images/ui-bg_glass_80_d7ebf9_1x400.png HTTP/1.1" 200 124 "http://sgws11.hospedagemdesites.ws/backend_dev.php/despesa/index" "Mozilla/5.0 (Windows NT 6.3; WOW64) AppleWebKit/537.36 (KHTML, like Gecko) Chrome/36.0.1985.143 Safari/537.36"
179.153.44.123 - - [29/Aug/2014:18:02:34 -0300] "GET /css/cupertino/images/ui-bg_highlight-soft_100_deedf7_1x100.png HTTP/1.1" 200 143 "http://sgws11.hospedagemdesites.ws/backend_dev.php/despesa/index" "Mozilla/5.0 (Windows NT 6.3; WOW64) AppleWebKit/537.36 (KHTML, like Gecko) Chrome/36.0.1985.143 Safari/537.36"
179.153.44.123 - - [29/Aug/2014:18:02:34 -0300] "GET /css/cupertino/images/ui-bg_highlight-soft_25_ffef8f_1x100.png HTTP/1.1" 200 153 "http://sgws11.hospedagemdesites.ws/backend_dev.php/despesa/index" "Mozilla/5.0 (Windows NT 6.3; WOW64) AppleWebKit/537.36 (KHTML, like Gecko) Chrome/36.0.1985.143 Safari/537.36"
179.153.44.123 - - [29/Aug/2014:18:02:34 -0300] "GET /css/cupertino/images/ui-icons_72a7cf_256x240.png HTTP/1.1" 200 4369 "http://sgws11.hospedagemdesites.ws/backend_dev.php/despesa/index" "Mozilla/5.0 (Windows NT 6.3; WOW64) AppleWebKit/537.36 (KHTML, like Gecko) Chrome/36.0.1985.143 Safari/537.36"
179.153.44.123 - - [29/Aug/2014:18:02:35 -0300] "GET /css/cupertino/images/ui-bg_glass_100_e4f1fb_1x400.png HTTP/1.1" 200 119 "http://sgws11.hospedagemdesites.ws/backend_dev.php/despesa/index" "Mozilla/5.0 (Windows NT 6.3; WOW64) AppleWebKit/537.36 (KHTML, like Gecko) Chrome/36.0.1985.143 Safari/537.36"
179.153.44.123 - - [29/Aug/2014:18:02:36 -0300] "GET /css/cupertino/images/ui-icons_2694e8_256x240.png HTTP/1.1" 200 4369 "http://sgws11.hospedagemdesites.ws/backend_dev.php/despesa/index" "Mozilla/5.0 (Windows NT 6.3; WOW64) AppleWebKit/537.36 (KHTML, like Gecko) Chrome/36.0.1985.143 Safari/537.36"
190.200.155.201 - - [29/Aug/2014:18:02:41 -0300] "GET /backend_dev.php/despesa/editFinanciero/id/48548 HTTP/1.1" 200 142935 "http://sgws11.hospedagemdesites.ws/backend_dev.php/despesa/index" "Mozilla/5.0 (X11; Linux x86_64) AppleWebKit/537.36 (KHTML, like Gecko) Chrome/36.0.1985.125 Safari/537.36"
190.200.155.201 - - [29/Aug/2014:18:02:43 -0300] "GET /images/icons/seguranca.png HTTP/1.1" 304 - "http://sgws11.hospedagemdesites.ws/backend_dev.php/despesa/editFinanciero/id/48548" "Mozilla/5.0 (X11; Linux x86_64) AppleWebKit/537.36 (KHTML, like Gecko) Chrome/36.0.1985.125 Safari/537.36"
179.153.44.123 - - [29/Aug/2014:18:02:54 -0300] "GET /images/1.png HTTP/1.1" 200 588 "http://sgws11.hospedagemdesites.ws/backend_dev.php/despesa/index" "Mozilla/5.0 (Windows NT 6.3; WOW64) AppleWebKit/537.36 (KHTML, like Gecko) Chrome/36.0.1985.143 Safari/537.36"
179.153.44.123 - - [29/Aug/2014:18:02:41 -0300] "POST /backend_dev.php/despesa/index HTTP/1.1" 200 6424436 "http://sgws11.hospedagemdesites.ws/backend_dev.php/despesa/index" "Mozilla/5.0 (Windows NT 6.3; WOW64) AppleWebKit/537.36 (KHTML, like Gecko) Chrome/36.0.1985.143 Safari/537.36"
190.200.155.201 - - [29/Aug/2014:18:03:28 -0300] "POST /backend_dev.php/despesa/index HTTP/1.1" 200 134383 "http://sgws11.hospedagemdesites.ws/backend_dev.php/despesa/index" "Mozilla/5.0 (X11; Linux x86_64) AppleWebKit/537.36 (KHTML, like Gecko) Chrome/36.0.1985.125 Safari/537.36"
190.200.155.201 - - [29/Aug/2014:18:03:29 -0300] "GET /css/main.css HTTP/1.1" 304 - "http://sgws11.hospedagemdesites.ws/backend_dev.php/despesa/index" "Mozilla/5.0 (X11; Linux x86_64) AppleWebKit/537.36 (KHTML, like Gecko) Chrome/36.0.1985.125 Safari/537.36"
190.200.155.201 - - [29/Aug/2014:18:03:29 -0300] "GET /css/jq/jqueryslidemenu.css HTTP/1.1" 304 - "http://sgws11.hospedagemdesites.ws/backend_dev.php/despesa/index" "Mozilla/5.0 (X11; Linux x86_64) AppleWebKit/537.36 (KHTML, like Gecko) Chrome/36.0.1985.125 Safari/537.36"
190.200.155.201 - - [29/Aug/2014:18:03:29 -0300] "GET /css/validationEngineBackend.jquery.css HTTP/1.1" 304 - "http://sgws11.hospedagemdesites.ws/backend_dev.php/despesa/index" "Mozilla/5.0 (X11; Linux x86_64) AppleWebKit/537.36 (KHTML, like Gecko) Chrome/36.0.1985.125 Safari/537.36"
190.200.155.201 - - [29/Aug/2014:18:03:29 -0300] "GET /js/extjs/resources/css/ext-all.css HTTP/1.1" 304 - "http://sgws11.hospedagemdesites.ws/backend_dev.php/despesa/index" "Mozilla/5.0 (X11; Linux x86_64) AppleWebKit/537.36 (KHTML, like Gecko) Chrome/36.0.1985.125 Safari/537.36"
190.200.155.201 - - [29/Aug/2014:18:03:29 -0300] "GET /css/cupertino/jquery-ui-1.8.1.custom.css HTTP/1.1" 304 - "http://sgws11.hospedagemdesites.ws/backend_dev.php/despesa/index" "Mozilla/5.0 (X11; Linux x86_64) AppleWebKit/537.36 (KHTML, like Gecko) Chrome/36.0.1985.125 Safari/537.36"
179.153.44.123 - - [29/Aug/2014:18:03:33 -0300] "POST /backend_dev.php/despesa/index HTTP/1.1" 200 3649218 "http://sgws11.hospedagemdesites.ws/backend_dev.php/despesa/index" "Mozilla/5.0 (Windows NT 6.3; WOW64) AppleWebKit/537.36 (KHTML, like Gecko) Chrome/36.0.1985.143 Safari/537.36"
179.153.44.123 - - [29/Aug/2014:18:06:48 -0300] "GET /backend_dev.php/despesa/editFinanciero/id/48547 HTTP/1.1" 200 142874 "http://sgws11.hospedagemdesites.ws/backend_dev.php/despesa/index" "Mozilla/5.0 (Windows NT 6.3; WOW64) AppleWebKit/537.36 (KHTML, like Gecko) Chrome/36.0.1985.143 Safari/537.36"
179.153.44.123 - - [29/Aug/2014:18:06:50 -0300] "GET /css/main.css HTTP/1.1" 304 - "http://sgws11.hospedagemdesites.ws/backend_dev.php/despesa/editFinanciero/id/48547" "Mozilla/5.0 (Windows NT 6.3; WOW64) AppleWebKit/537.36 (KHTML, like Gecko) Chrome/36.0.1985.143 Safari/537.36"
179.153.44.123 - - [29/Aug/2014:18:06:50 -0300] "GET /css/jq/jqueryslidemenu.css HTTP/1.1" 304 - "http://sgws11.hospedagemdesites.ws/backend_dev.php/despesa/editFinanciero/id/48547" "Mozilla/5.0 (Windows NT 6.3; WOW64) AppleWebKit/537.36 (KHTML, like Gecko) Chrome/36.0.1985.143 Safari/537.36"
179.153.44.123 - - [29/Aug/2014:18:06:50 -0300] "GET /css/validationEngineBackend.jquery.css HTTP/1.1" 304 - "http://sgws11.hospedagemdesites.ws/backend_dev.php/despesa/editFinanciero/id/48547" "Mozilla/5.0 (Windows NT 6.3; WOW64) AppleWebKit/537.36 (KHTML, like Gecko) Chrome/36.0.1985.143 Safari/537.36"
179.153.44.123 - - [29/Aug/2014:18:06:50 -0300] "GET /css/cupertino/jquery-ui-1.8.1.custom.css HTTP/1.1" 304 - "http://sgws11.hospedagemdesites.ws/backend_dev.php/despesa/editFinanciero/id/48547" "Mozilla/5.0 (Windows NT 6.3; WOW64) AppleWebKit/537.36 (KHTML, like Gecko) Chrome/36.0.1985.143 Safari/537.36"
179.153.44.123 - - [29/Aug/2014:18:06:50 -0300] "GET /js/extjs/resources/css/ext-all.css HTTP/1.1" 304 - "http://sgws11.hospedagemdesites.ws/backend_dev.php/despesa/editFinanciero/id/48547" "Mozilla/5.0 (Windows NT 6.3; WOW64) AppleWebKit/537.36 (KHTML, like Gecko) Chrome/36.0.1985.143 Safari/537.36"
179.153.44.123 - - [29/Aug/2014:18:06:50 -0300] "GET /js/jq/jquery-1.7.1.min.js HTTP/1.1" 304 - "http://sgws11.hospedagemdesites.ws/backend_dev.php/despesa/editFinanciero/id/48547" "Mozilla/5.0 (Windows NT 6.3; WOW64) AppleWebKit/537.36 (KHTML, like Gecko) Chrome/36.0.1985.143 Safari/537.36"
179.153.44.123 - - [29/Aug/2014:18:06:50 -0300] "GET /js/main.js HTTP/1.1" 304 - "http://sgws11.hospedagemdesites.ws/backend_dev.php/despesa/editFinanciero/id/48547" "Mozilla/5.0 (Windows NT 6.3; WOW64) AppleWebKit/537.36 (KHTML, like Gecko) Chrome/36.0.1985.143 Safari/537.36"
179.153.44.123 - - [29/Aug/2014:18:06:50 -0300] "GET /js/jq/jqueryslidemenu.js HTTP/1.1" 304 - "http://sgws11.hospedagemdesites.ws/backend_dev.php/despesa/editFinanciero/id/48547" "Mozilla/5.0 (Windows NT 6.3; WOW64) AppleWebKit/537.36 (KHTML, like Gecko) Chrome/36.0.1985.143 Safari/537.36"
179.153.44.123 - - [29/Aug/2014:18:06:50 -0300] "GET /js/jq/jq.ajaxupload.js HTTP/1.1" 304 - "http://sgws11.hospedagemdesites.ws/backend_dev.php/despesa/editFinanciero/id/48547" "Mozilla/5.0 (Windows NT 6.3; WOW64) AppleWebKit/537.36 (KHTML, like Gecko) Chrome/36.0.1985.143 Safari/537.36"
179.153.44.123 - - [29/Aug/2014:18:06:50 -0300] "GET /js/lynxCms.js HTTP/1.1" 304 - "http://sgws11.hospedagemdesites.ws/backend_dev.php/despesa/editFinanciero/id/48547" "Mozilla/5.0 (Windows NT 6.3; WOW64) AppleWebKit/537.36 (KHTML, like Gecko) Chrome/36.0.1985.143 Safari/537.36"
179.153.44.123 - - [29/Aug/2014:18:06:50 -0300] "GET /js/extjs/adapter/ext/ext-base.js HTTP/1.1" 304 - "http://sgws11.hospedagemdesites.ws/backend_dev.php/despesa/editFinanciero/id/48547" "Mozilla/5.0 (Windows NT 6.3; WOW64) AppleWebKit/537.36 (KHTML, like Gecko) Chrome/36.0.1985.143 Safari/537.36"
179.153.44.123 - - [29/Aug/2014:18:06:50 -0300] "GET /js/extjs/ext-all.js HTTP/1.1" 304 - "http://sgws11.hospedagemdesites.ws/backend_dev.php/despesa/editFinanciero/id/48547" "Mozilla/5.0 (Windows NT 6.3; WOW64) AppleWebKit/537.36 (KHTML, like Gecko) Chrome/36.0.1985.143 Safari/537.36"
